Archive member included because of file (symbol)

.\CortexM0\ARM_GCC_473\Debug\Body_main.a(cyfitter_cfg.o)
                              .\CortexM0\ARM_GCC_473\Debug\Cm0Start.o (cyfitter_cfg)
.\CortexM0\ARM_GCC_473\Debug\Body_main.a(I2C_1.o)
                              .\CortexM0\ARM_GCC_473\Debug\Sensor.o (I2C_1_Start)
.\CortexM0\ARM_GCC_473\Debug\Body_main.a(I2C_1_I2C.o)
                              .\CortexM0\ARM_GCC_473\Debug\Body_main.a(I2C_1.o) (I2C_1_I2CInit)
.\CortexM0\ARM_GCC_473\Debug\Body_main.a(I2C_1_I2C_MASTER.o)
                              .\CortexM0\ARM_GCC_473\Debug\Body_main.a(I2C_1_I2C.o) (I2C_1_mstrStatus)
.\CortexM0\ARM_GCC_473\Debug\Body_main.a(UART_1.o)
                              .\CortexM0\ARM_GCC_473\Debug\BTUART.o (UART_1_Start)
.\CortexM0\ARM_GCC_473\Debug\Body_main.a(UART_1_UART.o)
                              .\CortexM0\ARM_GCC_473\Debug\Body_main.a(UART_1.o) (UART_1_UartInit)
.\CortexM0\ARM_GCC_473\Debug\Body_main.a(I2C_1_sda.o)
                              .\CortexM0\ARM_GCC_473\Debug\Body_main.a(I2C_1_I2C_MASTER.o) (I2C_1_sda_Read)
.\CortexM0\ARM_GCC_473\Debug\Body_main.a(I2C_1_scl.o)
                              .\CortexM0\ARM_GCC_473\Debug\Body_main.a(I2C_1_I2C_MASTER.o) (I2C_1_scl_Write)
.\CortexM0\ARM_GCC_473\Debug\Body_main.a(CyBootAsmGnu.o)
                              .\CortexM0\ARM_GCC_473\Debug\Body_main.a(cyfitter_cfg.o) (CyDelayCycles)
.\CortexM0\ARM_GCC_473\Debug\Body_main.a(CyLib.o)
                              .\CortexM0\ARM_GCC_473\Debug\Body_main.a(cyfitter_cfg.o) (CyDelayUs)
.\CortexM0\ARM_GCC_473\Debug\Body_main.a(ERRORPIN.o)
                              .\CortexM0\ARM_GCC_473\Debug\BTUART.o (ERRORPIN_Write)
.\CortexM0\ARM_GCC_473\Debug\Body_main.a(POWERPIN.o)
                              .\CortexM0\ARM_GCC_473\Debug\main.o (POWERPIN_Write)
.\CortexM0\ARM_GCC_473\Debug\Body_main.a(I2C_1_I2C_INT.o)
                              .\CortexM0\ARM_GCC_473\Debug\Body_main.a(I2C_1_I2C.o) (I2C_1_I2C_ISR)
.\CortexM0\ARM_GCC_473\Debug\Body_main.a(UART_1_SPI_UART.o)
                              .\CortexM0\ARM_GCC_473\Debug\Body_main.a(UART_1_UART.o) (UART_1_SpiUartReadRxData)
c:/program files (x86)/cypress/psoc creator/3.0/psoc creator/import/gnu_cs/arm/4.7.3/bin/../lib/gcc/arm-none-eabi/4.7.3/armv6-m\libgcc.a(_udivsi3.o)
                              .\CortexM0\ARM_GCC_473\Debug\Body_main.a(CyLib.o) (__aeabi_uidiv)
c:/program files (x86)/cypress/psoc creator/3.0/psoc creator/import/gnu_cs/arm/4.7.3/bin/../lib/gcc/arm-none-eabi/4.7.3/armv6-m\libgcc.a(_divsi3.o)
                              .\CortexM0\ARM_GCC_473\Debug\Cm0Start.o (__aeabi_idiv)
c:/program files (x86)/cypress/psoc creator/3.0/psoc creator/import/gnu_cs/arm/4.7.3/bin/../lib/gcc/arm-none-eabi/4.7.3/armv6-m\libgcc.a(_dvmd_tls.o)
                              c:/program files (x86)/cypress/psoc creator/3.0/psoc creator/import/gnu_cs/arm/4.7.3/bin/../lib/gcc/arm-none-eabi/4.7.3/armv6-m\libgcc.a(_udivsi3.o) (__aeabi_idiv0)
c:/program files (x86)/cypress/psoc creator/3.0/psoc creator/import/gnu_cs/arm/4.7.3/bin/../lib/gcc/arm-none-eabi/4.7.3/../../../../arm-none-eabi/lib/armv6-m\libc_s.a(lib_a-__atexit2.o)
                              c:/program files (x86)/cypress/psoc creator/3.0/psoc creator/import/gnu_cs/arm/4.7.3/bin/../lib/gcc/arm-none-eabi/4.7.3/../../../../arm-none-eabi/lib/armv6-m/crt0.o (__register_exitproc)
c:/program files (x86)/cypress/psoc creator/3.0/psoc creator/import/gnu_cs/arm/4.7.3/bin/../lib/gcc/arm-none-eabi/4.7.3/../../../../arm-none-eabi/lib/armv6-m\libc_s.a(lib_a-exit.o)
                              c:/program files (x86)/cypress/psoc creator/3.0/psoc creator/import/gnu_cs/arm/4.7.3/bin/../lib/gcc/arm-none-eabi/4.7.3/../../../../arm-none-eabi/lib/armv6-m/crt0.o (exit)
c:/program files (x86)/cypress/psoc creator/3.0/psoc creator/import/gnu_cs/arm/4.7.3/bin/../lib/gcc/arm-none-eabi/4.7.3/../../../../arm-none-eabi/lib/armv6-m\libc_s.a(lib_a-fini.o)
                              c:/program files (x86)/cypress/psoc creator/3.0/psoc creator/import/gnu_cs/arm/4.7.3/bin/../lib/gcc/arm-none-eabi/4.7.3/../../../../arm-none-eabi/lib/armv6-m/crt0.o (__libc_fini_array)
c:/program files (x86)/cypress/psoc creator/3.0/psoc creator/import/gnu_cs/arm/4.7.3/bin/../lib/gcc/arm-none-eabi/4.7.3/../../../../arm-none-eabi/lib/armv6-m\libc_s.a(lib_a-impure.o)
                              c:/program files (x86)/cypress/psoc creator/3.0/psoc creator/import/gnu_cs/arm/4.7.3/bin/../lib/gcc/arm-none-eabi/4.7.3/../../../../arm-none-eabi/lib/armv6-m\libc_s.a(lib_a-exit.o) (_global_impure_ptr)
c:/program files (x86)/cypress/psoc creator/3.0/psoc creator/import/gnu_cs/arm/4.7.3/bin/../lib/gcc/arm-none-eabi/4.7.3/../../../../arm-none-eabi/lib/armv6-m\libc_s.a(lib_a-init.o)
                              c:/program files (x86)/cypress/psoc creator/3.0/psoc creator/import/gnu_cs/arm/4.7.3/bin/../lib/gcc/arm-none-eabi/4.7.3/../../../../arm-none-eabi/lib/armv6-m/crt0.o (__libc_init_array)
c:/program files (x86)/cypress/psoc creator/3.0/psoc creator/import/gnu_cs/arm/4.7.3/bin/../lib/gcc/arm-none-eabi/4.7.3/../../../../arm-none-eabi/lib/armv6-m\libc_s.a(lib_a-memcpy.o)
                              .\CortexM0\ARM_GCC_473\Debug\Body_main.a(cyfitter_cfg.o) (memcpy)
c:/program files (x86)/cypress/psoc creator/3.0/psoc creator/import/gnu_cs/arm/4.7.3/bin/../lib/gcc/arm-none-eabi/4.7.3/../../../../arm-none-eabi/lib/armv6-m\libc_s.a(lib_a-memset.o)
                              c:/program files (x86)/cypress/psoc creator/3.0/psoc creator/import/gnu_cs/arm/4.7.3/bin/../lib/gcc/arm-none-eabi/4.7.3/../../../../arm-none-eabi/lib/armv6-m/crt0.o (memset)

Allocating common symbols
Common symbol       size              file

I2C_1_mstrWrBufIndexTmp
                    0x4               .\CortexM0\ARM_GCC_473\Debug\Body_main.a(I2C_1_I2C_MASTER.o)
dataArray           0x10              .\CortexM0\ARM_GCC_473\Debug\BTUART.o
I2C_1_mstrWrBufIndex
                    0x4               .\CortexM0\ARM_GCC_473\Debug\Body_main.a(I2C_1_I2C_MASTER.o)
I2C_1_mstrControl   0x1               .\CortexM0\ARM_GCC_473\Debug\Body_main.a(I2C_1_I2C_MASTER.o)
I2C_1_mstrStatus    0x2               .\CortexM0\ARM_GCC_473\Debug\Body_main.a(I2C_1_I2C_MASTER.o)
I2C_1_mstrWrBufSize
                    0x4               .\CortexM0\ARM_GCC_473\Debug\Body_main.a(I2C_1_I2C_MASTER.o)
I2C_1_mstrRdBufIndex
                    0x4               .\CortexM0\ARM_GCC_473\Debug\Body_main.a(I2C_1_I2C_MASTER.o)
sensArray           0x480             .\CortexM0\ARM_GCC_473\Debug\Sensor.o
I2C_1_state         0x1               .\CortexM0\ARM_GCC_473\Debug\Body_main.a(I2C_1_I2C.o)
I2C_1_mstrWrBufPtr  0x4               .\CortexM0\ARM_GCC_473\Debug\Body_main.a(I2C_1_I2C_MASTER.o)
I2C_1_mstrRdBufPtr  0x4               .\CortexM0\ARM_GCC_473\Debug\Body_main.a(I2C_1_I2C_MASTER.o)
I2C_1_mstrRdBufSize
                    0x4               .\CortexM0\ARM_GCC_473\Debug\Body_main.a(I2C_1_I2C_MASTER.o)

Discarded input sections

 .text          0x00000000        0x0 c:/program files (x86)/cypress/psoc creator/3.0/psoc creator/import/gnu_cs/arm/4.7.3/bin/../lib/gcc/arm-none-eabi/4.7.3/armv6-m/crti.o
 .data          0x00000000        0x0 c:/program files (x86)/cypress/psoc creator/3.0/psoc creator/import/gnu_cs/arm/4.7.3/bin/../lib/gcc/arm-none-eabi/4.7.3/armv6-m/crti.o
 .bss           0x00000000        0x0 c:/program files (x86)/cypress/psoc creator/3.0/psoc creator/import/gnu_cs/arm/4.7.3/bin/../lib/gcc/arm-none-eabi/4.7.3/armv6-m/crti.o
 .data          0x00000000        0x4 c:/program files (x86)/cypress/psoc creator/3.0/psoc creator/import/gnu_cs/arm/4.7.3/bin/../lib/gcc/arm-none-eabi/4.7.3/armv6-m/crtbegin.o
 .text          0x00000000       0x74 c:/program files (x86)/cypress/psoc creator/3.0/psoc creator/import/gnu_cs/arm/4.7.3/bin/../lib/gcc/arm-none-eabi/4.7.3/../../../../arm-none-eabi/lib/armv6-m/crt0.o
 .data          0x00000000        0x0 c:/program files (x86)/cypress/psoc creator/3.0/psoc creator/import/gnu_cs/arm/4.7.3/bin/../lib/gcc/arm-none-eabi/4.7.3/../../../../arm-none-eabi/lib/armv6-m/crt0.o
 .bss           0x00000000        0x0 c:/program files (x86)/cypress/psoc creator/3.0/psoc creator/import/gnu_cs/arm/4.7.3/bin/../lib/gcc/arm-none-eabi/4.7.3/../../../../arm-none-eabi/lib/armv6-m/crt0.o
 .ARM.extab     0x00000000        0x0 c:/program files (x86)/cypress/psoc creator/3.0/psoc creator/import/gnu_cs/arm/4.7.3/bin/../lib/gcc/arm-none-eabi/4.7.3/../../../../arm-none-eabi/lib/armv6-m/crt0.o
 .ARM.exidx     0x00000000        0x8 c:/program files (x86)/cypress/psoc creator/3.0/psoc creator/import/gnu_cs/arm/4.7.3/bin/../lib/gcc/arm-none-eabi/4.7.3/../../../../arm-none-eabi/lib/armv6-m/crt0.o
 .text          0x00000000        0x0 .\CortexM0\ARM_GCC_473\Debug\main.o
 .data          0x00000000        0x0 .\CortexM0\ARM_GCC_473\Debug\main.o
 .bss           0x00000000        0x0 .\CortexM0\ARM_GCC_473\Debug\main.o
 .text.initMPU6050
                0x00000000       0x70 .\CortexM0\ARM_GCC_473\Debug\main.o
 .text          0x00000000        0x0 .\CortexM0\ARM_GCC_473\Debug\BTUART.o
 .data          0x00000000        0x0 .\CortexM0\ARM_GCC_473\Debug\BTUART.o
 .bss           0x00000000        0x0 .\CortexM0\ARM_GCC_473\Debug\BTUART.o
 .text          0x00000000        0x0 .\CortexM0\ARM_GCC_473\Debug\Sensor.o
 .data          0x00000000        0x0 .\CortexM0\ARM_GCC_473\Debug\Sensor.o
 .text          0x00000000        0x0 .\CortexM0\ARM_GCC_473\Debug\cymetadata.o
 .data          0x00000000        0x0 .\CortexM0\ARM_GCC_473\Debug\cymetadata.o
 .bss           0x00000000        0x0 .\CortexM0\ARM_GCC_473\Debug\cymetadata.o
 .text          0x00000000        0x0 .\CortexM0\ARM_GCC_473\Debug\Cm0Start.o
 .data          0x00000000        0x0 .\CortexM0\ARM_GCC_473\Debug\Cm0Start.o
 .bss           0x00000000        0x0 .\CortexM0\ARM_GCC_473\Debug\Cm0Start.o
 .text._exit    0x00000000       0x28 .\CortexM0\ARM_GCC_473\Debug\Cm0Start.o
 .text          0x00000000        0x0 .\CortexM0\ARM_GCC_473\Debug\Body_main.a(cyfitter_cfg.o)
 .bss           0x00000000        0x0 .\CortexM0\ARM_GCC_473\Debug\Body_main.a(cyfitter_cfg.o)
 .text.CYCONFIGCPY
                0x00000000       0x24 .\CortexM0\ARM_GCC_473\Debug\Body_main.a(cyfitter_cfg.o)
 .text.CYCONFIGCPYCODE
                0x00000000       0x24 .\CortexM0\ARM_GCC_473\Debug\Body_main.a(cyfitter_cfg.o)
 .text          0x00000000        0x0 .\CortexM0\ARM_GCC_473\Debug\Body_main.a(I2C_1.o)
 .data          0x00000000        0x0 .\CortexM0\ARM_GCC_473\Debug\Body_main.a(I2C_1.o)
 .text.I2C_1_Stop
                0x00000000       0x28 .\CortexM0\ARM_GCC_473\Debug\Body_main.a(I2C_1.o)
 .text.I2C_1_SetCustomInterruptHandler
                0x00000000       0x18 .\CortexM0\ARM_GCC_473\Debug\Body_main.a(I2C_1.o)
 .text.I2C_1_ScbModeStop
                0x00000000        0xc .\CortexM0\ARM_GCC_473\Debug\Body_main.a(I2C_1.o)
 .text          0x00000000        0x0 .\CortexM0\ARM_GCC_473\Debug\Body_main.a(I2C_1_I2C.o)
 .data          0x00000000        0x0 .\CortexM0\ARM_GCC_473\Debug\Body_main.a(I2C_1_I2C.o)
 .bss           0x00000000        0x0 .\CortexM0\ARM_GCC_473\Debug\Body_main.a(I2C_1_I2C.o)
 .text.I2C_1_I2CStop
                0x00000000       0x24 .\CortexM0\ARM_GCC_473\Debug\Body_main.a(I2C_1_I2C.o)
 .text          0x00000000        0x0 .\CortexM0\ARM_GCC_473\Debug\Body_main.a(I2C_1_I2C_MASTER.o)
 .data          0x00000000        0x0 .\CortexM0\ARM_GCC_473\Debug\Body_main.a(I2C_1_I2C_MASTER.o)
 .bss           0x00000000        0x0 .\CortexM0\ARM_GCC_473\Debug\Body_main.a(I2C_1_I2C_MASTER.o)
 .text.I2C_1_I2CMasterWriteBuf
                0x00000000      0x11c .\CortexM0\ARM_GCC_473\Debug\Body_main.a(I2C_1_I2C_MASTER.o)
 .text.I2C_1_I2CMasterReadBuf
                0x00000000      0x12c .\CortexM0\ARM_GCC_473\Debug\Body_main.a(I2C_1_I2C_MASTER.o)
 .text.I2C_1_I2CMasterGetReadBufSize
                0x00000000       0x14 .\CortexM0\ARM_GCC_473\Debug\Body_main.a(I2C_1_I2C_MASTER.o)
 .text.I2C_1_I2CMasterGetWriteBufSize
                0x00000000       0x14 .\CortexM0\ARM_GCC_473\Debug\Body_main.a(I2C_1_I2C_MASTER.o)
 .text.I2C_1_I2CMasterClearReadBuf
                0x00000000       0x28 .\CortexM0\ARM_GCC_473\Debug\Body_main.a(I2C_1_I2C_MASTER.o)
 .text.I2C_1_I2CMasterClearWriteBuf
                0x00000000       0x28 .\CortexM0\ARM_GCC_473\Debug\Body_main.a(I2C_1_I2C_MASTER.o)
 .text.I2C_1_I2CMasterStatus
                0x00000000       0x38 .\CortexM0\ARM_GCC_473\Debug\Body_main.a(I2C_1_I2C_MASTER.o)
 .text          0x00000000        0x0 .\CortexM0\ARM_GCC_473\Debug\Body_main.a(UART_1.o)
 .data          0x00000000        0x0 .\CortexM0\ARM_GCC_473\Debug\Body_main.a(UART_1.o)
 .text.UART_1_Stop
                0x00000000       0x1c .\CortexM0\ARM_GCC_473\Debug\Body_main.a(UART_1.o)
 .text.UART_1_SetCustomInterruptHandler
                0x00000000       0x18 .\CortexM0\ARM_GCC_473\Debug\Body_main.a(UART_1.o)
 .text.UART_1_ScbModeStop
                0x00000000        0x8 .\CortexM0\ARM_GCC_473\Debug\Body_main.a(UART_1.o)
 .text          0x00000000        0x0 .\CortexM0\ARM_GCC_473\Debug\Body_main.a(UART_1_UART.o)
 .data          0x00000000        0x0 .\CortexM0\ARM_GCC_473\Debug\Body_main.a(UART_1_UART.o)
 .bss           0x00000000        0x0 .\CortexM0\ARM_GCC_473\Debug\Body_main.a(UART_1_UART.o)
 .text.UART_1_UartSetRxAddress
                0x00000000       0x34 .\CortexM0\ARM_GCC_473\Debug\Body_main.a(UART_1_UART.o)
 .text.UART_1_UartSetRxAddressMask
                0x00000000       0x34 .\CortexM0\ARM_GCC_473\Debug\Body_main.a(UART_1_UART.o)
 .text.UART_1_UartGetChar
                0x00000000       0x44 .\CortexM0\ARM_GCC_473\Debug\Body_main.a(UART_1_UART.o)
 .text.UART_1_UartGetByte
                0x00000000       0x68 .\CortexM0\ARM_GCC_473\Debug\Body_main.a(UART_1_UART.o)
 .text.UART_1_UartPutCRLF
                0x00000000       0x24 .\CortexM0\ARM_GCC_473\Debug\Body_main.a(UART_1_UART.o)
 .text          0x00000000        0x0 .\CortexM0\ARM_GCC_473\Debug\Body_main.a(I2C_1_sda.o)
 .data          0x00000000        0x0 .\CortexM0\ARM_GCC_473\Debug\Body_main.a(I2C_1_sda.o)
 .bss           0x00000000        0x0 .\CortexM0\ARM_GCC_473\Debug\Body_main.a(I2C_1_sda.o)
 .text.I2C_1_sda_Write
                0x00000000       0x4c .\CortexM0\ARM_GCC_473\Debug\Body_main.a(I2C_1_sda.o)
 .text.I2C_1_sda_SetDriveMode
                0x00000000       0x30 .\CortexM0\ARM_GCC_473\Debug\Body_main.a(I2C_1_sda.o)
 .text.I2C_1_sda_ReadDataReg
                0x00000000       0x1c .\CortexM0\ARM_GCC_473\Debug\Body_main.a(I2C_1_sda.o)
 .text.I2C_1_sda_ClearInterrupt
                0x00000000       0x30 .\CortexM0\ARM_GCC_473\Debug\Body_main.a(I2C_1_sda.o)
 .text          0x00000000        0x0 .\CortexM0\ARM_GCC_473\Debug\Body_main.a(I2C_1_scl.o)
 .data          0x00000000        0x0 .\CortexM0\ARM_GCC_473\Debug\Body_main.a(I2C_1_scl.o)
 .bss           0x00000000        0x0 .\CortexM0\ARM_GCC_473\Debug\Body_main.a(I2C_1_scl.o)
 .text.I2C_1_scl_SetDriveMode
                0x00000000       0x2c .\CortexM0\ARM_GCC_473\Debug\Body_main.a(I2C_1_scl.o)
 .text.I2C_1_scl_ReadDataReg
                0x00000000       0x1c .\CortexM0\ARM_GCC_473\Debug\Body_main.a(I2C_1_scl.o)
 .text.I2C_1_scl_ClearInterrupt
                0x00000000       0x2c .\CortexM0\ARM_GCC_473\Debug\Body_main.a(I2C_1_scl.o)
 .data          0x00000000        0x0 .\CortexM0\ARM_GCC_473\Debug\Body_main.a(CyBootAsmGnu.o)
 .bss           0x00000000        0x0 .\CortexM0\ARM_GCC_473\Debug\Body_main.a(CyBootAsmGnu.o)
 .text          0x00000000        0x0 .\CortexM0\ARM_GCC_473\Debug\Body_main.a(CyLib.o)
 .bss           0x00000000        0x0 .\CortexM0\ARM_GCC_473\Debug\Body_main.a(CyLib.o)
 .text.CySysClkImoStart
                0x00000000       0x1c .\CortexM0\ARM_GCC_473\Debug\Body_main.a(CyLib.o)
 .text.CySysClkImoStop
                0x00000000       0x18 .\CortexM0\ARM_GCC_473\Debug\Body_main.a(CyLib.o)
 .text.CySysClkIloStart
                0x00000000       0x1c .\CortexM0\ARM_GCC_473\Debug\Body_main.a(CyLib.o)
 .text.CySysClkIloStop
                0x00000000       0x18 .\CortexM0\ARM_GCC_473\Debug\Body_main.a(CyLib.o)
 .text.CySysClkWriteHfclkDirect
                0x00000000       0x44 .\CortexM0\ARM_GCC_473\Debug\Body_main.a(CyLib.o)
 .text.CySysClkWriteSysclkDiv
                0x00000000       0x44 .\CortexM0\ARM_GCC_473\Debug\Body_main.a(CyLib.o)
 .text.CySysClkWriteImoFreq
                0x00000000      0x200 .\CortexM0\ARM_GCC_473\Debug\Body_main.a(CyLib.o)
 .text.CySysWdtLock
                0x00000000       0x44 .\CortexM0\ARM_GCC_473\Debug\Body_main.a(CyLib.o)
 .text.CySysWdtUnlock
                0x00000000       0x5c .\CortexM0\ARM_GCC_473\Debug\Body_main.a(CyLib.o)
 .text.CySysWdtReadEnabledStatus
                0x00000000       0x30 .\CortexM0\ARM_GCC_473\Debug\Body_main.a(CyLib.o)
 .text.CySysWdtWriteMode
                0x00000000       0x70 .\CortexM0\ARM_GCC_473\Debug\Body_main.a(CyLib.o)
 .text.CySysWdtReadMode
                0x00000000       0x24 .\CortexM0\ARM_GCC_473\Debug\Body_main.a(CyLib.o)
 .text.CySysWdtWriteClearOnMatch
                0x00000000       0x68 .\CortexM0\ARM_GCC_473\Debug\Body_main.a(CyLib.o)
 .text.CySysWdtReadClearOnMatch
                0x00000000       0x40 .\CortexM0\ARM_GCC_473\Debug\Body_main.a(CyLib.o)
 .text.CySysWdtEnable
                0x00000000       0x30 .\CortexM0\ARM_GCC_473\Debug\Body_main.a(CyLib.o)
 .text.CySysWdtDisable
                0x00000000       0x30 .\CortexM0\ARM_GCC_473\Debug\Body_main.a(CyLib.o)
 .text.CySysWdtWriteCascade
                0x00000000       0x68 .\CortexM0\ARM_GCC_473\Debug\Body_main.a(CyLib.o)
 .text.CySysWdtReadCascade
                0x00000000       0x1c .\CortexM0\ARM_GCC_473\Debug\Body_main.a(CyLib.o)
 .text.CySysWdtWriteMatch
                0x00000000       0x74 .\CortexM0\ARM_GCC_473\Debug\Body_main.a(CyLib.o)
 .text.CySysWdtWriteToggleBit
                0x00000000       0x54 .\CortexM0\ARM_GCC_473\Debug\Body_main.a(CyLib.o)
 .text.CySysWdtReadToggleBit
                0x00000000       0x18 .\CortexM0\ARM_GCC_473\Debug\Body_main.a(CyLib.o)
 .text.CySysWdtReadMatch
                0x00000000       0x44 .\CortexM0\ARM_GCC_473\Debug\Body_main.a(CyLib.o)
 .text.CySysWdtReadCount
                0x00000000       0x54 .\CortexM0\ARM_GCC_473\Debug\Body_main.a(CyLib.o)
 .text.CySysWdtGetInterruptSource
                0x00000000       0x1c .\CortexM0\ARM_GCC_473\Debug\Body_main.a(CyLib.o)
 .text.CySysWdtClearInterrupt
                0x00000000       0xb8 .\CortexM0\ARM_GCC_473\Debug\Body_main.a(CyLib.o)
 .text.CySysWdtResetCounters
                0x00000000       0x38 .\CortexM0\ARM_GCC_473\Debug\Body_main.a(CyLib.o)
 .text.CySysLvdEnable
                0x00000000       0x48 .\CortexM0\ARM_GCC_473\Debug\Body_main.a(CyLib.o)
 .text.CySysLvdDisable
                0x00000000       0x28 .\CortexM0\ARM_GCC_473\Debug\Body_main.a(CyLib.o)
 .text.CySysLvdGetInterruptSource
                0x00000000       0x18 .\CortexM0\ARM_GCC_473\Debug\Body_main.a(CyLib.o)
 .text.CySysLvdClearInterrupt
                0x00000000       0x14 .\CortexM0\ARM_GCC_473\Debug\Body_main.a(CyLib.o)
 .text.CySysGetResetReason
                0x00000000       0x30 .\CortexM0\ARM_GCC_473\Debug\Body_main.a(CyLib.o)
 .text.CyDisableInts
                0x00000000       0x24 .\CortexM0\ARM_GCC_473\Debug\Body_main.a(CyLib.o)
 .text.CyEnableInts
                0x00000000       0x18 .\CortexM0\ARM_GCC_473\Debug\Body_main.a(CyLib.o)
 .text.CyIntSetSysVector
                0x00000000       0x48 .\CortexM0\ARM_GCC_473\Debug\Body_main.a(CyLib.o)
 .text.CyIntGetSysVector
                0x00000000       0x34 .\CortexM0\ARM_GCC_473\Debug\Body_main.a(CyLib.o)
 .text.CyIntGetVector
                0x00000000       0x38 .\CortexM0\ARM_GCC_473\Debug\Body_main.a(CyLib.o)
 .text.CyIntGetPriority
                0x00000000       0x58 .\CortexM0\ARM_GCC_473\Debug\Body_main.a(CyLib.o)
 .text.CyIntGetState
                0x00000000       0x34 .\CortexM0\ARM_GCC_473\Debug\Body_main.a(CyLib.o)
 .text.CyIntSetPending
                0x00000000       0x2c .\CortexM0\ARM_GCC_473\Debug\Body_main.a(CyLib.o)
 .text.CyIntClearPending
                0x00000000       0x2c .\CortexM0\ARM_GCC_473\Debug\Body_main.a(CyLib.o)
 .text.CySoftwareReset
                0x00000000       0x20 .\CortexM0\ARM_GCC_473\Debug\Body_main.a(CyLib.o)
 .text.CyDelayFreq
                0x00000000       0x80 .\CortexM0\ARM_GCC_473\Debug\Body_main.a(CyLib.o)
 .rodata        0x00000000       0x30 .\CortexM0\ARM_GCC_473\Debug\Body_main.a(CyLib.o)
 .text          0x00000000        0x0 .\CortexM0\ARM_GCC_473\Debug\Body_main.a(ERRORPIN.o)
 .data          0x00000000        0x0 .\CortexM0\ARM_GCC_473\Debug\Body_main.a(ERRORPIN.o)
 .bss           0x00000000        0x0 .\CortexM0\ARM_GCC_473\Debug\Body_main.a(ERRORPIN.o)
 .text.ERRORPIN_SetDriveMode
                0x00000000       0x30 .\CortexM0\ARM_GCC_473\Debug\Body_main.a(ERRORPIN.o)
 .text.ERRORPIN_Read
                0x00000000       0x1c .\CortexM0\ARM_GCC_473\Debug\Body_main.a(ERRORPIN.o)
 .text.ERRORPIN_ReadDataReg
                0x00000000       0x1c .\CortexM0\ARM_GCC_473\Debug\Body_main.a(ERRORPIN.o)
 .text.ERRORPIN_ClearInterrupt
                0x00000000       0x30 .\CortexM0\ARM_GCC_473\Debug\Body_main.a(ERRORPIN.o)
 .text          0x00000000        0x0 .\CortexM0\ARM_GCC_473\Debug\Body_main.a(POWERPIN.o)
 .data          0x00000000        0x0 .\CortexM0\ARM_GCC_473\Debug\Body_main.a(POWERPIN.o)
 .bss           0x00000000        0x0 .\CortexM0\ARM_GCC_473\Debug\Body_main.a(POWERPIN.o)
 .text.POWERPIN_SetDriveMode
                0x00000000       0x30 .\CortexM0\ARM_GCC_473\Debug\Body_main.a(POWERPIN.o)
 .text.POWERPIN_Read
                0x00000000       0x1c .\CortexM0\ARM_GCC_473\Debug\Body_main.a(POWERPIN.o)
 .text.POWERPIN_ReadDataReg
                0x00000000       0x1c .\CortexM0\ARM_GCC_473\Debug\Body_main.a(POWERPIN.o)
 .text.POWERPIN_ClearInterrupt
                0x00000000       0x30 .\CortexM0\ARM_GCC_473\Debug\Body_main.a(POWERPIN.o)
 .text          0x00000000        0x0 .\CortexM0\ARM_GCC_473\Debug\Body_main.a(I2C_1_I2C_INT.o)
 .data          0x00000000        0x0 .\CortexM0\ARM_GCC_473\Debug\Body_main.a(I2C_1_I2C_INT.o)
 .bss           0x00000000        0x0 .\CortexM0\ARM_GCC_473\Debug\Body_main.a(I2C_1_I2C_INT.o)
 .text          0x00000000        0x0 .\CortexM0\ARM_GCC_473\Debug\Body_main.a(UART_1_SPI_UART.o)
 .data          0x00000000        0x0 .\CortexM0\ARM_GCC_473\Debug\Body_main.a(UART_1_SPI_UART.o)
 .bss           0x00000000        0x0 .\CortexM0\ARM_GCC_473\Debug\Body_main.a(UART_1_SPI_UART.o)
 .text.UART_1_SpiUartReadRxData
                0x00000000       0x20 .\CortexM0\ARM_GCC_473\Debug\Body_main.a(UART_1_SPI_UART.o)
 .text.UART_1_SpiUartGetRxBufferSize
                0x00000000       0x20 .\CortexM0\ARM_GCC_473\Debug\Body_main.a(UART_1_SPI_UART.o)
 .text.UART_1_SpiUartClearRxBuffer
                0x00000000       0x2c .\CortexM0\ARM_GCC_473\Debug\Body_main.a(UART_1_SPI_UART.o)
 .text.UART_1_SpiUartPutArray
                0x00000000       0x34 .\CortexM0\ARM_GCC_473\Debug\Body_main.a(UART_1_SPI_UART.o)
 .text.UART_1_SpiUartGetTxBufferSize
                0x00000000       0x20 .\CortexM0\ARM_GCC_473\Debug\Body_main.a(UART_1_SPI_UART.o)
 .text.UART_1_SpiUartClearTxBuffer
                0x00000000       0x2c .\CortexM0\ARM_GCC_473\Debug\Body_main.a(UART_1_SPI_UART.o)
 .text.UART_1_SpiUartDisableIntRx
                0x00000000       0x20 .\CortexM0\ARM_GCC_473\Debug\Body_main.a(UART_1_SPI_UART.o)
 .text.UART_1_SpiUartDisableIntTx
                0x00000000       0x20 .\CortexM0\ARM_GCC_473\Debug\Body_main.a(UART_1_SPI_UART.o)
 .text          0x00000000       0x9c c:/program files (x86)/cypress/psoc creator/3.0/psoc creator/import/gnu_cs/arm/4.7.3/bin/../lib/gcc/arm-none-eabi/4.7.3/armv6-m\libgcc.a(_udivsi3.o)
 .data          0x00000000        0x0 c:/program files (x86)/cypress/psoc creator/3.0/psoc creator/import/gnu_cs/arm/4.7.3/bin/../lib/gcc/arm-none-eabi/4.7.3/armv6-m\libgcc.a(_udivsi3.o)
 .bss           0x00000000        0x0 c:/program files (x86)/cypress/psoc creator/3.0/psoc creator/import/gnu_cs/arm/4.7.3/bin/../lib/gcc/arm-none-eabi/4.7.3/armv6-m\libgcc.a(_udivsi3.o)
 .text          0x00000000       0xc0 c:/program files (x86)/cypress/psoc creator/3.0/psoc creator/import/gnu_cs/arm/4.7.3/bin/../lib/gcc/arm-none-eabi/4.7.3/armv6-m\libgcc.a(_divsi3.o)
 .data          0x00000000        0x0 c:/program files (x86)/cypress/psoc creator/3.0/psoc creator/import/gnu_cs/arm/4.7.3/bin/../lib/gcc/arm-none-eabi/4.7.3/armv6-m\libgcc.a(_divsi3.o)
 .bss           0x00000000        0x0 c:/program files (x86)/cypress/psoc creator/3.0/psoc creator/import/gnu_cs/arm/4.7.3/bin/../lib/gcc/arm-none-eabi/4.7.3/armv6-m\libgcc.a(_divsi3.o)
 .text          0x00000000        0x4 c:/program files (x86)/cypress/psoc creator/3.0/psoc creator/import/gnu_cs/arm/4.7.3/bin/../lib/gcc/arm-none-eabi/4.7.3/armv6-m\libgcc.a(_dvmd_tls.o)
 .data          0x00000000        0x0 c:/program files (x86)/cypress/psoc creator/3.0/psoc creator/import/gnu_cs/arm/4.7.3/bin/../lib/gcc/arm-none-eabi/4.7.3/armv6-m\libgcc.a(_dvmd_tls.o)
 .bss           0x00000000        0x0 c:/program files (x86)/cypress/psoc creator/3.0/psoc creator/import/gnu_cs/arm/4.7.3/bin/../lib/gcc/arm-none-eabi/4.7.3/armv6-m\libgcc.a(_dvmd_tls.o)
 .text          0x00000000        0x0 c:/program files (x86)/cypress/psoc creator/3.0/psoc creator/import/gnu_cs/arm/4.7.3/bin/../lib/gcc/arm-none-eabi/4.7.3/../../../../arm-none-eabi/lib/armv6-m\libc_s.a(lib_a-__atexit2.o)
 .data          0x00000000        0x0 c:/program files (x86)/cypress/psoc creator/3.0/psoc creator/import/gnu_cs/arm/4.7.3/bin/../lib/gcc/arm-none-eabi/4.7.3/../../../../arm-none-eabi/lib/armv6-m\libc_s.a(lib_a-__atexit2.o)
 .bss           0x00000000        0x0 c:/program files (x86)/cypress/psoc creator/3.0/psoc creator/import/gnu_cs/arm/4.7.3/bin/../lib/gcc/arm-none-eabi/4.7.3/../../../../arm-none-eabi/lib/armv6-m\libc_s.a(lib_a-__atexit2.o)
 .text.__register_exitproc
                0x00000000       0x18 c:/program files (x86)/cypress/psoc creator/3.0/psoc creator/import/gnu_cs/arm/4.7.3/bin/../lib/gcc/arm-none-eabi/4.7.3/../../../../arm-none-eabi/lib/armv6-m\libc_s.a(lib_a-__atexit2.o)
 .text          0x00000000        0x0 c:/program files (x86)/cypress/psoc creator/3.0/psoc creator/import/gnu_cs/arm/4.7.3/bin/../lib/gcc/arm-none-eabi/4.7.3/../../../../arm-none-eabi/lib/armv6-m\libc_s.a(lib_a-exit.o)
 .data          0x00000000        0x0 c:/program files (x86)/cypress/psoc creator/3.0/psoc creator/import/gnu_cs/arm/4.7.3/bin/../lib/gcc/arm-none-eabi/4.7.3/../../../../arm-none-eabi/lib/armv6-m\libc_s.a(lib_a-exit.o)
 .bss           0x00000000        0x0 c:/program files (x86)/cypress/psoc creator/3.0/psoc creator/import/gnu_cs/arm/4.7.3/bin/../lib/gcc/arm-none-eabi/4.7.3/../../../../arm-none-eabi/lib/armv6-m\libc_s.a(lib_a-exit.o)
 .text.exit     0x00000000       0x30 c:/program files (x86)/cypress/psoc creator/3.0/psoc creator/import/gnu_cs/arm/4.7.3/bin/../lib/gcc/arm-none-eabi/4.7.3/../../../../arm-none-eabi/lib/armv6-m\libc_s.a(lib_a-exit.o)
 .text          0x00000000        0x0 c:/program files (x86)/cypress/psoc creator/3.0/psoc creator/import/gnu_cs/arm/4.7.3/bin/../lib/gcc/arm-none-eabi/4.7.3/../../../../arm-none-eabi/lib/armv6-m\libc_s.a(lib_a-fini.o)
 .data          0x00000000        0x0 c:/program files (x86)/cypress/psoc creator/3.0/psoc creator/import/gnu_cs/arm/4.7.3/bin/../lib/gcc/arm-none-eabi/4.7.3/../../../../arm-none-eabi/lib/armv6-m\libc_s.a(lib_a-fini.o)
 .bss           0x00000000        0x0 c:/program files (x86)/cypress/psoc creator/3.0/psoc creator/import/gnu_cs/arm/4.7.3/bin/../lib/gcc/arm-none-eabi/4.7.3/../../../../arm-none-eabi/lib/armv6-m\libc_s.a(lib_a-fini.o)
 .text.__libc_fini_array
                0x00000000       0x2c c:/program files (x86)/cypress/psoc creator/3.0/psoc creator/import/gnu_cs/arm/4.7.3/bin/../lib/gcc/arm-none-eabi/4.7.3/../../../../arm-none-eabi/lib/armv6-m\libc_s.a(lib_a-fini.o)
 .text          0x00000000        0x0 c:/program files (x86)/cypress/psoc creator/3.0/psoc creator/import/gnu_cs/arm/4.7.3/bin/../lib/gcc/arm-none-eabi/4.7.3/../../../../arm-none-eabi/lib/armv6-m\libc_s.a(lib_a-impure.o)
 .data          0x00000000        0x0 c:/program files (x86)/cypress/psoc creator/3.0/psoc creator/import/gnu_cs/arm/4.7.3/bin/../lib/gcc/arm-none-eabi/4.7.3/../../../../arm-none-eabi/lib/armv6-m\libc_s.a(lib_a-impure.o)
 .bss           0x00000000        0x0 c:/program files (x86)/cypress/psoc creator/3.0/psoc creator/import/gnu_cs/arm/4.7.3/bin/../lib/gcc/arm-none-eabi/4.7.3/../../../../arm-none-eabi/lib/armv6-m\libc_s.a(lib_a-impure.o)
 .data.impure_data
                0x00000000       0x64 c:/program files (x86)/cypress/psoc creator/3.0/psoc creator/import/gnu_cs/arm/4.7.3/bin/../lib/gcc/arm-none-eabi/4.7.3/../../../../arm-none-eabi/lib/armv6-m\libc_s.a(lib_a-impure.o)
 .data._impure_ptr
                0x00000000        0x4 c:/program files (x86)/cypress/psoc creator/3.0/psoc creator/import/gnu_cs/arm/4.7.3/bin/../lib/gcc/arm-none-eabi/4.7.3/../../../../arm-none-eabi/lib/armv6-m\libc_s.a(lib_a-impure.o)
 .rodata.str1.1
                0x00000000        0x2 c:/program files (x86)/cypress/psoc creator/3.0/psoc creator/import/gnu_cs/arm/4.7.3/bin/../lib/gcc/arm-none-eabi/4.7.3/../../../../arm-none-eabi/lib/armv6-m\libc_s.a(lib_a-impure.o)
 .rodata._global_impure_ptr
                0x00000000        0x4 c:/program files (x86)/cypress/psoc creator/3.0/psoc creator/import/gnu_cs/arm/4.7.3/bin/../lib/gcc/arm-none-eabi/4.7.3/../../../../arm-none-eabi/lib/armv6-m\libc_s.a(lib_a-impure.o)
 .text          0x00000000        0x0 c:/program files (x86)/cypress/psoc creator/3.0/psoc creator/import/gnu_cs/arm/4.7.3/bin/../lib/gcc/arm-none-eabi/4.7.3/../../../../arm-none-eabi/lib/armv6-m\libc_s.a(lib_a-init.o)
 .data          0x00000000        0x0 c:/program files (x86)/cypress/psoc creator/3.0/psoc creator/import/gnu_cs/arm/4.7.3/bin/../lib/gcc/arm-none-eabi/4.7.3/../../../../arm-none-eabi/lib/armv6-m\libc_s.a(lib_a-init.o)
 .bss           0x00000000        0x0 c:/program files (x86)/cypress/psoc creator/3.0/psoc creator/import/gnu_cs/arm/4.7.3/bin/../lib/gcc/arm-none-eabi/4.7.3/../../../../arm-none-eabi/lib/armv6-m\libc_s.a(lib_a-init.o)
 .text          0x00000000        0x0 c:/program files (x86)/cypress/psoc creator/3.0/psoc creator/import/gnu_cs/arm/4.7.3/bin/../lib/gcc/arm-none-eabi/4.7.3/../../../../arm-none-eabi/lib/armv6-m\libc_s.a(lib_a-memcpy.o)
 .data          0x00000000        0x0 c:/program files (x86)/cypress/psoc creator/3.0/psoc creator/import/gnu_cs/arm/4.7.3/bin/../lib/gcc/arm-none-eabi/4.7.3/../../../../arm-none-eabi/lib/armv6-m\libc_s.a(lib_a-memcpy.o)
 .bss           0x00000000        0x0 c:/program files (x86)/cypress/psoc creator/3.0/psoc creator/import/gnu_cs/arm/4.7.3/bin/../lib/gcc/arm-none-eabi/4.7.3/../../../../arm-none-eabi/lib/armv6-m\libc_s.a(lib_a-memcpy.o)
 .text.memcpy   0x00000000       0x12 c:/program files (x86)/cypress/psoc creator/3.0/psoc creator/import/gnu_cs/arm/4.7.3/bin/../lib/gcc/arm-none-eabi/4.7.3/../../../../arm-none-eabi/lib/armv6-m\libc_s.a(lib_a-memcpy.o)
 .text          0x00000000        0x0 c:/program files (x86)/cypress/psoc creator/3.0/psoc creator/import/gnu_cs/arm/4.7.3/bin/../lib/gcc/arm-none-eabi/4.7.3/../../../../arm-none-eabi/lib/armv6-m\libc_s.a(lib_a-memset.o)
 .data          0x00000000        0x0 c:/program files (x86)/cypress/psoc creator/3.0/psoc creator/import/gnu_cs/arm/4.7.3/bin/../lib/gcc/arm-none-eabi/4.7.3/../../../../arm-none-eabi/lib/armv6-m\libc_s.a(lib_a-memset.o)
 .bss           0x00000000        0x0 c:/program files (x86)/cypress/psoc creator/3.0/psoc creator/import/gnu_cs/arm/4.7.3/bin/../lib/gcc/arm-none-eabi/4.7.3/../../../../arm-none-eabi/lib/armv6-m\libc_s.a(lib_a-memset.o)
 .text          0x00000000        0x0 c:/program files (x86)/cypress/psoc creator/3.0/psoc creator/import/gnu_cs/arm/4.7.3/bin/../lib/gcc/arm-none-eabi/4.7.3/armv6-m/crtend.o
 .data          0x00000000        0x0 c:/program files (x86)/cypress/psoc creator/3.0/psoc creator/import/gnu_cs/arm/4.7.3/bin/../lib/gcc/arm-none-eabi/4.7.3/armv6-m/crtend.o
 .bss           0x00000000        0x0 c:/program files (x86)/cypress/psoc creator/3.0/psoc creator/import/gnu_cs/arm/4.7.3/bin/../lib/gcc/arm-none-eabi/4.7.3/armv6-m/crtend.o
 .text          0x00000000        0x0 c:/program files (x86)/cypress/psoc creator/3.0/psoc creator/import/gnu_cs/arm/4.7.3/bin/../lib/gcc/arm-none-eabi/4.7.3/armv6-m/crtn.o
 .data          0x00000000        0x0 c:/program files (x86)/cypress/psoc creator/3.0/psoc creator/import/gnu_cs/arm/4.7.3/bin/../lib/gcc/arm-none-eabi/4.7.3/armv6-m/crtn.o
 .bss           0x00000000        0x0 c:/program files (x86)/cypress/psoc creator/3.0/psoc creator/import/gnu_cs/arm/4.7.3/bin/../lib/gcc/arm-none-eabi/4.7.3/armv6-m/crtn.o

Memory Configuration

Name             Origin             Length             Attributes
rom              0x00000000         0x00008000         xr
ram              0x20000000         0x00001000         xrw
*default*        0x00000000         0xffffffff

Linker script and memory map

LOAD c:/program files (x86)/cypress/psoc creator/3.0/psoc creator/import/gnu_cs/arm/4.7.3/bin/../lib/gcc/arm-none-eabi/4.7.3/armv6-m/crti.o
LOAD c:/program files (x86)/cypress/psoc creator/3.0/psoc creator/import/gnu_cs/arm/4.7.3/bin/../lib/gcc/arm-none-eabi/4.7.3/armv6-m/crtbegin.o
LOAD c:/program files (x86)/cypress/psoc creator/3.0/psoc creator/import/gnu_cs/arm/4.7.3/bin/../lib/gcc/arm-none-eabi/4.7.3/../../../../arm-none-eabi/lib/armv6-m/crt0.o
START GROUP
LOAD .\CortexM0\ARM_GCC_473\Debug\main.o
LOAD .\CortexM0\ARM_GCC_473\Debug\BTUART.o
LOAD .\CortexM0\ARM_GCC_473\Debug\Sensor.o
LOAD .\CortexM0\ARM_GCC_473\Debug\cymetadata.o
LOAD .\CortexM0\ARM_GCC_473\Debug\Cm0Start.o
LOAD .\CortexM0\ARM_GCC_473\Debug\Body_main.a
LOAD C:\Program Files (x86)\Cypress\PSoC Creator\3.0\PSoC Creator\psoc\content\cycomponentlibrary\CyComponentLibrary.cylib\CortexM0\ARM_GCC_473\Debug\CyComponentLibrary.a
END GROUP
START GROUP
LOAD c:/program files (x86)/cypress/psoc creator/3.0/psoc creator/import/gnu_cs/arm/4.7.3/bin/../lib/gcc/arm-none-eabi/4.7.3/armv6-m\libgcc.a
LOAD c:/program files (x86)/cypress/psoc creator/3.0/psoc creator/import/gnu_cs/arm/4.7.3/bin/../lib/gcc/arm-none-eabi/4.7.3/../../../../arm-none-eabi/lib/armv6-m\libc_s.a
END GROUP
LOAD c:/program files (x86)/cypress/psoc creator/3.0/psoc creator/import/gnu_cs/arm/4.7.3/bin/../lib/gcc/arm-none-eabi/4.7.3/armv6-m/crtend.o
LOAD c:/program files (x86)/cypress/psoc creator/3.0/psoc creator/import/gnu_cs/arm/4.7.3/bin/../lib/gcc/arm-none-eabi/4.7.3/armv6-m/crtn.o
START GROUP
LOAD c:/program files (x86)/cypress/psoc creator/3.0/psoc creator/import/gnu_cs/arm/4.7.3/bin/../lib/gcc/arm-none-eabi/4.7.3/armv6-m\libgcc.a
LOAD c:/program files (x86)/cypress/psoc creator/3.0/psoc creator/import/gnu_cs/arm/4.7.3/bin/../lib/gcc/arm-none-eabi/4.7.3/../../../../arm-none-eabi/lib/armv6-m\libc.a
LOAD c:/program files (x86)/cypress/psoc creator/3.0/psoc creator/import/gnu_cs/arm/4.7.3/bin/../lib/gcc/arm-none-eabi/4.7.3/../../../../arm-none-eabi/lib/armv6-m\libnosys.a
END GROUP
                0x00000000                CY_APPL_ORIGIN = 0x0
                0x00000080                CY_FLASH_ROW_SIZE = 0x80
                0x00000001                CY_APPL_NUM = 0x1
                0x00000040                CY_METADATA_SIZE = 0x40
                0x200005c8                PROVIDE (__cy_heap_start, _end)
                0x00000001                PROVIDE (__cy_region_num, ((__cy_regions_end - __cy_regions) / 0x10))
                0x20001000                PROVIDE (__cy_stack, (ORIGIN (ram) + 0x1000))
                0x20000c00                PROVIDE (__cy_heap_end, (__cy_stack - 0x400))

.cybootloader   0x00000000        0x0
 *(.cybootloader)
                0x00000000                appl1_start = CY_APPL_ORIGIN?CY_APPL_ORIGIN:ALIGN (CY_FLASH_ROW_SIZE)
                0x00003f80                appl2_start = (appl1_start + ALIGN ((((0x8000 - appl1_start) - (0x2 * CY_FLASH_ROW_SIZE)) / 0x2), CY_FLASH_ROW_SIZE))
                0x00000000                appl_start = (CY_APPL_NUM == 0x1)?appl1_start:appl2_start

.text           0x00000000     0x1996
 CREATE_OBJECT_SYMBOLS
                0x00000000                PROVIDE (__cy_interrupt_vector, RomVectors)
 *(.romvectors)
 .romvectors    0x00000000       0x10 .\CortexM0\ARM_GCC_473\Debug\Cm0Start.o
                0x00000000                RomVectors
                0x00000001                ASSERT ((. != __cy_interrupt_vector), No interrupt vector)
                0x00000001                ASSERT (CY_APPL_ORIGIN?(SIZEOF (.cybootloader) <= CY_APPL_ORIGIN):0x1, Wrong image location)
                0x00000010                PROVIDE (__cy_reset, Reset)
 *(.text.Reset)
 .text.Reset    0x00000010        0x8 .\CortexM0\ARM_GCC_473\Debug\Cm0Start.o
                0x00000010                Reset
                0x00000001                ASSERT ((. != __cy_reset), No reset code)
 *(.psocinit)
 .psocinit      0x00000018      0x2a8 .\CortexM0\ARM_GCC_473\Debug\Body_main.a(cyfitter_cfg.o)
                0x00000168                cyfitter_cfg
                0x000002c0                . = MAX (., 0x100)
 *(.text .text.* .gnu.linkonce.t.*)
 .text          0x000002c0       0x60 c:/program files (x86)/cypress/psoc creator/3.0/psoc creator/import/gnu_cs/arm/4.7.3/bin/../lib/gcc/arm-none-eabi/4.7.3/armv6-m/crtbegin.o
 .text.main     0x00000320       0x2c .\CortexM0\ARM_GCC_473\Debug\main.o
                0x00000320                main
 .text.initSensors
                0x0000034c        0xc .\CortexM0\ARM_GCC_473\Debug\main.o
                0x0000034c                initSensors
 .text.initADXL345
                0x00000358       0x88 .\CortexM0\ARM_GCC_473\Debug\main.o
                0x00000358                initADXL345
 .text.initUART
                0x000003e0        0xc .\CortexM0\ARM_GCC_473\Debug\BTUART.o
                0x000003e0                initUART
 .text.setdataArray
                0x000003ec       0x64 .\CortexM0\ARM_GCC_473\Debug\BTUART.o
                0x000003ec                setdataArray
 .text.sendDataArray
                0x00000450      0x144 .\CortexM0\ARM_GCC_473\Debug\BTUART.o
                0x00000450                sendDataArray
 .text.setupI2C
                0x00000594       0x10 .\CortexM0\ARM_GCC_473\Debug\Sensor.o
                0x00000594                setupI2C
 .text.setSensArray
                0x000005a4       0x6c .\CortexM0\ARM_GCC_473\Debug\Sensor.o
                0x000005a4                setSensArray
 .text.readAllSensors
                0x00000610       0x30 .\CortexM0\ARM_GCC_473\Debug\Sensor.o
                0x00000610                readAllSensors
 .text.convSensData
                0x00000640       0xe4 .\CortexM0\ARM_GCC_473\Debug\Sensor.o
                0x00000640                convSensData
 .text.readI2C  0x00000724       0x94 .\CortexM0\ARM_GCC_473\Debug\Sensor.o
                0x00000724                readI2C
 .text.handleI2CError
                0x000007b8        0xc .\CortexM0\ARM_GCC_473\Debug\Sensor.o
                0x000007b8                handleI2CError
 .text.IntDefaultHandler
                0x000007c4        0x8 .\CortexM0\ARM_GCC_473\Debug\Cm0Start.o
                0x000007c4                IntDefaultHandler
 .text.Start_c  0x000007cc       0xa4 .\CortexM0\ARM_GCC_473\Debug\Cm0Start.o
                0x000007cc                Start_c
 .text.initialize_psoc
                0x00000870       0x64 .\CortexM0\ARM_GCC_473\Debug\Cm0Start.o
                0x00000870                initialize_psoc
 .text.CYMEMZERO
                0x000008d4       0x20 .\CortexM0\ARM_GCC_473\Debug\Body_main.a(cyfitter_cfg.o)
 .text.cfg_write_bytes32
                0x000008f4       0x80 .\CortexM0\ARM_GCC_473\Debug\Body_main.a(cyfitter_cfg.o)
 .text.AnalogSetDefault
                0x00000974        0x8 .\CortexM0\ARM_GCC_473\Debug\Body_main.a(cyfitter_cfg.o)
 .text.I2C_1_Init
                0x0000097c        0xc .\CortexM0\ARM_GCC_473\Debug\Body_main.a(I2C_1.o)
                0x0000097c                I2C_1_Init
 .text.I2C_1_Enable
                0x00000988       0x20 .\CortexM0\ARM_GCC_473\Debug\Body_main.a(I2C_1.o)
                0x00000988                I2C_1_Enable
 .text.I2C_1_Start
                0x000009a8       0x24 .\CortexM0\ARM_GCC_473\Debug\Body_main.a(I2C_1.o)
                0x000009a8                I2C_1_Start
 .text.I2C_1_ScbEnableIntr
                0x000009cc       0x10 .\CortexM0\ARM_GCC_473\Debug\Body_main.a(I2C_1.o)
 .text.I2C_1_I2CInit
                0x000009dc       0xf0 .\CortexM0\ARM_GCC_473\Debug\Body_main.a(I2C_1_I2C.o)
                0x000009dc                I2C_1_I2CInit
 .text.I2C_1_I2CMasterSendStart
                0x00000acc      0x110 .\CortexM0\ARM_GCC_473\Debug\Body_main.a(I2C_1_I2C_MASTER.o)
                0x00000acc                I2C_1_I2CMasterSendStart
 .text.I2C_1_I2CMasterSendRestart
                0x00000bdc      0x108 .\CortexM0\ARM_GCC_473\Debug\Body_main.a(I2C_1_I2C_MASTER.o)
                0x00000bdc                I2C_1_I2CMasterSendRestart
 .text.I2C_1_I2CMasterSendStop
                0x00000ce4       0xbc .\CortexM0\ARM_GCC_473\Debug\Body_main.a(I2C_1_I2C_MASTER.o)
                0x00000ce4                I2C_1_I2CMasterSendStop
 .text.I2C_1_I2CMasterWriteByte
                0x00000da0       0xcc .\CortexM0\ARM_GCC_473\Debug\Body_main.a(I2C_1_I2C_MASTER.o)
                0x00000da0                I2C_1_I2CMasterWriteByte
 .text.I2C_1_I2CMasterReadByte
                0x00000e6c       0xac .\CortexM0\ARM_GCC_473\Debug\Body_main.a(I2C_1_I2C_MASTER.o)
                0x00000e6c                I2C_1_I2CMasterReadByte
 .text.I2C_1_I2CMasterClearStatus
                0x00000f18       0x24 .\CortexM0\ARM_GCC_473\Debug\Body_main.a(I2C_1_I2C_MASTER.o)
                0x00000f18                I2C_1_I2CMasterClearStatus
 .text.I2C_1_I2CReStartGeneration
                0x00000f3c       0xb0 .\CortexM0\ARM_GCC_473\Debug\Body_main.a(I2C_1_I2C_MASTER.o)
                0x00000f3c                I2C_1_I2CReStartGeneration
 .text.UART_1_Init
                0x00000fec        0xc .\CortexM0\ARM_GCC_473\Debug\Body_main.a(UART_1.o)
                0x00000fec                UART_1_Init
 .text.UART_1_Enable
                0x00000ff8       0x20 .\CortexM0\ARM_GCC_473\Debug\Body_main.a(UART_1.o)
                0x00000ff8                UART_1_Enable
 .text.UART_1_Start
                0x00001018       0x24 .\CortexM0\ARM_GCC_473\Debug\Body_main.a(UART_1.o)
                0x00001018                UART_1_Start
 .text.UART_1_ScbEnableIntr
                0x0000103c        0x8 .\CortexM0\ARM_GCC_473\Debug\Body_main.a(UART_1.o)
 .text.UART_1_UartInit
                0x00001044       0xa8 .\CortexM0\ARM_GCC_473\Debug\Body_main.a(UART_1_UART.o)
                0x00001044                UART_1_UartInit
 .text.UART_1_UartPutString
                0x000010ec       0x34 .\CortexM0\ARM_GCC_473\Debug\Body_main.a(UART_1_UART.o)
                0x000010ec                UART_1_UartPutString
 .text.I2C_1_sda_Read
                0x00001120       0x1c .\CortexM0\ARM_GCC_473\Debug\Body_main.a(I2C_1_sda.o)
                0x00001120                I2C_1_sda_Read
 .text.I2C_1_scl_Write
                0x0000113c       0x48 .\CortexM0\ARM_GCC_473\Debug\Body_main.a(I2C_1_scl.o)
                0x0000113c                I2C_1_scl_Write
 .text.I2C_1_scl_Read
                0x00001184       0x1c .\CortexM0\ARM_GCC_473\Debug\Body_main.a(I2C_1_scl.o)
                0x00001184                I2C_1_scl_Read
 .text          0x000011a0       0x20 .\CortexM0\ARM_GCC_473\Debug\Body_main.a(CyBootAsmGnu.o)
                0x000011a0                CyDelayCycles
                0x000011b2                CyEnterCriticalSection
                0x000011ba                CyExitCriticalSection
 .text.CyIntSetVector
                0x000011c0       0x4c .\CortexM0\ARM_GCC_473\Debug\Body_main.a(CyLib.o)
                0x000011c0                CyIntSetVector
 .text.CyIntSetPriority
                0x0000120c       0xa8 .\CortexM0\ARM_GCC_473\Debug\Body_main.a(CyLib.o)
                0x0000120c                CyIntSetPriority
 .text.CyIntEnable
                0x000012b4       0x2c .\CortexM0\ARM_GCC_473\Debug\Body_main.a(CyLib.o)
                0x000012b4                CyIntEnable
 .text.CyIntDisable
                0x000012e0       0x2c .\CortexM0\ARM_GCC_473\Debug\Body_main.a(CyLib.o)
                0x000012e0                CyIntDisable
 .text.CyHalt   0x0000130c       0x14 .\CortexM0\ARM_GCC_473\Debug\Body_main.a(CyLib.o)
                0x0000130c                CyHalt
 .text.CyDelay  0x00001320       0x48 .\CortexM0\ARM_GCC_473\Debug\Body_main.a(CyLib.o)
                0x00001320                CyDelay
 .text.CyDelayUs
                0x00001368       0x28 .\CortexM0\ARM_GCC_473\Debug\Body_main.a(CyLib.o)
                0x00001368                CyDelayUs
 .text.ERRORPIN_Write
                0x00001390       0x48 .\CortexM0\ARM_GCC_473\Debug\Body_main.a(ERRORPIN.o)
                0x00001390                ERRORPIN_Write
 .text.POWERPIN_Write
                0x000013d8       0x4c .\CortexM0\ARM_GCC_473\Debug\Body_main.a(POWERPIN.o)
                0x000013d8                POWERPIN_Write
 .text.I2C_1_I2C_ISR
                0x00001424      0x4e8 .\CortexM0\ARM_GCC_473\Debug\Body_main.a(I2C_1_I2C_INT.o)
                0x00001424                I2C_1_I2C_ISR
 .text.UART_1_SpiUartWriteTxData
                0x0000190c       0x2c .\CortexM0\ARM_GCC_473\Debug\Body_main.a(UART_1_SPI_UART.o)
                0x0000190c                UART_1_SpiUartWriteTxData
 .text.__libc_init_array
                0x00001938       0x4c c:/program files (x86)/cypress/psoc creator/3.0/psoc creator/import/gnu_cs/arm/4.7.3/bin/../lib/gcc/arm-none-eabi/4.7.3/../../../../arm-none-eabi/lib/armv6-m\libc_s.a(lib_a-init.o)
                0x00001938                __libc_init_array
 .text.memset   0x00001984       0x12 c:/program files (x86)/cypress/psoc creator/3.0/psoc creator/import/gnu_cs/arm/4.7.3/bin/../lib/gcc/arm-none-eabi/4.7.3/../../../../arm-none-eabi/lib/armv6-m\libc_s.a(lib_a-memset.o)
                0x00001984                memset
 *(.plt)
 *(.gnu.warning)
 *(.glue_7t)
 .glue_7t       0x00000000        0x0 linker stubs
 *(.glue_7)
 .glue_7        0x00000000        0x0 linker stubs
 *(.vfp11_veneer)
 .vfp11_veneer  0x00000000        0x0 linker stubs
 *(.bootloader)
 *(.ARM.extab* .gnu.linkonce.armextab.*)
 *(.gcc_except_table)

.v4_bx          0x00001998        0x0
 .v4_bx         0x00000000        0x0 linker stubs

.iplt           0x00001998        0x0
 .iplt          0x00000000        0x0 c:/program files (x86)/cypress/psoc creator/3.0/psoc creator/import/gnu_cs/arm/4.7.3/bin/../lib/gcc/arm-none-eabi/4.7.3/armv6-m/crtbegin.o

.eh_frame_hdr
 *(.eh_frame_hdr)

.eh_frame       0x00001998        0x4
 *(.eh_frame)
 .eh_frame      0x00001998        0x0 c:/program files (x86)/cypress/psoc creator/3.0/psoc creator/import/gnu_cs/arm/4.7.3/bin/../lib/gcc/arm-none-eabi/4.7.3/armv6-m/crtbegin.o
 .eh_frame      0x00001998        0x4 c:/program files (x86)/cypress/psoc creator/3.0/psoc creator/import/gnu_cs/arm/4.7.3/bin/../lib/gcc/arm-none-eabi/4.7.3/armv6-m/crtend.o
                0x0000199c                PROVIDE (__exidx_start, .)

.ARM.exidx
 *(.ARM.exidx* .gnu.linkonce.armexidx.*)
                0x0000199c                __exidx_end = .

.rodata         0x0000199c       0x4c
 *(.rodata .rodata.* .gnu.linkonce.r.*)
 .rodata        0x0000199c       0x18 .\CortexM0\ARM_GCC_473\Debug\Body_main.a(cyfitter_cfg.o)
                0x000019b4                . = ALIGN (0x4)
 *(.init)
 .init          0x000019b4        0x4 c:/program files (x86)/cypress/psoc creator/3.0/psoc creator/import/gnu_cs/arm/4.7.3/bin/../lib/gcc/arm-none-eabi/4.7.3/armv6-m/crti.o
                0x000019b4                _init
 .init          0x000019b8        0x8 c:/program files (x86)/cypress/psoc creator/3.0/psoc creator/import/gnu_cs/arm/4.7.3/bin/../lib/gcc/arm-none-eabi/4.7.3/armv6-m/crtn.o
                0x000019c0                . = ALIGN (0x4)
                0x000019c0                __preinit_array_start = .
 *(.preinit_array)
                0x000019c0                __preinit_array_end = .
                0x000019c0                . = ALIGN (0x4)
                0x000019c0                __init_array_start = .
 *(SORT(.init_array.*))
 *(.init_array)
 .init_array    0x000019c0        0x4 c:/program files (x86)/cypress/psoc creator/3.0/psoc creator/import/gnu_cs/arm/4.7.3/bin/../lib/gcc/arm-none-eabi/4.7.3/armv6-m/crtbegin.o
 .init_array    0x000019c4        0x4 .\CortexM0\ARM_GCC_473\Debug\Cm0Start.o
                0x000019c8                __init_array_end = .
                0x000019c8                . = ALIGN (0x4)
 *(.fini)
 .fini          0x000019c8        0x4 c:/program files (x86)/cypress/psoc creator/3.0/psoc creator/import/gnu_cs/arm/4.7.3/bin/../lib/gcc/arm-none-eabi/4.7.3/armv6-m/crti.o
                0x000019c8                _fini
 .fini          0x000019cc        0x8 c:/program files (x86)/cypress/psoc creator/3.0/psoc creator/import/gnu_cs/arm/4.7.3/bin/../lib/gcc/arm-none-eabi/4.7.3/armv6-m/crtn.o
                0x000019d4                . = ALIGN (0x4)
                0x000019d4                __fini_array_start = .
 *(.fini_array)
 .fini_array    0x000019d4        0x4 c:/program files (x86)/cypress/psoc creator/3.0/psoc creator/import/gnu_cs/arm/4.7.3/bin/../lib/gcc/arm-none-eabi/4.7.3/armv6-m/crtbegin.o
 *(SORT(.fini_array.*))
                0x000019d8                __fini_array_end = .
                0x000019d8                . = ALIGN (0x4)
 *crtbegin.o(.ctors)
 *(EXCLUDE_FILE(*crtend.o) .ctors)
 *(SORT(.ctors.*))
 *crtend.o(.ctors)
                0x000019d8                . = ALIGN (0x4)
 *crtbegin.o(.dtors)
 *(EXCLUDE_FILE(*crtend.o) .dtors)
 *(SORT(.dtors.*))
 *crtend.o(.dtors)
                0x000019d8                . = ALIGN (0x4)
                0x000019d8                __cy_regions = .
                0x000019d8        0x4 LONG 0x19e8 __cy_region_init_ram
                0x000019dc        0x4 LONG 0x200000c8 __cy_region_start_data
                0x000019e0        0x4 LONG 0x18 __cy_region_init_size_ram
                0x000019e4        0x4 LONG 0x4e8 __cy_region_zero_size_ram
                0x000019e8                __cy_regions_end = .
                0x000019e8                . = ALIGN (0x8)
                0x000019e8                _etext = .

.ramvectors     0x20000000       0xc0
                0x20000000                __cy_region_start_ram = .
 *(.ramvectors)
 .ramvectors    0x20000000       0xc0 .\CortexM0\ARM_GCC_473\Debug\Cm0Start.o
                0x20000000                CyRamVectors

.noinit         0x200000c0        0x4
 *(.noinit)
 .noinit        0x200000c0        0x4 .\CortexM0\ARM_GCC_473\Debug\Cm0Start.o

.data           0x200000c8       0x18 load address 0x000019e8
                0x200000c8                __cy_region_start_data = .
 *(.jcr)
 .jcr           0x200000c8        0x0 c:/program files (x86)/cypress/psoc creator/3.0/psoc creator/import/gnu_cs/arm/4.7.3/bin/../lib/gcc/arm-none-eabi/4.7.3/armv6-m/crtbegin.o
 .jcr           0x200000c8        0x4 c:/program files (x86)/cypress/psoc creator/3.0/psoc creator/import/gnu_cs/arm/4.7.3/bin/../lib/gcc/arm-none-eabi/4.7.3/armv6-m/crtend.o
 *(.got.plt)
 *(.got)
 *(.shdata)
 *(.data .data.* .gnu.linkonce.d.*)
 .data          0x200000cc        0x4 .\CortexM0\ARM_GCC_473\Debug\Body_main.a(cyfitter_cfg.o)
 .data          0x200000d0       0x10 .\CortexM0\ARM_GCC_473\Debug\Body_main.a(CyLib.o)
                0x200000d0                cydelayFreqHz
                0x200000d4                cydelayFreqKhz
                0x200000d8                cydelayFreqMhz
                0x200000dc                cydelay32kMs
                0x200000e0                . = ALIGN (0x8)
 *(.ram)
                0x200000e0                _edata = .

.igot.plt       0x200000e0        0x0 load address 0x00001a00
 .igot.plt      0x00000000        0x0 c:/program files (x86)/cypress/psoc creator/3.0/psoc creator/import/gnu_cs/arm/4.7.3/bin/../lib/gcc/arm-none-eabi/4.7.3/armv6-m/crtbegin.o

.bss            0x200000e0      0x4e8 load address 0x00001a00
                0x200000e0                PROVIDE (__bss_start__, .)
 *(.shbss)
 *(.bss .bss.* .gnu.linkonce.b.*)
 .bss           0x200000e0       0x1c c:/program files (x86)/cypress/psoc creator/3.0/psoc creator/import/gnu_cs/arm/4.7.3/bin/../lib/gcc/arm-none-eabi/4.7.3/armv6-m/crtbegin.o
 .bss           0x200000fc        0x1 .\CortexM0\ARM_GCC_473\Debug\Sensor.o
                0x200000fc                numOfRegToRead
 *fill*         0x200000fd        0x3 00
 .bss           0x20000100        0x8 .\CortexM0\ARM_GCC_473\Debug\Body_main.a(I2C_1.o)
                0x20000100                I2C_1_initVar
                0x20000104                I2C_1_customIntrHandler
 .bss           0x20000108        0x8 .\CortexM0\ARM_GCC_473\Debug\Body_main.a(UART_1.o)
                0x20000108                UART_1_initVar
                0x2000010c                UART_1_customIntrHandler
 *(COMMON)
 COMMON         0x20000110       0x10 .\CortexM0\ARM_GCC_473\Debug\BTUART.o
                0x20000110                dataArray
 COMMON         0x20000120      0x480 .\CortexM0\ARM_GCC_473\Debug\Sensor.o
                0x20000120                sensArray
 COMMON         0x200005a0        0x1 .\CortexM0\ARM_GCC_473\Debug\Body_main.a(I2C_1_I2C.o)
                0x200005a0                I2C_1_state
 *fill*         0x200005a1        0x3 00
 COMMON         0x200005a4       0x20 .\CortexM0\ARM_GCC_473\Debug\Body_main.a(I2C_1_I2C_MASTER.o)
                0x200005a4                I2C_1_mstrWrBufIndexTmp
                0x200005a8                I2C_1_mstrWrBufIndex
                0x200005ac                I2C_1_mstrControl
                0x200005ae                I2C_1_mstrStatus
                0x200005b0                I2C_1_mstrWrBufSize
                0x200005b4                I2C_1_mstrRdBufIndex
                0x200005b8                I2C_1_mstrWrBufPtr
                0x200005bc                I2C_1_mstrRdBufPtr
                0x200005c0                I2C_1_mstrRdBufSize
                0x200005c8                . = ALIGN (0x8)
 *fill*         0x200005c4        0x4 00
 *(.ram.b)
                0x200005c8                _end = .
                0x200005c8                __end = .
                0x200005c8                PROVIDE (end, .)
                0x200005c8                PROVIDE (__bss_end__, .)
                0x000019e8                __cy_region_init_ram = LOADADDR (.data)
                0x00000018                __cy_region_init_size_ram = (_edata - ADDR (.data))
                0x000004e8                __cy_region_zero_size_ram = (_end - _edata)

.heap           0x200005c8      0x100 load address 0x00001a00
                0x200005c8                . = _end
                0x200006c8                . = (. + 0x100)
 *fill*         0x200005c8      0x100 00
                0x200006c8                __cy_heap_limit = .

.stack          0x20000c00      0x400
                0x20000c00                __cy_stack_limit = .
                0x20001000                . = (. + 0x400)
 *fill*         0x20000c00      0x400 00
                0x00000001                ASSERT ((__cy_stack_limit >= __cy_heap_limit), region RAM overflowed with stack)

.cyloadermeta
 *(.cyloadermeta)

.cyloadablemeta
 *(.cyloadablemeta)

.cyflashprotect
                0x90400000       0x20
 *(.cyflashprotect)
 .cyflashprotect
                0x90400000       0x20 .\CortexM0\ARM_GCC_473\Debug\cymetadata.o
                0x90400000                cy_meta_flashprotect

.cymeta         0x90500000        0xc
 *(.cymeta)
 .cymeta        0x90500000        0xc .\CortexM0\ARM_GCC_473\Debug\cymetadata.o
                0x90500000                cy_metadata

.cychipprotect  0x90600000        0x4
 *(.cychipprotect)
 .cychipprotect
                0x90600000        0x4 .\CortexM0\ARM_GCC_473\Debug\cymetadata.o
                0x90600000                cy_meta_chipprotect

.rel.dyn        0x00001a00        0x0 load address 0x90600004
 .rel.iplt      0x00000000        0x0 c:/program files (x86)/cypress/psoc creator/3.0/psoc creator/import/gnu_cs/arm/4.7.3/bin/../lib/gcc/arm-none-eabi/4.7.3/armv6-m/crtbegin.o

.stab
 *(.stab)

.stabstr
 *(.stabstr)

.debug
 *(.debug)

.line
 *(.line)

.debug_srcinfo
 *(.debug_srcinfo)

.debug_sfnames
 *(.debug_sfnames)

.debug_aranges  0x00000000      0x640
 *(.debug_aranges)
 .debug_aranges
                0x00000000       0x38 .\CortexM0\ARM_GCC_473\Debug\main.o
 .debug_aranges
                0x00000038       0x30 .\CortexM0\ARM_GCC_473\Debug\BTUART.o
 .debug_aranges
                0x00000068       0x48 .\CortexM0\ARM_GCC_473\Debug\Sensor.o
 .debug_aranges
                0x000000b0       0x18 .\CortexM0\ARM_GCC_473\Debug\cymetadata.o
 .debug_aranges
                0x000000c8       0x40 .\CortexM0\ARM_GCC_473\Debug\Cm0Start.o
 .debug_aranges
                0x00000108       0x58 .\CortexM0\ARM_GCC_473\Debug\Body_main.a(cyfitter_cfg.o)
 .debug_aranges
                0x00000160       0x50 .\CortexM0\ARM_GCC_473\Debug\Body_main.a(I2C_1.o)
 .debug_aranges
                0x000001b0       0x28 .\CortexM0\ARM_GCC_473\Debug\Body_main.a(I2C_1_I2C.o)
 .debug_aranges
                0x000001d8       0x88 .\CortexM0\ARM_GCC_473\Debug\Body_main.a(I2C_1_I2C_MASTER.o)
 .debug_aranges
                0x00000260       0x50 .\CortexM0\ARM_GCC_473\Debug\Body_main.a(UART_1.o)
 .debug_aranges
                0x000002b0       0x50 .\CortexM0\ARM_GCC_473\Debug\Body_main.a(UART_1_UART.o)
 .debug_aranges
                0x00000300       0x40 .\CortexM0\ARM_GCC_473\Debug\Body_main.a(I2C_1_sda.o)
 .debug_aranges
                0x00000340       0x40 .\CortexM0\ARM_GCC_473\Debug\Body_main.a(I2C_1_scl.o)
 .debug_aranges
                0x00000380       0x20 .\CortexM0\ARM_GCC_473\Debug\Body_main.a(CyBootAsmGnu.o)
 .debug_aranges
                0x000003a0      0x1a0 .\CortexM0\ARM_GCC_473\Debug\Body_main.a(CyLib.o)
 .debug_aranges
                0x00000540       0x40 .\CortexM0\ARM_GCC_473\Debug\Body_main.a(ERRORPIN.o)
 .debug_aranges
                0x00000580       0x40 .\CortexM0\ARM_GCC_473\Debug\Body_main.a(POWERPIN.o)
 .debug_aranges
                0x000005c0       0x20 .\CortexM0\ARM_GCC_473\Debug\Body_main.a(I2C_1_I2C_INT.o)
 .debug_aranges
                0x000005e0       0x60 .\CortexM0\ARM_GCC_473\Debug\Body_main.a(UART_1_SPI_UART.o)

.debug_pubnames
 *(.debug_pubnames)

.debug_info     0x00000000     0x2d1f
 *(.debug_info .gnu.linkonce.wi.*)
 .debug_info    0x00000000       0xe7 .\CortexM0\ARM_GCC_473\Debug\main.o
 .debug_info    0x000000e7      0x191 .\CortexM0\ARM_GCC_473\Debug\BTUART.o
 .debug_info    0x00000278      0x21e .\CortexM0\ARM_GCC_473\Debug\Sensor.o
 .debug_info    0x00000496      0x100 .\CortexM0\ARM_GCC_473\Debug\cymetadata.o
 .debug_info    0x00000596      0x2c0 .\CortexM0\ARM_GCC_473\Debug\Cm0Start.o
 .debug_info    0x00000856      0x475 .\CortexM0\ARM_GCC_473\Debug\Body_main.a(cyfitter_cfg.o)
 .debug_info    0x00000ccb      0x197 .\CortexM0\ARM_GCC_473\Debug\Body_main.a(I2C_1.o)
 .debug_info    0x00000e62      0x12c .\CortexM0\ARM_GCC_473\Debug\Body_main.a(I2C_1_I2C.o)
 .debug_info    0x00000f8e      0x4ba .\CortexM0\ARM_GCC_473\Debug\Body_main.a(I2C_1_I2C_MASTER.o)
 .debug_info    0x00001448      0x197 .\CortexM0\ARM_GCC_473\Debug\Body_main.a(UART_1.o)
 .debug_info    0x000015df      0x224 .\CortexM0\ARM_GCC_473\Debug\Body_main.a(UART_1_UART.o)
 .debug_info    0x00001803      0x168 .\CortexM0\ARM_GCC_473\Debug\Body_main.a(I2C_1_sda.o)
 .debug_info    0x0000196b      0x168 .\CortexM0\ARM_GCC_473\Debug\Body_main.a(I2C_1_scl.o)
 .debug_info    0x00001ad3       0xd3 .\CortexM0\ARM_GCC_473\Debug\Body_main.a(CyBootAsmGnu.o)
 .debug_info    0x00001ba6      0xac5 .\CortexM0\ARM_GCC_473\Debug\Body_main.a(CyLib.o)
 .debug_info    0x0000266b      0x168 .\CortexM0\ARM_GCC_473\Debug\Body_main.a(ERRORPIN.o)
 .debug_info    0x000027d3      0x168 .\CortexM0\ARM_GCC_473\Debug\Body_main.a(POWERPIN.o)
 .debug_info    0x0000293b      0x1a7 .\CortexM0\ARM_GCC_473\Debug\Body_main.a(I2C_1_I2C_INT.o)
 .debug_info    0x00002ae2      0x23d .\CortexM0\ARM_GCC_473\Debug\Body_main.a(UART_1_SPI_UART.o)

.debug_abbrev   0x00000000      0xfeb
 *(.debug_abbrev)
 .debug_abbrev  0x00000000       0x5c .\CortexM0\ARM_GCC_473\Debug\main.o
 .debug_abbrev  0x0000005c       0xd7 .\CortexM0\ARM_GCC_473\Debug\BTUART.o
 .debug_abbrev  0x00000133       0xd5 .\CortexM0\ARM_GCC_473\Debug\Sensor.o
 .debug_abbrev  0x00000208       0x5d .\CortexM0\ARM_GCC_473\Debug\cymetadata.o
 .debug_abbrev  0x00000265      0x164 .\CortexM0\ARM_GCC_473\Debug\Cm0Start.o
 .debug_abbrev  0x000003c9      0x18c .\CortexM0\ARM_GCC_473\Debug\Body_main.a(cyfitter_cfg.o)
 .debug_abbrev  0x00000555       0xc5 .\CortexM0\ARM_GCC_473\Debug\Body_main.a(I2C_1.o)
 .debug_abbrev  0x0000061a       0x7a .\CortexM0\ARM_GCC_473\Debug\Body_main.a(I2C_1_I2C.o)
 .debug_abbrev  0x00000694      0x156 .\CortexM0\ARM_GCC_473\Debug\Body_main.a(I2C_1_I2C_MASTER.o)
 .debug_abbrev  0x000007ea       0xc5 .\CortexM0\ARM_GCC_473\Debug\Body_main.a(UART_1.o)
 .debug_abbrev  0x000008af       0xee .\CortexM0\ARM_GCC_473\Debug\Body_main.a(UART_1_UART.o)
 .debug_abbrev  0x0000099d       0xac .\CortexM0\ARM_GCC_473\Debug\Body_main.a(I2C_1_sda.o)
 .debug_abbrev  0x00000a49       0xac .\CortexM0\ARM_GCC_473\Debug\Body_main.a(I2C_1_scl.o)
 .debug_abbrev  0x00000af5       0x14 .\CortexM0\ARM_GCC_473\Debug\Body_main.a(CyBootAsmGnu.o)
 .debug_abbrev  0x00000b09      0x1a2 .\CortexM0\ARM_GCC_473\Debug\Body_main.a(CyLib.o)
 .debug_abbrev  0x00000cab       0xac .\CortexM0\ARM_GCC_473\Debug\Body_main.a(ERRORPIN.o)
 .debug_abbrev  0x00000d57       0xac .\CortexM0\ARM_GCC_473\Debug\Body_main.a(POWERPIN.o)
 .debug_abbrev  0x00000e03       0x97 .\CortexM0\ARM_GCC_473\Debug\Body_main.a(I2C_1_I2C_INT.o)
 .debug_abbrev  0x00000e9a      0x151 .\CortexM0\ARM_GCC_473\Debug\Body_main.a(UART_1_SPI_UART.o)

.debug_line     0x00000000     0x1792
 *(.debug_line)
 .debug_line    0x00000000       0x9f .\CortexM0\ARM_GCC_473\Debug\main.o
 .debug_line    0x0000009f       0xad .\CortexM0\ARM_GCC_473\Debug\BTUART.o
 .debug_line    0x0000014c      0x182 .\CortexM0\ARM_GCC_473\Debug\Sensor.o
 .debug_line    0x000002ce       0x53 .\CortexM0\ARM_GCC_473\Debug\cymetadata.o
 .debug_line    0x00000321      0x19b .\CortexM0\ARM_GCC_473\Debug\Cm0Start.o
 .debug_line    0x000004bc      0x1b6 .\CortexM0\ARM_GCC_473\Debug\Body_main.a(cyfitter_cfg.o)
 .debug_line    0x00000672       0xdd .\CortexM0\ARM_GCC_473\Debug\Body_main.a(I2C_1.o)
 .debug_line    0x0000074f       0xa1 .\CortexM0\ARM_GCC_473\Debug\Body_main.a(I2C_1_I2C.o)
 .debug_line    0x000007f0      0x29c .\CortexM0\ARM_GCC_473\Debug\Body_main.a(I2C_1_I2C_MASTER.o)
 .debug_line    0x00000a8c       0xd8 .\CortexM0\ARM_GCC_473\Debug\Body_main.a(UART_1.o)
 .debug_line    0x00000b64      0x103 .\CortexM0\ARM_GCC_473\Debug\Body_main.a(UART_1_UART.o)
 .debug_line    0x00000c67       0xaf .\CortexM0\ARM_GCC_473\Debug\Body_main.a(I2C_1_sda.o)
 .debug_line    0x00000d16       0xaf .\CortexM0\ARM_GCC_473\Debug\Body_main.a(I2C_1_scl.o)
 .debug_line    0x00000dc5       0x68 .\CortexM0\ARM_GCC_473\Debug\Body_main.a(CyBootAsmGnu.o)
 .debug_line    0x00000e2d      0x541 .\CortexM0\ARM_GCC_473\Debug\Body_main.a(CyLib.o)
 .debug_line    0x0000136e       0xae .\CortexM0\ARM_GCC_473\Debug\Body_main.a(ERRORPIN.o)
 .debug_line    0x0000141c       0xae .\CortexM0\ARM_GCC_473\Debug\Body_main.a(POWERPIN.o)
 .debug_line    0x000014ca      0x1a1 .\CortexM0\ARM_GCC_473\Debug\Body_main.a(I2C_1_I2C_INT.o)
 .debug_line    0x0000166b      0x127 .\CortexM0\ARM_GCC_473\Debug\Body_main.a(UART_1_SPI_UART.o)

.debug_frame    0x00000000     0x1360
 *(.debug_frame)
 .debug_frame   0x00000000       0x80 .\CortexM0\ARM_GCC_473\Debug\main.o
 .debug_frame   0x00000080       0x6c .\CortexM0\ARM_GCC_473\Debug\BTUART.o
 .debug_frame   0x000000ec       0xc8 .\CortexM0\ARM_GCC_473\Debug\Sensor.o
 .debug_frame   0x000001b4       0xa8 .\CortexM0\ARM_GCC_473\Debug\Cm0Start.o
 .debug_frame   0x0000025c      0x108 .\CortexM0\ARM_GCC_473\Debug\Body_main.a(cyfitter_cfg.o)
 .debug_frame   0x00000364       0xd8 .\CortexM0\ARM_GCC_473\Debug\Body_main.a(I2C_1.o)
 .debug_frame   0x0000043c       0x48 .\CortexM0\ARM_GCC_473\Debug\Body_main.a(I2C_1_I2C.o)
 .debug_frame   0x00000484      0x1c0 .\CortexM0\ARM_GCC_473\Debug\Body_main.a(I2C_1_I2C_MASTER.o)
 .debug_frame   0x00000644       0xd8 .\CortexM0\ARM_GCC_473\Debug\Body_main.a(UART_1.o)
 .debug_frame   0x0000071c       0xec .\CortexM0\ARM_GCC_473\Debug\Body_main.a(UART_1_UART.o)
 .debug_frame   0x00000808       0xa8 .\CortexM0\ARM_GCC_473\Debug\Body_main.a(I2C_1_sda.o)
 .debug_frame   0x000008b0       0xa8 .\CortexM0\ARM_GCC_473\Debug\Body_main.a(I2C_1_scl.o)
 .debug_frame   0x00000958      0x628 .\CortexM0\ARM_GCC_473\Debug\Body_main.a(CyLib.o)
 .debug_frame   0x00000f80       0xa8 .\CortexM0\ARM_GCC_473\Debug\Body_main.a(ERRORPIN.o)
 .debug_frame   0x00001028       0xa8 .\CortexM0\ARM_GCC_473\Debug\Body_main.a(POWERPIN.o)
 .debug_frame   0x000010d0       0x30 .\CortexM0\ARM_GCC_473\Debug\Body_main.a(I2C_1_I2C_INT.o)
 .debug_frame   0x00001100      0x128 .\CortexM0\ARM_GCC_473\Debug\Body_main.a(UART_1_SPI_UART.o)
 .debug_frame   0x00001228       0x20 c:/program files (x86)/cypress/psoc creator/3.0/psoc creator/import/gnu_cs/arm/4.7.3/bin/../lib/gcc/arm-none-eabi/4.7.3/armv6-m\libgcc.a(_udivsi3.o)
 .debug_frame   0x00001248       0x20 c:/program files (x86)/cypress/psoc creator/3.0/psoc creator/import/gnu_cs/arm/4.7.3/bin/../lib/gcc/arm-none-eabi/4.7.3/armv6-m\libgcc.a(_divsi3.o)
 .debug_frame   0x00001268       0x28 c:/program files (x86)/cypress/psoc creator/3.0/psoc creator/import/gnu_cs/arm/4.7.3/bin/../lib/gcc/arm-none-eabi/4.7.3/../../../../arm-none-eabi/lib/armv6-m\libc_s.a(lib_a-__atexit2.o)
 .debug_frame   0x00001290       0x28 c:/program files (x86)/cypress/psoc creator/3.0/psoc creator/import/gnu_cs/arm/4.7.3/bin/../lib/gcc/arm-none-eabi/4.7.3/../../../../arm-none-eabi/lib/armv6-m\libc_s.a(lib_a-exit.o)
 .debug_frame   0x000012b8       0x2c c:/program files (x86)/cypress/psoc creator/3.0/psoc creator/import/gnu_cs/arm/4.7.3/bin/../lib/gcc/arm-none-eabi/4.7.3/../../../../arm-none-eabi/lib/armv6-m\libc_s.a(lib_a-fini.o)
 .debug_frame   0x000012e4       0x2c c:/program files (x86)/cypress/psoc creator/3.0/psoc creator/import/gnu_cs/arm/4.7.3/bin/../lib/gcc/arm-none-eabi/4.7.3/../../../../arm-none-eabi/lib/armv6-m\libc_s.a(lib_a-init.o)
 .debug_frame   0x00001310       0x28 c:/program files (x86)/cypress/psoc creator/3.0/psoc creator/import/gnu_cs/arm/4.7.3/bin/../lib/gcc/arm-none-eabi/4.7.3/../../../../arm-none-eabi/lib/armv6-m\libc_s.a(lib_a-memcpy.o)
 .debug_frame   0x00001338       0x28 c:/program files (x86)/cypress/psoc creator/3.0/psoc creator/import/gnu_cs/arm/4.7.3/bin/../lib/gcc/arm-none-eabi/4.7.3/../../../../arm-none-eabi/lib/armv6-m\libc_s.a(lib_a-memset.o)

.debug_str      0x00000000     0x13b3
 *(.debug_str)
 .debug_str     0x00000000      0x164 .\CortexM0\ARM_GCC_473\Debug\main.o
                                0x19d (size before relaxing)
 .debug_str     0x00000164       0x6d .\CortexM0\ARM_GCC_473\Debug\BTUART.o
                                0x1e2 (size before relaxing)
 .debug_str     0x000001d1       0xb4 .\CortexM0\ARM_GCC_473\Debug\Sensor.o
                                0x225 (size before relaxing)
 .debug_str     0x00000285       0x5b .\CortexM0\ARM_GCC_473\Debug\cymetadata.o
                                0x1cc (size before relaxing)
 .debug_str     0x000002e0      0x117 .\CortexM0\ARM_GCC_473\Debug\Cm0Start.o
                                0x295 (size before relaxing)
 .debug_str     0x000003f7      0x1a0 .\CortexM0\ARM_GCC_473\Debug\Body_main.a(cyfitter_cfg.o)
                                0x354 (size before relaxing)
 .debug_str     0x00000597       0xc1 .\CortexM0\ARM_GCC_473\Debug\Body_main.a(I2C_1.o)
                                0x24c (size before relaxing)
 .debug_str     0x00000658       0x88 .\CortexM0\ARM_GCC_473\Debug\Body_main.a(I2C_1_I2C.o)
                                0x20d (size before relaxing)
 .debug_str     0x000006e0      0x25b .\CortexM0\ARM_GCC_473\Debug\Body_main.a(I2C_1_I2C_MASTER.o)
                                0x42e (size before relaxing)
 .debug_str     0x0000093b       0xc6 .\CortexM0\ARM_GCC_473\Debug\Body_main.a(UART_1.o)
                                0x256 (size before relaxing)
 .debug_str     0x00000a01      0x10e .\CortexM0\ARM_GCC_473\Debug\Body_main.a(UART_1_UART.o)
                                0x28e (size before relaxing)
 .debug_str     0x00000b0f       0x9d .\CortexM0\ARM_GCC_473\Debug\Body_main.a(I2C_1_sda.o)
                                0x21d (size before relaxing)
 .debug_str     0x00000bac       0x8a .\CortexM0\ARM_GCC_473\Debug\Body_main.a(I2C_1_scl.o)
                                0x21d (size before relaxing)
 .debug_str     0x00000c36      0x4f2 .\CortexM0\ARM_GCC_473\Debug\Body_main.a(CyLib.o)
                                0x6a8 (size before relaxing)
 .debug_str     0x00001128       0x84 .\CortexM0\ARM_GCC_473\Debug\Body_main.a(ERRORPIN.o)
                                0x217 (size before relaxing)
 .debug_str     0x000011ac       0x84 .\CortexM0\ARM_GCC_473\Debug\Body_main.a(POWERPIN.o)
                                0x217 (size before relaxing)
 .debug_str     0x00001230       0x4d .\CortexM0\ARM_GCC_473\Debug\Body_main.a(I2C_1_I2C_INT.o)
                                0x2b6 (size before relaxing)
 .debug_str     0x0000127d      0x136 .\CortexM0\ARM_GCC_473\Debug\Body_main.a(UART_1_SPI_UART.o)
                                0x2d4 (size before relaxing)

.debug_loc      0x00000000     0x1cac
 *(.debug_loc)
 .debug_loc     0x00000000       0xb0 .\CortexM0\ARM_GCC_473\Debug\main.o
 .debug_loc     0x000000b0       0x9c .\CortexM0\ARM_GCC_473\Debug\BTUART.o
 .debug_loc     0x0000014c      0x138 .\CortexM0\ARM_GCC_473\Debug\Sensor.o
 .debug_loc     0x00000284      0x100 .\CortexM0\ARM_GCC_473\Debug\Cm0Start.o
 .debug_loc     0x00000384      0x1a8 .\CortexM0\ARM_GCC_473\Debug\Body_main.a(cyfitter_cfg.o)
 .debug_loc     0x0000052c      0x140 .\CortexM0\ARM_GCC_473\Debug\Body_main.a(I2C_1.o)
 .debug_loc     0x0000066c       0x58 .\CortexM0\ARM_GCC_473\Debug\Body_main.a(I2C_1_I2C.o)
 .debug_loc     0x000006c4      0x2e0 .\CortexM0\ARM_GCC_473\Debug\Body_main.a(I2C_1_I2C_MASTER.o)
 .debug_loc     0x000009a4      0x140 .\CortexM0\ARM_GCC_473\Debug\Body_main.a(UART_1.o)
 .debug_loc     0x00000ae4      0x17c .\CortexM0\ARM_GCC_473\Debug\Body_main.a(UART_1_UART.o)
 .debug_loc     0x00000c60      0x100 .\CortexM0\ARM_GCC_473\Debug\Body_main.a(I2C_1_sda.o)
 .debug_loc     0x00000d60      0x100 .\CortexM0\ARM_GCC_473\Debug\Body_main.a(I2C_1_scl.o)
 .debug_loc     0x00000e60      0xa34 .\CortexM0\ARM_GCC_473\Debug\Body_main.a(CyLib.o)
 .debug_loc     0x00001894      0x100 .\CortexM0\ARM_GCC_473\Debug\Body_main.a(ERRORPIN.o)
 .debug_loc     0x00001994      0x100 .\CortexM0\ARM_GCC_473\Debug\Body_main.a(POWERPIN.o)
 .debug_loc     0x00001a94       0x38 .\CortexM0\ARM_GCC_473\Debug\Body_main.a(I2C_1_I2C_INT.o)
 .debug_loc     0x00001acc      0x1e0 .\CortexM0\ARM_GCC_473\Debug\Body_main.a(UART_1_SPI_UART.o)

.debug_macinfo
 *(.debug_macinfo)

.debug_ranges   0x00000000      0x4f8
 *(.debug_ranges)
 .debug_ranges  0x00000000       0x28 .\CortexM0\ARM_GCC_473\Debug\main.o
 .debug_ranges  0x00000028       0x20 .\CortexM0\ARM_GCC_473\Debug\BTUART.o
 .debug_ranges  0x00000048       0x38 .\CortexM0\ARM_GCC_473\Debug\Sensor.o
 .debug_ranges  0x00000080       0x30 .\CortexM0\ARM_GCC_473\Debug\Cm0Start.o
 .debug_ranges  0x000000b0       0x48 .\CortexM0\ARM_GCC_473\Debug\Body_main.a(cyfitter_cfg.o)
 .debug_ranges  0x000000f8       0x40 .\CortexM0\ARM_GCC_473\Debug\Body_main.a(I2C_1.o)
 .debug_ranges  0x00000138       0x18 .\CortexM0\ARM_GCC_473\Debug\Body_main.a(I2C_1_I2C.o)
 .debug_ranges  0x00000150       0x78 .\CortexM0\ARM_GCC_473\Debug\Body_main.a(I2C_1_I2C_MASTER.o)
 .debug_ranges  0x000001c8       0x40 .\CortexM0\ARM_GCC_473\Debug\Body_main.a(UART_1.o)
 .debug_ranges  0x00000208       0x40 .\CortexM0\ARM_GCC_473\Debug\Body_main.a(UART_1_UART.o)
 .debug_ranges  0x00000248       0x30 .\CortexM0\ARM_GCC_473\Debug\Body_main.a(I2C_1_sda.o)
 .debug_ranges  0x00000278       0x30 .\CortexM0\ARM_GCC_473\Debug\Body_main.a(I2C_1_scl.o)
 .debug_ranges  0x000002a8      0x190 .\CortexM0\ARM_GCC_473\Debug\Body_main.a(CyLib.o)
 .debug_ranges  0x00000438       0x30 .\CortexM0\ARM_GCC_473\Debug\Body_main.a(ERRORPIN.o)
 .debug_ranges  0x00000468       0x30 .\CortexM0\ARM_GCC_473\Debug\Body_main.a(POWERPIN.o)
 .debug_ranges  0x00000498       0x10 .\CortexM0\ARM_GCC_473\Debug\Body_main.a(I2C_1_I2C_INT.o)
 .debug_ranges  0x000004a8       0x50 .\CortexM0\ARM_GCC_473\Debug\Body_main.a(UART_1_SPI_UART.o)

.comment        0x00000000       0x70
 .comment       0x00000000       0x70 .\CortexM0\ARM_GCC_473\Debug\main.o
                                 0x71 (size before relaxing)
 .comment       0x00000000       0x71 .\CortexM0\ARM_GCC_473\Debug\BTUART.o
 .comment       0x00000000       0x71 .\CortexM0\ARM_GCC_473\Debug\Sensor.o
 .comment       0x00000000       0x71 .\CortexM0\ARM_GCC_473\Debug\cymetadata.o
 .comment       0x00000000       0x71 .\CortexM0\ARM_GCC_473\Debug\Cm0Start.o
 .comment       0x00000000       0x71 .\CortexM0\ARM_GCC_473\Debug\Body_main.a(cyfitter_cfg.o)
 .comment       0x00000000       0x71 .\CortexM0\ARM_GCC_473\Debug\Body_main.a(I2C_1.o)
 .comment       0x00000000       0x71 .\CortexM0\ARM_GCC_473\Debug\Body_main.a(I2C_1_I2C.o)
 .comment       0x00000000       0x71 .\CortexM0\ARM_GCC_473\Debug\Body_main.a(I2C_1_I2C_MASTER.o)
 .comment       0x00000000       0x71 .\CortexM0\ARM_GCC_473\Debug\Body_main.a(UART_1.o)
 .comment       0x00000000       0x71 .\CortexM0\ARM_GCC_473\Debug\Body_main.a(UART_1_UART.o)
 .comment       0x00000000       0x71 .\CortexM0\ARM_GCC_473\Debug\Body_main.a(I2C_1_sda.o)
 .comment       0x00000000       0x71 .\CortexM0\ARM_GCC_473\Debug\Body_main.a(I2C_1_scl.o)
 .comment       0x00000000       0x71 .\CortexM0\ARM_GCC_473\Debug\Body_main.a(CyLib.o)
 .comment       0x00000000       0x71 .\CortexM0\ARM_GCC_473\Debug\Body_main.a(ERRORPIN.o)
 .comment       0x00000000       0x71 .\CortexM0\ARM_GCC_473\Debug\Body_main.a(POWERPIN.o)
 .comment       0x00000000       0x71 .\CortexM0\ARM_GCC_473\Debug\Body_main.a(I2C_1_I2C_INT.o)
 .comment       0x00000000       0x71 .\CortexM0\ARM_GCC_473\Debug\Body_main.a(UART_1_SPI_UART.o)

.debug_weaknames
 *(.debug_weaknames)

.debug_funcnames
 *(.debug_funcnames)

.debug_typenames
 *(.debug_typenames)

.debug_varnames
 *(.debug_varnames)

.note.gnu.arm.ident
 *(.note.gnu.arm.ident)

.ARM.attributes
                0x00000000       0x28
 *(.ARM.attributes)
 .ARM.attributes
                0x00000000       0x1e c:/program files (x86)/cypress/psoc creator/3.0/psoc creator/import/gnu_cs/arm/4.7.3/bin/../lib/gcc/arm-none-eabi/4.7.3/armv6-m/crti.o
 .ARM.attributes
                0x0000001e       0x2c c:/program files (x86)/cypress/psoc creator/3.0/psoc creator/import/gnu_cs/arm/4.7.3/bin/../lib/gcc/arm-none-eabi/4.7.3/armv6-m/crtbegin.o
 .ARM.attributes
                0x0000004a       0x1c c:/program files (x86)/cypress/psoc creator/3.0/psoc creator/import/gnu_cs/arm/4.7.3/bin/../lib/gcc/arm-none-eabi/4.7.3/../../../../arm-none-eabi/lib/armv6-m/crt0.o
 .ARM.attributes
                0x00000066       0x31 .\CortexM0\ARM_GCC_473\Debug\main.o
 .ARM.attributes
                0x00000097       0x31 .\CortexM0\ARM_GCC_473\Debug\BTUART.o
 .ARM.attributes
                0x000000c8       0x31 .\CortexM0\ARM_GCC_473\Debug\Sensor.o
 .ARM.attributes
                0x000000f9       0x31 .\CortexM0\ARM_GCC_473\Debug\cymetadata.o
 .ARM.attributes
                0x0000012a       0x31 .\CortexM0\ARM_GCC_473\Debug\Cm0Start.o
 .ARM.attributes
                0x0000015b       0x31 .\CortexM0\ARM_GCC_473\Debug\Body_main.a(cyfitter_cfg.o)
 .ARM.attributes
                0x0000018c       0x31 .\CortexM0\ARM_GCC_473\Debug\Body_main.a(I2C_1.o)
 .ARM.attributes
                0x000001bd       0x31 .\CortexM0\ARM_GCC_473\Debug\Body_main.a(I2C_1_I2C.o)
 .ARM.attributes
                0x000001ee       0x31 .\CortexM0\ARM_GCC_473\Debug\Body_main.a(I2C_1_I2C_MASTER.o)
 .ARM.attributes
                0x0000021f       0x31 .\CortexM0\ARM_GCC_473\Debug\Body_main.a(UART_1.o)
 .ARM.attributes
                0x00000250       0x31 .\CortexM0\ARM_GCC_473\Debug\Body_main.a(UART_1_UART.o)
 .ARM.attributes
                0x00000281       0x31 .\CortexM0\ARM_GCC_473\Debug\Body_main.a(I2C_1_sda.o)
 .ARM.attributes
                0x000002b2       0x31 .\CortexM0\ARM_GCC_473\Debug\Body_main.a(I2C_1_scl.o)
 .ARM.attributes
                0x000002e3       0x21 .\CortexM0\ARM_GCC_473\Debug\Body_main.a(CyBootAsmGnu.o)
 .ARM.attributes
                0x00000304       0x31 .\CortexM0\ARM_GCC_473\Debug\Body_main.a(CyLib.o)
 .ARM.attributes
                0x00000335       0x31 .\CortexM0\ARM_GCC_473\Debug\Body_main.a(ERRORPIN.o)
 .ARM.attributes
                0x00000366       0x31 .\CortexM0\ARM_GCC_473\Debug\Body_main.a(POWERPIN.o)
 .ARM.attributes
                0x00000397       0x31 .\CortexM0\ARM_GCC_473\Debug\Body_main.a(I2C_1_I2C_INT.o)
 .ARM.attributes
                0x000003c8       0x31 .\CortexM0\ARM_GCC_473\Debug\Body_main.a(UART_1_SPI_UART.o)
 .ARM.attributes
                0x000003f9       0x1e c:/program files (x86)/cypress/psoc creator/3.0/psoc creator/import/gnu_cs/arm/4.7.3/bin/../lib/gcc/arm-none-eabi/4.7.3/armv6-m\libgcc.a(_udivsi3.o)
 .ARM.attributes
                0x00000417       0x1e c:/program files (x86)/cypress/psoc creator/3.0/psoc creator/import/gnu_cs/arm/4.7.3/bin/../lib/gcc/arm-none-eabi/4.7.3/armv6-m\libgcc.a(_divsi3.o)
 .ARM.attributes
                0x00000435       0x1e c:/program files (x86)/cypress/psoc creator/3.0/psoc creator/import/gnu_cs/arm/4.7.3/bin/../lib/gcc/arm-none-eabi/4.7.3/armv6-m\libgcc.a(_dvmd_tls.o)
 .ARM.attributes
                0x00000453       0x2c c:/program files (x86)/cypress/psoc creator/3.0/psoc creator/import/gnu_cs/arm/4.7.3/bin/../lib/gcc/arm-none-eabi/4.7.3/../../../../arm-none-eabi/lib/armv6-m\libc_s.a(lib_a-__atexit2.o)
 .ARM.attributes
                0x0000047f       0x2c c:/program files (x86)/cypress/psoc creator/3.0/psoc creator/import/gnu_cs/arm/4.7.3/bin/../lib/gcc/arm-none-eabi/4.7.3/../../../../arm-none-eabi/lib/armv6-m\libc_s.a(lib_a-exit.o)
 .ARM.attributes
                0x000004ab       0x2c c:/program files (x86)/cypress/psoc creator/3.0/psoc creator/import/gnu_cs/arm/4.7.3/bin/../lib/gcc/arm-none-eabi/4.7.3/../../../../arm-none-eabi/lib/armv6-m\libc_s.a(lib_a-fini.o)
 .ARM.attributes
                0x000004d7       0x2c c:/program files (x86)/cypress/psoc creator/3.0/psoc creator/import/gnu_cs/arm/4.7.3/bin/../lib/gcc/arm-none-eabi/4.7.3/../../../../arm-none-eabi/lib/armv6-m\libc_s.a(lib_a-impure.o)
 .ARM.attributes
                0x00000503       0x2c c:/program files (x86)/cypress/psoc creator/3.0/psoc creator/import/gnu_cs/arm/4.7.3/bin/../lib/gcc/arm-none-eabi/4.7.3/../../../../arm-none-eabi/lib/armv6-m\libc_s.a(lib_a-init.o)
 .ARM.attributes
                0x0000052f       0x2c c:/program files (x86)/cypress/psoc creator/3.0/psoc creator/import/gnu_cs/arm/4.7.3/bin/../lib/gcc/arm-none-eabi/4.7.3/../../../../arm-none-eabi/lib/armv6-m\libc_s.a(lib_a-memcpy.o)
 .ARM.attributes
                0x0000055b       0x2c c:/program files (x86)/cypress/psoc creator/3.0/psoc creator/import/gnu_cs/arm/4.7.3/bin/../lib/gcc/arm-none-eabi/4.7.3/../../../../arm-none-eabi/lib/armv6-m\libc_s.a(lib_a-memset.o)
 .ARM.attributes
                0x00000587       0x2c c:/program files (x86)/cypress/psoc creator/3.0/psoc creator/import/gnu_cs/arm/4.7.3/bin/../lib/gcc/arm-none-eabi/4.7.3/armv6-m/crtend.o
 .ARM.attributes
                0x000005b3       0x1e c:/program files (x86)/cypress/psoc creator/3.0/psoc creator/import/gnu_cs/arm/4.7.3/bin/../lib/gcc/arm-none-eabi/4.7.3/armv6-m/crtn.o

/DISCARD/
 *(.note.GNU-stack)
OUTPUT(.\CortexM0\ARM_GCC_473\Debug\Body_main.elf elf32-littlearm)
