Archive member included because of file (symbol)

.\CortexM0\ARM_GCC_473\Debug\Body_main.a(cyfitter_cfg.o)
                              .\CortexM0\ARM_GCC_473\Debug\Cm0Start.o (cyfitter_cfg)
.\CortexM0\ARM_GCC_473\Debug\Body_main.a(I2C_1.o)
                              .\CortexM0\ARM_GCC_473\Debug\main.o (I2C_1_Start)
.\CortexM0\ARM_GCC_473\Debug\Body_main.a(I2C_1_I2C.o)
                              .\CortexM0\ARM_GCC_473\Debug\Body_main.a(I2C_1.o) (I2C_1_I2CInit)
.\CortexM0\ARM_GCC_473\Debug\Body_main.a(I2C_1_I2C_MASTER.o)
                              .\CortexM0\ARM_GCC_473\Debug\Body_main.a(I2C_1_I2C.o) (I2C_1_mstrStatus)
.\CortexM0\ARM_GCC_473\Debug\Body_main.a(UART_1.o)
                              .\CortexM0\ARM_GCC_473\Debug\main.o (UART_1_Start)
.\CortexM0\ARM_GCC_473\Debug\Body_main.a(UART_1_SPI_UART.o)
                              .\CortexM0\ARM_GCC_473\Debug\main.o (UART_1_SpiUartWriteTxData)
.\CortexM0\ARM_GCC_473\Debug\Body_main.a(UART_1_UART.o)
                              .\CortexM0\ARM_GCC_473\Debug\Body_main.a(UART_1.o) (UART_1_UartInit)
.\CortexM0\ARM_GCC_473\Debug\Body_main.a(I2C_1_sda.o)
                              .\CortexM0\ARM_GCC_473\Debug\Body_main.a(I2C_1_I2C_MASTER.o) (I2C_1_sda_Read)
.\CortexM0\ARM_GCC_473\Debug\Body_main.a(I2C_1_scl.o)
                              .\CortexM0\ARM_GCC_473\Debug\Body_main.a(I2C_1_I2C_MASTER.o) (I2C_1_scl_Write)
.\CortexM0\ARM_GCC_473\Debug\Body_main.a(CyBootAsmGnu.o)
                              .\CortexM0\ARM_GCC_473\Debug\Body_main.a(cyfitter_cfg.o) (CyDelayCycles)
.\CortexM0\ARM_GCC_473\Debug\Body_main.a(CyLib.o)
                              .\CortexM0\ARM_GCC_473\Debug\Body_main.a(cyfitter_cfg.o) (CyDelayUs)
.\CortexM0\ARM_GCC_473\Debug\Body_main.a(I2C_1_I2C_INT.o)
                              .\CortexM0\ARM_GCC_473\Debug\Body_main.a(I2C_1_I2C.o) (I2C_1_I2C_ISR)
c:/program files (x86)/cypress/psoc creator/3.0/psoc creator/import/gnu_cs/arm/4.7.3/bin/../lib/gcc/arm-none-eabi/4.7.3/armv6-m\libgcc.a(_udivsi3.o)
                              .\CortexM0\ARM_GCC_473\Debug\Body_main.a(CyLib.o) (__aeabi_uidiv)
c:/program files (x86)/cypress/psoc creator/3.0/psoc creator/import/gnu_cs/arm/4.7.3/bin/../lib/gcc/arm-none-eabi/4.7.3/armv6-m\libgcc.a(_divsi3.o)
                              .\CortexM0\ARM_GCC_473\Debug\Cm0Start.o (__aeabi_idiv)
c:/program files (x86)/cypress/psoc creator/3.0/psoc creator/import/gnu_cs/arm/4.7.3/bin/../lib/gcc/arm-none-eabi/4.7.3/armv6-m\libgcc.a(_dvmd_tls.o)
                              c:/program files (x86)/cypress/psoc creator/3.0/psoc creator/import/gnu_cs/arm/4.7.3/bin/../lib/gcc/arm-none-eabi/4.7.3/armv6-m\libgcc.a(_udivsi3.o) (__aeabi_idiv0)
c:/program files (x86)/cypress/psoc creator/3.0/psoc creator/import/gnu_cs/arm/4.7.3/bin/../lib/gcc/arm-none-eabi/4.7.3/../../../../arm-none-eabi/lib/armv6-m\libc_s.a(lib_a-__atexit2.o)
                              c:/program files (x86)/cypress/psoc creator/3.0/psoc creator/import/gnu_cs/arm/4.7.3/bin/../lib/gcc/arm-none-eabi/4.7.3/../../../../arm-none-eabi/lib/armv6-m/crt0.o (__register_exitproc)
c:/program files (x86)/cypress/psoc creator/3.0/psoc creator/import/gnu_cs/arm/4.7.3/bin/../lib/gcc/arm-none-eabi/4.7.3/../../../../arm-none-eabi/lib/armv6-m\libc_s.a(lib_a-exit.o)
                              c:/program files (x86)/cypress/psoc creator/3.0/psoc creator/import/gnu_cs/arm/4.7.3/bin/../lib/gcc/arm-none-eabi/4.7.3/../../../../arm-none-eabi/lib/armv6-m/crt0.o (exit)
c:/program files (x86)/cypress/psoc creator/3.0/psoc creator/import/gnu_cs/arm/4.7.3/bin/../lib/gcc/arm-none-eabi/4.7.3/../../../../arm-none-eabi/lib/armv6-m\libc_s.a(lib_a-fini.o)
                              c:/program files (x86)/cypress/psoc creator/3.0/psoc creator/import/gnu_cs/arm/4.7.3/bin/../lib/gcc/arm-none-eabi/4.7.3/../../../../arm-none-eabi/lib/armv6-m/crt0.o (__libc_fini_array)
c:/program files (x86)/cypress/psoc creator/3.0/psoc creator/import/gnu_cs/arm/4.7.3/bin/../lib/gcc/arm-none-eabi/4.7.3/../../../../arm-none-eabi/lib/armv6-m\libc_s.a(lib_a-impure.o)
                              c:/program files (x86)/cypress/psoc creator/3.0/psoc creator/import/gnu_cs/arm/4.7.3/bin/../lib/gcc/arm-none-eabi/4.7.3/../../../../arm-none-eabi/lib/armv6-m\libc_s.a(lib_a-exit.o) (_global_impure_ptr)
c:/program files (x86)/cypress/psoc creator/3.0/psoc creator/import/gnu_cs/arm/4.7.3/bin/../lib/gcc/arm-none-eabi/4.7.3/../../../../arm-none-eabi/lib/armv6-m\libc_s.a(lib_a-init.o)
                              c:/program files (x86)/cypress/psoc creator/3.0/psoc creator/import/gnu_cs/arm/4.7.3/bin/../lib/gcc/arm-none-eabi/4.7.3/../../../../arm-none-eabi/lib/armv6-m/crt0.o (__libc_init_array)
c:/program files (x86)/cypress/psoc creator/3.0/psoc creator/import/gnu_cs/arm/4.7.3/bin/../lib/gcc/arm-none-eabi/4.7.3/../../../../arm-none-eabi/lib/armv6-m\libc_s.a(lib_a-memcpy.o)
                              .\CortexM0\ARM_GCC_473\Debug\Body_main.a(cyfitter_cfg.o) (memcpy)
[...]
Memory Configuration

Name             Origin             Length             Attributes
rom              0x00000000         0x00008000         xr
ram              0x20000000         0x00001000         xrw
*default*        0x00000000         0xffffffff

Linker script and memory map

LOAD c:/program files (x86)/cypress/psoc creator/3.0/psoc creator/import/gnu_cs/arm/4.7.3/bin/../lib/gcc/arm-none-eabi/4.7.3/armv6-m/crti.o
LOAD c:/program files (x86)/cypress/psoc creator/3.0/psoc creator/import/gnu_cs/arm/4.7.3/bin/../lib/gcc/arm-none-eabi/4.7.3/armv6-m/crtbegin.o
LOAD c:/program files (x86)/cypress/psoc creator/3.0/psoc creator/import/gnu_cs/arm/4.7.3/bin/../lib/gcc/arm-none-eabi/4.7.3/../../../../arm-none-eabi/lib/armv6-m/crt0.o
START GROUP
LOAD .\CortexM0\ARM_GCC_473\Debug\main.o
LOAD .\CortexM0\ARM_GCC_473\Debug\cymetadata.o
LOAD .\CortexM0\ARM_GCC_473\Debug\Cm0Start.o
LOAD .\CortexM0\ARM_GCC_473\Debug\Body_main.a
LOAD C:\Program Files (x86)\Cypress\PSoC Creator\3.0\PSoC Creator\psoc\content\cycomponentlibrary\CyComponentLibrary.cylib\CortexM0\ARM_GCC_473\Debug\CyComponentLibrary.a
END GROUP
START GROUP
LOAD c:/program files (x86)/cypress/psoc creator/3.0/psoc creator/import/gnu_cs/arm/4.7.3/bin/../lib/gcc/arm-none-eabi/4.7.3/armv6-m\libgcc.a
LOAD c:/program files (x86)/cypress/psoc creator/3.0/psoc creator/import/gnu_cs/arm/4.7.3/bin/../lib/gcc/arm-none-eabi/4.7.3/../../../../arm-none-eabi/lib/armv6-m\libc_s.a
END GROUP
LOAD c:/program files (x86)/cypress/psoc creator/3.0/psoc creator/import/gnu_cs/arm/4.7.3/bin/../lib/gcc/arm-none-eabi/4.7.3/armv6-m/crtend.o
LOAD c:/program files (x86)/cypress/psoc creator/3.0/psoc creator/import/gnu_cs/arm/4.7.3/bin/../lib/gcc/arm-none-eabi/4.7.3/armv6-m/crtn.o
START GROUP
LOAD c:/program files (x86)/cypress/psoc creator/3.0/psoc creator/import/gnu_cs/arm/4.7.3/bin/../lib/gcc/arm-none-eabi/4.7.3/armv6-m\libgcc.a
LOAD c:/program files (x86)/cypress/psoc creator/3.0/psoc creator/import/gnu_cs/arm/4.7.3/bin/../lib/gcc/arm-none-eabi/4.7.3/../../../../arm-none-eabi/lib/armv6-m\libc.a
LOAD c:/program files (x86)/cypress/psoc creator/3.0/psoc creator/import/gnu_cs/arm/4.7.3/bin/../lib/gcc/arm-none-eabi/4.7.3/../../../../arm-none-eabi/lib/armv6-m\libnosys.a
END GROUP
                0x00000000                CY_APPL_ORIGIN = 0x0
                0x00000080                CY_FLASH_ROW_SIZE = 0x80
                0x00000001                CY_APPL_NUM = 0x1
                0x00000040                CY_METADATA_SIZE = 0x40
                0x20000730                PROVIDE (__cy_heap_start, _end)
                0x00000001                PROVIDE (__cy_region_num, ((__cy_regions_end - __cy_regions) / 0x10))
                0x20001000                PROVIDE (__cy_stack, (ORIGIN (ram) + 0x1000))
                0x20000c00                PROVIDE (__cy_heap_end, (__cy_stack - 0x400))

.cybootloader   0x00000000        0x0
 *(.cybootloader)
                0x00000000                appl1_start = CY_APPL_ORIGIN?CY_APPL_ORIGIN:ALIGN (CY_FLASH_ROW_SIZE)
                0x00003f80                appl2_start = (appl1_start + ALIGN ((((0x8000 - appl1_start) - (0x2 * CY_FLASH_ROW_SIZE)) / 0x2), CY_FLASH_ROW_SIZE))
                0x00000000                appl_start = (CY_APPL_NUM == 0x1)?appl1_start:appl2_start

.text           0x00000000     0x2000
 CREATE_OBJECT_SYMBOLS
                0x00000000                PROVIDE (__cy_interrupt_vector, RomVectors)
 *(.romvectors)
 .romvectors    0x00000000       0x10 .\CortexM0\ARM_GCC_473\Debug\Cm0Start.o
                0x00000000                RomVectors
                0x00000001                ASSERT ((. != __cy_interrupt_vector), No interrupt vector)
                0x00000001                ASSERT (CY_APPL_ORIGIN?(SIZEOF (.cybootloader) <= CY_APPL_ORIGIN):0x1, Wrong image location)
                0x00000010                PROVIDE (__cy_reset, Reset)
 *(.text.Reset)
 .text.Reset    0x00000010        0x8 .\CortexM0\ARM_GCC_473\Debug\Cm0Start.o
                0x00000010                Reset
                0x00000001                ASSERT ((. != __cy_reset), No reset code)
 *(.psocinit)
 .psocinit      0x00000018      0x260 .\CortexM0\ARM_GCC_473\Debug\Body_main.a(cyfitter_cfg.o)
                0x00000168                cyfitter_cfg
                0x00000278                . = MAX (., 0x100)
 *(.text .text.* .gnu.linkonce.t.*)
 .text          0x00000278       0x60 c:/program files (x86)/cypress/psoc creator/3.0/psoc creator/import/gnu_cs/arm/4.7.3/bin/../lib/gcc/arm-none-eabi/4.7.3/armv6-m/crtbegin.o
 .text.main     0x000002d8       0xa4 .\CortexM0\ARM_GCC_473\Debug\main.o
                0x000002d8                main
 .text.initSensors
                0x0000037c        0xc .\CortexM0\ARM_GCC_473\Debug\main.o
                0x0000037c                initSensors
 .text.setSensArray
                0x00000388       0x6c .\CortexM0\ARM_GCC_473\Debug\main.o
                0x00000388                setSensArray
 .text.readAllSensors
                0x000003f4       0x34 .\CortexM0\ARM_GCC_473\Debug\main.o
                0x000003f4                readAllSensors
 .text.readI2C  0x00000428       0x94 .\CortexM0\ARM_GCC_473\Debug\main.o
                0x00000428                readI2C
 .text.setupI2C
                0x000004bc       0x10 .\CortexM0\ARM_GCC_473\Debug\main.o
                0x000004bc                setupI2C
 .text.initADXL345
                0x000004cc       0x88 .\CortexM0\ARM_GCC_473\Debug\main.o
                0x000004cc                initADXL345
 .text.convSensData
                0x00000554       0xe4 .\CortexM0\ARM_GCC_473\Debug\main.o
                0x00000554                convSensData
 .text.setdataArray
                0x00000638       0x74 .\CortexM0\ARM_GCC_473\Debug\main.o
                0x00000638                setdataArray
 .text.initUART
                0x000006ac       0x18 .\CortexM0\ARM_GCC_473\Debug\main.o
                0x000006ac                initUART
 .text.handleI2CError
                0x000006c4        0xc .\CortexM0\ARM_GCC_473\Debug\main.o
                0x000006c4                handleI2CError
 .text.IntDefaultHandler
                0x000006d0        0x8 .\CortexM0\ARM_GCC_473\Debug\Cm0Start.o
                0x000006d0                IntDefaultHandler
 .text.Start_c  0x000006d8       0xa4 .\CortexM0\ARM_GCC_473\Debug\Cm0Start.o
                0x000006d8                Start_c
 .text.initialize_psoc
                0x0000077c       0x64 .\CortexM0\ARM_GCC_473\Debug\Cm0Start.o
                0x0000077c                initialize_psoc
 .text.CYMEMZERO
                0x000007e0       0x20 .\CortexM0\ARM_GCC_473\Debug\Body_main.a(cyfitter_cfg.o)
 .text.AnalogSetDefault
                0x00000800        0x8 .\CortexM0\ARM_GCC_473\Debug\Body_main.a(cyfitter_cfg.o)
 .text.I2C_1_Init
                0x00000808        0xc .\CortexM0\ARM_GCC_473\Debug\Body_main.a(I2C_1.o)
                0x00000808                I2C_1_Init
 .text.I2C_1_Enable
                0x00000814       0x20 .\CortexM0\ARM_GCC_473\Debug\Body_main.a(I2C_1.o)
                0x00000814                I2C_1_Enable
 .text.I2C_1_Start
                0x00000834       0x24 .\CortexM0\ARM_GCC_473\Debug\Body_main.a(I2C_1.o)
                0x00000834                I2C_1_Start
 .text.I2C_1_ScbEnableIntr
                0x00000858       0x10 .\CortexM0\ARM_GCC_473\Debug\Body_main.a(I2C_1.o)
 .text.I2C_1_I2CInit
                0x00000868       0xf0 .\CortexM0\ARM_GCC_473\Debug\Body_main.a(I2C_1_I2C.o)
                0x00000868                I2C_1_I2CInit
 .text.I2C_1_I2CMasterSendStart
                0x00000958      0x110 .\CortexM0\ARM_GCC_473\Debug\Body_main.a(I2C_1_I2C_MASTER.o)
                0x00000958                I2C_1_I2CMasterSendStart
 .text.I2C_1_I2CMasterSendRestart
                0x00000a68      0x108 .\CortexM0\ARM_GCC_473\Debug\Body_main.a(I2C_1_I2C_MASTER.o)
                0x00000a68                I2C_1_I2CMasterSendRestart
 .text.I2C_1_I2CMasterSendStop
                0x00000b70       0xbc .\CortexM0\ARM_GCC_473\Debug\Body_main.a(I2C_1_I2C_MASTER.o)
                0x00000b70                I2C_1_I2CMasterSendStop
 .text.I2C_1_I2CMasterWriteByte
                0x00000c2c       0xcc .\CortexM0\ARM_GCC_473\Debug\Body_main.a(I2C_1_I2C_MASTER.o)
                0x00000c2c                I2C_1_I2CMasterWriteByte
 .text.I2C_1_I2CMasterReadByte
                0x00000cf8       0xac .\CortexM0\ARM_GCC_473\Debug\Body_main.a(I2C_1_I2C_MASTER.o)
                0x00000cf8                I2C_1_I2CMasterReadByte
 .text.I2C_1_I2CMasterClearStatus
                0x00000da4       0x24 .\CortexM0\ARM_GCC_473\Debug\Body_main.a(I2C_1_I2C_MASTER.o)
                0x00000da4                I2C_1_I2CMasterClearStatus
 .text.I2C_1_I2CReStartGeneration
                0x00000dc8       0xb0 .\CortexM0\ARM_GCC_473\Debug\Body_main.a(I2C_1_I2C_MASTER.o)
                0x00000dc8                I2C_1_I2CReStartGeneration
 .text.UART_1_Init
                0x00000e78        0xc .\CortexM0\ARM_GCC_473\Debug\Body_main.a(UART_1.o)
                0x00000e78                UART_1_Init
 .text.UART_1_Enable
                0x00000e84       0x20 .\CortexM0\ARM_GCC_473\Debug\Body_main.a(UART_1.o)
                0x00000e84                UART_1_Enable
 .text.UART_1_Start
                0x00000ea4       0x24 .\CortexM0\ARM_GCC_473\Debug\Body_main.a(UART_1.o)
                0x00000ea4                UART_1_Start
 .text.UART_1_ScbEnableIntr
                0x00000ec8        0x8 .\CortexM0\ARM_GCC_473\Debug\Body_main.a(UART_1.o)
 .text.UART_1_SpiUartWriteTxData
                0x00000ed0       0x2c .\CortexM0\ARM_GCC_473\Debug\Body_main.a(UART_1_SPI_UART.o)
                0x00000ed0                UART_1_SpiUartWriteTxData
 .text.UART_1_UartInit
                0x00000efc       0xa8 .\CortexM0\ARM_GCC_473\Debug\Body_main.a(UART_1_UART.o)
                0x00000efc                UART_1_UartInit
 .text.UART_1_UartPutString
                0x00000fa4       0x34 .\CortexM0\ARM_GCC_473\Debug\Body_main.a(UART_1_UART.o)
                0x00000fa4                UART_1_UartPutString
 .text.I2C_1_sda_Read
                0x00000fd8       0x1c .\CortexM0\ARM_GCC_473\Debug\Body_main.a(I2C_1_sda.o)
                0x00000fd8                I2C_1_sda_Read
 .text.I2C_1_scl_Write
                0x00000ff4       0x48 .\CortexM0\ARM_GCC_473\Debug\Body_main.a(I2C_1_scl.o)
                0x00000ff4                I2C_1_scl_Write
 .text.I2C_1_scl_Read
                0x0000103c       0x1c .\CortexM0\ARM_GCC_473\Debug\Body_main.a(I2C_1_scl.o)
                0x0000103c                I2C_1_scl_Read
 .text          0x00001058       0x20 .\CortexM0\ARM_GCC_473\Debug\Body_main.a(CyBootAsmGnu.o)
                0x00001058                CyDelayCycles
                0x0000106a                CyEnterCriticalSection
                0x00001072                CyExitCriticalSection
 .text.CyIntSetVector
                0x00001078       0x4c .\CortexM0\ARM_GCC_473\Debug\Body_main.a(CyLib.o)
                0x00001078                CyIntSetVector
 .text.CyIntSetPriority
                0x000010c4       0xa8 .\CortexM0\ARM_GCC_473\Debug\Body_main.a(CyLib.o)
                0x000010c4                CyIntSetPriority
 .text.CyIntEnable
                0x0000116c       0x2c .\CortexM0\ARM_GCC_473\Debug\Body_main.a(CyLib.o)
                0x0000116c                CyIntEnable
 .text.CyIntDisable
                0x00001198       0x2c .\CortexM0\ARM_GCC_473\Debug\Body_main.a(CyLib.o)
                0x00001198                CyIntDisable
 .text.CyHalt   0x000011c4       0x14 .\CortexM0\ARM_GCC_473\Debug\Body_main.a(CyLib.o)
                0x000011c4                CyHalt
 .text.CyDelayUs
                0x000011d8       0x28 .\CortexM0\ARM_GCC_473\Debug\Body_main.a(CyLib.o)
                0x000011d8                CyDelayUs
 .text.I2C_1_I2C_ISR
                0x00001200      0x4e8 .\CortexM0\ARM_GCC_473\Debug\Body_main.a(I2C_1_I2C_INT.o)
                0x00001200                I2C_1_I2C_ISR
 .text          0x000016e8       0x9c c:/program files (x86)/cypress/psoc creator/3.0/psoc creator/import/gnu_cs/arm/4.7.3/bin/../lib/gcc/arm-none-eabi/4.7.3/armv6-m\libgcc.a(_udivsi3.o)
                0x000016e8                __aeabi_uidiv
                0x000016e8                __udivsi3
                0x00001770                __aeabi_uidivmod
 .text          0x00001784        0x4 c:/program files (x86)/cypress/psoc creator/3.0/psoc creator/import/gnu_cs/arm/4.7.3/bin/../lib/gcc/arm-none-eabi/4.7.3/armv6-m\libgcc.a(_dvmd_tls.o)
                0x00001784                __aeabi_idiv0
                0x00001784                __aeabi_ldiv0
 .text.__libc_init_array
                0x00001788       0x4c c:/program files (x86)/cypress/psoc creator/3.0/psoc creator/import/gnu_cs/arm/4.7.3/bin/../lib/gcc/arm-none-eabi/4.7.3/../../../../arm-none-eabi/lib/armv6-m\libc_s.a(lib_a-init.o)
                0x00001788                __libc_init_array
 .text.memcpy   0x000017d4       0x12 c:/program files (x86)/cypress/psoc creator/3.0/psoc creator/import/gnu_cs/arm/4.7.3/bin/../lib/gcc/arm-none-eabi/4.7.3/../../../../arm-none-eabi/lib/armv6-m\libc_s.a(lib_a-memcpy.o)
                0x000017d4                memcpy
 .text.memset   0x000017e6       0x12 c:/program files (x86)/cypress/psoc creator/3.0/psoc creator/import/gnu_cs/arm/4.7.3/bin/../lib/gcc/arm-none-eabi/4.7.3/../../../../arm-none-eabi/lib/armv6-m\libc_s.a(lib_a-memset.o)
                0x000017e6                memset
 .text.sprintf  0x000017f8       0x44 c:/program files (x86)/cypress/psoc creator/3.0/psoc creator/import/gnu_cs/arm/4.7.3/bin/../lib/gcc/arm-none-eabi/4.7.3/../../../../arm-none-eabi/lib/armv6-m\libc_s.a(lib_a-sprintf.o)
                0x000017f8                siprintf
                0x000017f8                sprintf
 .text.__ssputc_r
                0x0000183c       0xb0 c:/program files (x86)/cypress/psoc creator/3.0/psoc creator/import/gnu_cs/arm/4.7.3/bin/../lib/gcc/arm-none-eabi/4.7.3/../../../../arm-none-eabi/lib/armv6-m\libc_s.a(lib_a-svfprintf.o)
                0x0000183c                __ssputc_r
 .text._svfprintf_r
                0x000018ec      0x1f8 c:/program files (x86)/cypress/psoc creator/3.0/psoc creator/import/gnu_cs/arm/4.7.3/bin/../lib/gcc/arm-none-eabi/4.7.3/../../../../arm-none-eabi/lib/armv6-m\libc_s.a(lib_a-svfprintf.o)
                0x000018ec                _svfiprintf_r
                0x000018ec                _svfprintf_r
 .text._printf_common
                0x00001ae4       0xe0 c:/program files (x86)/cypress/psoc creator/3.0/psoc creator/import/gnu_cs/arm/4.7.3/bin/../lib/gcc/arm-none-eabi/4.7.3/../../../../arm-none-eabi/lib/armv6-m\libc_s.a(lib_a-vfprintf_i.o)
                0x00001ae4                _printf_common
 .text._printf_i
                0x00001bc4      0x234 c:/program files (x86)/cypress/psoc creator/3.0/psoc creator/import/gnu_cs/arm/4.7.3/bin/../lib/gcc/arm-none-eabi/4.7.3/../../../../arm-none-eabi/lib/armv6-m\libc_s.a(lib_a-vfprintf_i.o)
                0x00001bc4                _printf_i
 .text._free_r  0x00001df8       0x90 c:/program files (x86)/cypress/psoc creator/3.0/psoc creator/import/gnu_cs/arm/4.7.3/bin/../lib/gcc/arm-none-eabi/4.7.3/../../../../arm-none-eabi/lib/armv6-m\libc_s.a(lib_a-freer.o)
                0x00001df8                _free_r
 .text._malloc_r
                0x00001e88       0x94 c:/program files (x86)/cypress/psoc creator/3.0/psoc creator/import/gnu_cs/arm/4.7.3/bin/../lib/gcc/arm-none-eabi/4.7.3/../../../../arm-none-eabi/lib/armv6-m\libc_s.a(lib_a-mallocr.o)
                0x00001e88                _malloc_r
 .text.memchr   0x00001f1c       0x18 c:/program files (x86)/cypress/psoc creator/3.0/psoc creator/import/gnu_cs/arm/4.7.3/bin/../lib/gcc/arm-none-eabi/4.7.3/../../../../arm-none-eabi/lib/armv6-m\libc_s.a(lib_a-memchr.o)
                0x00001f1c                memchr
 .text._realloc_r
                0x00001f34       0x4c c:/program files (x86)/cypress/psoc creator/3.0/psoc creator/import/gnu_cs/arm/4.7.3/bin/../lib/gcc/arm-none-eabi/4.7.3/../../../../arm-none-eabi/lib/armv6-m\libc_s.a(lib_a-reallocr.o)
                0x00001f34                _realloc_r
 .text._sbrk_r  0x00001f80       0x24 c:/program files (x86)/cypress/psoc creator/3.0/psoc creator/import/gnu_cs/arm/4.7.3/bin/../lib/gcc/arm-none-eabi/4.7.3/../../../../arm-none-eabi/lib/armv6-m\libc_s.a(lib_a-sbrkr.o)
                0x00001f80                _sbrk_r
 .text.strlen   0x00001fa4        0xe c:/program files (x86)/cypress/psoc creator/3.0/psoc creator/import/gnu_cs/arm/4.7.3/bin/../lib/gcc/arm-none-eabi/4.7.3/../../../../arm-none-eabi/lib/armv6-m\libc_s.a(lib_a-strlen.o)
                0x00001fa4                strlen
 .text._malloc_usable_size_r
                0x00001fb2       0x14 c:/program files (x86)/cypress/psoc creator/3.0/psoc creator/import/gnu_cs/arm/4.7.3/bin/../lib/gcc/arm-none-eabi/4.7.3/../../../../arm-none-eabi/lib/armv6-m\libc_s.a(lib_a-msizer.o)
                0x00001fb2                _malloc_usable_size_r
 *fill*         0x00001fc6        0x2 00
 .text._sbrk    0x00001fc8       0x38 c:/program files (x86)/cypress/psoc creator/3.0/psoc creator/import/gnu_cs/arm/4.7.3/bin/../lib/gcc/arm-none-eabi/4.7.3/../../../../arm-none-eabi/lib/armv6-m\libnosys.a(sbrk.o)
                0x00001fc8                _sbrk
 *(.plt)
 *(.gnu.warning)
 *(.glue_7t)
 .glue_7t       0x00000000        0x0 linker stubs
 *(.glue_7)
 .glue_7        0x00000000        0x0 linker stubs
 *(.vfp11_veneer)
 .vfp11_veneer  0x00000000        0x0 linker stubs
 *(.bootloader)
 *(.ARM.extab* .gnu.linkonce.armextab.*)
 *(.gcc_except_table)

.v4_bx          0x00002000        0x0
 .v4_bx         0x00000000        0x0 linker stubs

.iplt           0x00002000        0x0
 .iplt          0x00000000        0x0 c:/program files (x86)/cypress/psoc creator/3.0/psoc creator/import/gnu_cs/arm/4.7.3/bin/../lib/gcc/arm-none-eabi/4.7.3/armv6-m/crtbegin.o

.eh_frame_hdr
 *(.eh_frame_hdr)

.eh_frame       0x00002000        0x4
 *(.eh_frame)
 .eh_frame      0x00002000        0x0 c:/program files (x86)/cypress/psoc creator/3.0/psoc creator/import/gnu_cs/arm/4.7.3/bin/../lib/gcc/arm-none-eabi/4.7.3/armv6-m/crtbegin.o
 .eh_frame      0x00002000        0x4 c:/program files (x86)/cypress/psoc creator/3.0/psoc creator/import/gnu_cs/arm/4.7.3/bin/../lib/gcc/arm-none-eabi/4.7.3/armv6-m/crtend.o
                0x00002004                PROVIDE (__exidx_start, .)

.ARM.exidx
 *(.ARM.exidx* .gnu.linkonce.armexidx.*)
                0x00002004                __exidx_end = .

.rodata         0x00002004       0xcc
 *(.rodata .rodata.* .gnu.linkonce.r.*)
 .rodata        0x00002004       0x4c .\CortexM0\ARM_GCC_473\Debug\main.o
 .rodata        0x00002050       0x10 .\CortexM0\ARM_GCC_473\Debug\Body_main.a(cyfitter_cfg.o)
 .rodata.str1.1
                0x00002060        0x2 c:/program files (x86)/cypress/psoc creator/3.0/psoc creator/import/gnu_cs/arm/4.7.3/bin/../lib/gcc/arm-none-eabi/4.7.3/../../../../arm-none-eabi/lib/armv6-m\libc_s.a(lib_a-impure.o)
 .rodata.str1.1
                0x00002062       0x11 c:/program files (x86)/cypress/psoc creator/3.0/psoc creator/import/gnu_cs/arm/4.7.3/bin/../lib/gcc/arm-none-eabi/4.7.3/../../../../arm-none-eabi/lib/armv6-m\libc_s.a(lib_a-svfprintf.o)
 .rodata.str1.1
                0x00002073       0x22 c:/program files (x86)/cypress/psoc creator/3.0/psoc creator/import/gnu_cs/arm/4.7.3/bin/../lib/gcc/arm-none-eabi/4.7.3/../../../../arm-none-eabi/lib/armv6-m\libc_s.a(lib_a-vfprintf_i.o)
                0x00002098                . = ALIGN (0x4)
 *fill*         0x00002095        0x3 00
 *(.init)
 .init          0x00002098        0x4 c:/program files (x86)/cypress/psoc creator/3.0/psoc creator/import/gnu_cs/arm/4.7.3/bin/../lib/gcc/arm-none-eabi/4.7.3/armv6-m/crti.o
                0x00002098                _init
 .init          0x0000209c        0x8 c:/program files (x86)/cypress/psoc creator/3.0/psoc creator/import/gnu_cs/arm/4.7.3/bin/../lib/gcc/arm-none-eabi/4.7.3/armv6-m/crtn.o
                0x000020a4                . = ALIGN (0x4)
                0x000020a4                __preinit_array_start = .
 *(.preinit_array)
                0x000020a4                __preinit_array_end = .
                0x000020a4                . = ALIGN (0x4)
                0x000020a4                __init_array_start = .
 *(SORT(.init_array.*))
 *(.init_array)
 .init_array    0x000020a4        0x4 c:/program files (x86)/cypress/psoc creator/3.0/psoc creator/import/gnu_cs/arm/4.7.3/bin/../lib/gcc/arm-none-eabi/4.7.3/armv6-m/crtbegin.o
 .init_array    0x000020a8        0x4 .\CortexM0\ARM_GCC_473\Debug\Cm0Start.o
                0x000020ac                __init_array_end = .
                0x000020ac                . = ALIGN (0x4)
 *(.fini)
 .fini          0x000020ac        0x4 c:/program files (x86)/cypress/psoc creator/3.0/psoc creator/import/gnu_cs/arm/4.7.3/bin/../lib/gcc/arm-none-eabi/4.7.3/armv6-m/crti.o
                0x000020ac                _fini
 .fini          0x000020b0        0x8 c:/program files (x86)/cypress/psoc creator/3.0/psoc creator/import/gnu_cs/arm/4.7.3/bin/../lib/gcc/arm-none-eabi/4.7.3/armv6-m/crtn.o
                0x000020b8                . = ALIGN (0x4)
                0x000020b8                __fini_array_start = .
 *(.fini_array)
 .fini_array    0x000020b8        0x4 c:/program files (x86)/cypress/psoc creator/3.0/psoc creator/import/gnu_cs/arm/4.7.3/bin/../lib/gcc/arm-none-eabi/4.7.3/armv6-m/crtbegin.o
 *(SORT(.fini_array.*))
                0x000020bc                __fini_array_end = .
                0x000020bc                . = ALIGN (0x4)
 *crtbegin.o(.ctors)
 *(EXCLUDE_FILE(*crtend.o) .ctors)
 *(SORT(.ctors.*))
 *crtend.o(.ctors)
                0x000020bc                . = ALIGN (0x4)
 *crtbegin.o(.dtors)
 *(EXCLUDE_FILE(*crtend.o) .dtors)
 *(SORT(.dtors.*))
 *crtend.o(.dtors)
                0x000020bc                . = ALIGN (0x4)
                0x000020bc                __cy_regions = .
                0x000020bc        0x4 LONG 0x20d0 __cy_region_init_ram
                0x000020c0        0x4 LONG 0x200000c8 __cy_region_start_data
                0x000020c4        0x4 LONG 0x80 __cy_region_init_size_ram
                0x000020c8        0x4 LONG 0x5e8 __cy_region_zero_size_ram
                0x000020cc                __cy_regions_end = .
                0x000020d0                . = ALIGN (0x8)
 *fill*         0x000020cc        0x4 00
                0x000020d0                _etext = .

.ramvectors     0x20000000       0xc0
                0x20000000                __cy_region_start_ram = .
 *(.ramvectors)
 .ramvectors    0x20000000       0xc0 .\CortexM0\ARM_GCC_473\Debug\Cm0Start.o
                0x20000000                CyRamVectors

.noinit         0x200000c0        0x4
 *(.noinit)
 .noinit        0x200000c0        0x4 .\CortexM0\ARM_GCC_473\Debug\Cm0Start.o

.data           0x200000c8       0x80 load address 0x000020d0
                0x200000c8                __cy_region_start_data = .
 *(.jcr)
 .jcr           0x200000c8        0x0 c:/program files (x86)/cypress/psoc creator/3.0/psoc creator/import/gnu_cs/arm/4.7.3/bin/../lib/gcc/arm-none-eabi/4.7.3/armv6-m/crtbegin.o
 .jcr           0x200000c8        0x4 c:/program files (x86)/cypress/psoc creator/3.0/psoc creator/import/gnu_cs/arm/4.7.3/bin/../lib/gcc/arm-none-eabi/4.7.3/armv6-m/crtend.o
 *(.got.plt)
 *(.got)
 *(.shdata)
 *(.data .data.* .gnu.linkonce.d.*)
 .data          0x200000cc        0x4 .\CortexM0\ARM_GCC_473\Debug\Body_main.a(cyfitter_cfg.o)
 .data          0x200000d0       0x10 .\CortexM0\ARM_GCC_473\Debug\Body_main.a(CyLib.o)
                0x200000d0                cydelayFreqHz
                0x200000d4                cydelayFreqKhz
                0x200000d8                cydelayFreqMhz
                0x200000dc                cydelay32kMs
 .data.impure_data
                0x200000e0       0x64 c:/program files (x86)/cypress/psoc creator/3.0/psoc creator/import/gnu_cs/arm/4.7.3/bin/../lib/gcc/arm-none-eabi/4.7.3/../../../../arm-none-eabi/lib/armv6-m\libc_s.a(lib_a-impure.o)
 .data._impure_ptr
                0x20000144        0x4 c:/program files (x86)/cypress/psoc creator/3.0/psoc creator/import/gnu_cs/arm/4.7.3/bin/../lib/gcc/arm-none-eabi/4.7.3/../../../../arm-none-eabi/lib/armv6-m\libc_s.a(lib_a-impure.o)
                0x20000144                _impure_ptr
                0x20000148                . = ALIGN (0x8)
 *(.ram)
                0x20000148                _edata = .

.igot.plt       0x20000148        0x0 load address 0x00002150
 .igot.plt      0x00000000        0x0 c:/program files (x86)/cypress/psoc creator/3.0/psoc creator/import/gnu_cs/arm/4.7.3/bin/../lib/gcc/arm-none-eabi/4.7.3/armv6-m/crtbegin.o

.bss            0x20000148      0x5e8 load address 0x00002150
                0x20000148                PROVIDE (__bss_start__, .)
 *(.shbss)
 *(.bss .bss.* .gnu.linkonce.b.*)
 .bss           0x20000148       0x1c c:/program files (x86)/cypress/psoc creator/3.0/psoc creator/import/gnu_cs/arm/4.7.3/bin/../lib/gcc/arm-none-eabi/4.7.3/armv6-m/crtbegin.o
 .bss           0x20000164        0x1 .\CortexM0\ARM_GCC_473\Debug\main.o
                0x20000164                numOfRegToRead
 *fill*         0x20000165        0x3 00
 .bss           0x20000168        0x8 .\CortexM0\ARM_GCC_473\Debug\Body_main.a(I2C_1.o)
                0x20000168                I2C_1_initVar
                0x2000016c                I2C_1_customIntrHandler
 .bss           0x20000170        0x8 .\CortexM0\ARM_GCC_473\Debug\Body_main.a(UART_1.o)
                0x20000170                UART_1_initVar
                0x20000174                UART_1_customIntrHandler
 .bss.__malloc_free_list
                0x20000178        0x4 c:/program files (x86)/cypress/psoc creator/3.0/psoc creator/import/gnu_cs/arm/4.7.3/bin/../lib/gcc/arm-none-eabi/4.7.3/../../../../arm-none-eabi/lib/armv6-m\libc_s.a(lib_a-mallocr.o)
                0x20000178                __malloc_free_list
 .bss.heap_end.4231
                0x2000017c        0x4 c:/program files (x86)/cypress/psoc creator/3.0/psoc creator/import/gnu_cs/arm/4.7.3/bin/../lib/gcc/arm-none-eabi/4.7.3/../../../../arm-none-eabi/lib/armv6-m\libnosys.a(sbrk.o)
 *(COMMON)
 COMMON         0x20000180      0x584 .\CortexM0\ARM_GCC_473\Debug\main.o
                0x20000180                dataArray
                0x20000284                sensArray
 COMMON         0x20000704        0x1 .\CortexM0\ARM_GCC_473\Debug\Body_main.a(I2C_1_I2C.o)
                0x20000704                I2C_1_state
 *fill*         0x20000705        0x3 00
 COMMON         0x20000708       0x20 .\CortexM0\ARM_GCC_473\Debug\Body_main.a(I2C_1_I2C_MASTER.o)
                0x20000708                I2C_1_mstrWrBufIndexTmp
                0x2000070c                I2C_1_mstrWrBufIndex
                0x20000710                I2C_1_mstrControl
                0x20000712                I2C_1_mstrStatus
                0x20000714                I2C_1_mstrWrBufSize
                0x20000718                I2C_1_mstrRdBufIndex
                0x2000071c                I2C_1_mstrWrBufPtr
                0x20000720                I2C_1_mstrRdBufPtr
                0x20000724                I2C_1_mstrRdBufSize
 COMMON         0x20000728        0x4 c:/program files (x86)/cypress/psoc creator/3.0/psoc creator/import/gnu_cs/arm/4.7.3/bin/../lib/gcc/arm-none-eabi/4.7.3/../../../../arm-none-eabi/lib/armv6-m\libc_s.a(lib_a-reent.o)
                0x20000728                errno
                0x20000730                . = ALIGN (0x8)
 *fill*         0x2000072c        0x4 00
 *(.ram.b)
                0x20000730                _end = .
                0x20000730                __end = .
                0x20000730                PROVIDE (end, .)
                0x20000730                PROVIDE (__bss_end__, .)
                0x000020d0                __cy_region_init_ram = LOADADDR (.data)
                0x00000080                __cy_region_init_size_ram = (_edata - ADDR (.data))
                0x000005e8                __cy_region_zero_size_ram = (_end - _edata)

.heap           0x20000730      0x100 load address 0x00002150
                0x20000730                . = _end
                0x20000830                . = (. + 0x100)
 *fill*         0x20000730      0x100 00
                0x20000830                __cy_heap_limit = .

.stack          0x20000c00      0x400
                0x20000c00                __cy_stack_limit = .
                0x20001000                . = (. + 0x400)
 *fill*         0x20000c00      0x400 00
                0x00000001                ASSERT ((__cy_stack_limit >= __cy_heap_limit), region RAM overflowed with stack)

.cyloadermeta
 *(.cyloadermeta)

.cyloadablemeta
 *(.cyloadablemeta)

.cyflashprotect
                0x90400000       0x20
 *(.cyflashprotect)
 .cyflashprotect
                0x90400000       0x20 .\CortexM0\ARM_GCC_473\Debug\cymetadata.o
                0x90400000                cy_meta_flashprotect

.cymeta         0x90500000        0xc
 *(.cymeta)
 .cymeta        0x90500000        0xc .\CortexM0\ARM_GCC_473\Debug\cymetadata.o
                0x90500000                cy_metadata

.cychipprotect  0x90600000        0x4
 *(.cychipprotect)
 .cychipprotect
                0x90600000        0x4 .\CortexM0\ARM_GCC_473\Debug\cymetadata.o
                0x90600000                cy_meta_chipprotect

.rel.dyn        0x00002150        0x0 load address 0x90600004
 .rel.iplt      0x00000000        0x0 c:/program files (x86)/cypress/psoc creator/3.0/psoc creator/import/gnu_cs/arm/4.7.3/bin/../lib/gcc/arm-none-eabi/4.7.3/armv6-m/crtbegin.o

.stab
 *(.stab)

.stabstr
 *(.stabstr)

.debug
 *(.debug)

.line
 *(.line)

.debug_srcinfo
 *(.debug_srcinfo)

.debug_sfnames
 *(.debug_sfnames)

.debug_aranges  0x00000000      0x580
 *(.debug_aranges)
 .debug_aranges
                0x00000000       0x78 .\CortexM0\ARM_GCC_473\Debug\main.o
 .debug_aranges
                0x00000078       0x18 .\CortexM0\ARM_GCC_473\Debug\cymetadata.o
 .debug_aranges
                0x00000090       0x40 .\CortexM0\ARM_GCC_473\Debug\Cm0Start.o
 .debug_aranges
                0x000000d0       0x50 .\CortexM0\ARM_GCC_473\Debug\Body_main.a(cyfitter_cfg.o)
 .debug_aranges
                0x00000120       0x50 .\CortexM0\ARM_GCC_473\Debug\Body_main.a(I2C_1.o)
 .debug_aranges
                0x00000170       0x28 .\CortexM0\ARM_GCC_473\Debug\Body_main.a(I2C_1_I2C.o)
 .debug_aranges
                0x00000198       0x88 .\CortexM0\ARM_GCC_473\Debug\Body_main.a(I2C_1_I2C_MASTER.o)
 .debug_aranges
                0x00000220       0x50 .\CortexM0\ARM_GCC_473\Debug\Body_main.a(UART_1.o)
 .debug_aranges
                0x00000270       0x60 .\CortexM0\ARM_GCC_473\Debug\Body_main.a(UART_1_SPI_UART.o)
 .debug_aranges
                0x000002d0       0x50 .\CortexM0\ARM_GCC_473\Debug\Body_main.a(UART_1_UART.o)
 .debug_aranges
                0x00000320       0x40 .\CortexM0\ARM_GCC_473\Debug\Body_main.a(I2C_1_sda.o)
 .debug_aranges
                0x00000360       0x40 .\CortexM0\ARM_GCC_473\Debug\Body_main.a(I2C_1_scl.o)
 .debug_aranges
                0x000003a0       0x20 .\CortexM0\ARM_GCC_473\Debug\Body_main.a(CyBootAsmGnu.o)
 .debug_aranges
                0x000003c0      0x1a0 .\CortexM0\ARM_GCC_473\Debug\Body_main.a(CyLib.o)
 .debug_aranges
                0x00000560       0x20 .\CortexM0\ARM_GCC_473\Debug\Body_main.a(I2C_1_I2C_INT.o)

.debug_pubnames
 *(.debug_pubnames)

.debug_info     0x00000000     0x27e4
 *(.debug_info .gnu.linkonce.wi.*)
 .debug_info    0x00000000      0x359 .\CortexM0\ARM_GCC_473\Debug\main.o
 .debug_info    0x00000359      0x100 .\CortexM0\ARM_GCC_473\Debug\cymetadata.o
 .debug_info    0x00000459      0x2c0 .\CortexM0\ARM_GCC_473\Debug\Cm0Start.o
 .debug_info    0x00000719      0x36d .\CortexM0\ARM_GCC_473\Debug\Body_main.a(cyfitter_cfg.o)
 .debug_info    0x00000a86      0x197 .\CortexM0\ARM_GCC_473\Debug\Body_main.a(I2C_1.o)
 .debug_info    0x00000c1d      0x12c .\CortexM0\ARM_GCC_473\Debug\Body_main.a(I2C_1_I2C.o)
 .debug_info    0x00000d49      0x4ba .\CortexM0\ARM_GCC_473\Debug\Body_main.a(I2C_1_I2C_MASTER.o)
 .debug_info    0x00001203      0x197 .\CortexM0\ARM_GCC_473\Debug\Body_main.a(UART_1.o)
 .debug_info    0x0000139a      0x23d .\CortexM0\ARM_GCC_473\Debug\Body_main.a(UART_1_SPI_UART.o)
 .debug_info    0x000015d7      0x224 .\CortexM0\ARM_GCC_473\Debug\Body_main.a(UART_1_UART.o)
 .debug_info    0x000017fb      0x168 .\CortexM0\ARM_GCC_473\Debug\Body_main.a(I2C_1_sda.o)
 .debug_info    0x00001963      0x168 .\CortexM0\ARM_GCC_473\Debug\Body_main.a(I2C_1_scl.o)
 .debug_info    0x00001acb       0xad .\CortexM0\ARM_GCC_473\Debug\Body_main.a(CyBootAsmGnu.o)
 .debug_info    0x00001b78      0xac5 .\CortexM0\ARM_GCC_473\Debug\Body_main.a(CyLib.o)
 .debug_info    0x0000263d      0x1a7 .\CortexM0\ARM_GCC_473\Debug\Body_main.a(I2C_1_I2C_INT.o)

.debug_abbrev   0x00000000      0xdc0
 *(.debug_abbrev)
 .debug_abbrev  0x00000000      0x146 .\CortexM0\ARM_GCC_473\Debug\main.o
 .debug_abbrev  0x00000146       0x5d .\CortexM0\ARM_GCC_473\Debug\cymetadata.o
 .debug_abbrev  0x000001a3      0x164 .\CortexM0\ARM_GCC_473\Debug\Cm0Start.o
 .debug_abbrev  0x00000307      0x17b .\CortexM0\ARM_GCC_473\Debug\Body_main.a(cyfitter_cfg.o)
 .debug_abbrev  0x00000482       0xc5 .\CortexM0\ARM_GCC_473\Debug\Body_main.a(I2C_1.o)
 .debug_abbrev  0x00000547       0x7a .\CortexM0\ARM_GCC_473\Debug\Body_main.a(I2C_1_I2C.o)
 .debug_abbrev  0x000005c1      0x156 .\CortexM0\ARM_GCC_473\Debug\Body_main.a(I2C_1_I2C_MASTER.o)
 .debug_abbrev  0x00000717       0xc5 .\CortexM0\ARM_GCC_473\Debug\Body_main.a(UART_1.o)
 .debug_abbrev  0x000007dc      0x151 .\CortexM0\ARM_GCC_473\Debug\Body_main.a(UART_1_SPI_UART.o)
 .debug_abbrev  0x0000092d       0xee .\CortexM0\ARM_GCC_473\Debug\Body_main.a(UART_1_UART.o)
 .debug_abbrev  0x00000a1b       0xac .\CortexM0\ARM_GCC_473\Debug\Body_main.a(I2C_1_sda.o)
 .debug_abbrev  0x00000ac7       0xac .\CortexM0\ARM_GCC_473\Debug\Body_main.a(I2C_1_scl.o)
 .debug_abbrev  0x00000b73       0x14 .\CortexM0\ARM_GCC_473\Debug\Body_main.a(CyBootAsmGnu.o)
 .debug_abbrev  0x00000b87      0x1a2 .\CortexM0\ARM_GCC_473\Debug\Body_main.a(CyLib.o)
 .debug_abbrev  0x00000d29       0x97 .\CortexM0\ARM_GCC_473\Debug\Body_main.a(I2C_1_I2C_INT.o)

.debug_line     0x00000000     0x1583
 *(.debug_line)
 .debug_line    0x00000000      0x249 .\CortexM0\ARM_GCC_473\Debug\main.o
 .debug_line    0x00000249       0x53 .\CortexM0\ARM_GCC_473\Debug\cymetadata.o
 .debug_line    0x0000029c      0x19b .\CortexM0\ARM_GCC_473\Debug\Cm0Start.o
 .debug_line    0x00000437      0x188 .\CortexM0\ARM_GCC_473\Debug\Body_main.a(cyfitter_cfg.o)
 .debug_line    0x000005bf       0xdd .\CortexM0\ARM_GCC_473\Debug\Body_main.a(I2C_1.o)
 .debug_line    0x0000069c       0xa1 .\CortexM0\ARM_GCC_473\Debug\Body_main.a(I2C_1_I2C.o)
 .debug_line    0x0000073d      0x29c .\CortexM0\ARM_GCC_473\Debug\Body_main.a(I2C_1_I2C_MASTER.o)
 .debug_line    0x000009d9       0xd8 .\CortexM0\ARM_GCC_473\Debug\Body_main.a(UART_1.o)
 .debug_line    0x00000ab1      0x127 .\CortexM0\ARM_GCC_473\Debug\Body_main.a(UART_1_SPI_UART.o)
 .debug_line    0x00000bd8      0x103 .\CortexM0\ARM_GCC_473\Debug\Body_main.a(UART_1_UART.o)
 .debug_line    0x00000cdb       0xaf .\CortexM0\ARM_GCC_473\Debug\Body_main.a(I2C_1_sda.o)
 .debug_line    0x00000d8a       0xaf .\CortexM0\ARM_GCC_473\Debug\Body_main.a(I2C_1_scl.o)
 .debug_line    0x00000e39       0x68 .\CortexM0\ARM_GCC_473\Debug\Body_main.a(CyBootAsmGnu.o)
 .debug_line    0x00000ea1      0x541 .\CortexM0\ARM_GCC_473\Debug\Body_main.a(CyLib.o)
 .debug_line    0x000013e2      0x1a1 .\CortexM0\ARM_GCC_473\Debug\Body_main.a(I2C_1_I2C_INT.o)

.debug_frame    0x00000000     0x14b0
 *(.debug_frame)
 .debug_frame   0x00000000      0x180 .\CortexM0\ARM_GCC_473\Debug\main.o
 .debug_frame   0x00000180       0xa8 .\CortexM0\ARM_GCC_473\Debug\Cm0Start.o
 .debug_frame   0x00000228       0xe8 .\CortexM0\ARM_GCC_473\Debug\Body_main.a(cyfitter_cfg.o)
 .debug_frame   0x00000310       0xd8 .\CortexM0\ARM_GCC_473\Debug\Body_main.a(I2C_1.o)
 .debug_frame   0x000003e8       0x48 .\CortexM0\ARM_GCC_473\Debug\Body_main.a(I2C_1_I2C.o)
 .debug_frame   0x00000430      0x1c0 .\CortexM0\ARM_GCC_473\Debug\Body_main.a(I2C_1_I2C_MASTER.o)
 .debug_frame   0x000005f0       0xd8 .\CortexM0\ARM_GCC_473\Debug\Body_main.a(UART_1.o)
 .debug_frame   0x000006c8      0x128 .\CortexM0\ARM_GCC_473\Debug\Body_main.a(UART_1_SPI_UART.o)
 .debug_frame   0x000007f0       0xec .\CortexM0\ARM_GCC_473\Debug\Body_main.a(UART_1_UART.o)
 .debug_frame   0x000008dc       0xa8 .\CortexM0\ARM_GCC_473\Debug\Body_main.a(I2C_1_sda.o)
 .debug_frame   0x00000984       0xa8 .\CortexM0\ARM_GCC_473\Debug\Body_main.a(I2C_1_scl.o)
 .debug_frame   0x00000a2c      0x628 .\CortexM0\ARM_GCC_473\Debug\Body_main.a(CyLib.o)
 .debug_frame   0x00001054       0x30 .\CortexM0\ARM_GCC_473\Debug\Body_main.a(I2C_1_I2C_INT.o)
 .debug_frame   0x00001084       0x20 c:/program files (x86)/cypress/psoc creator/3.0/psoc creator/import/gnu_cs/arm/4.7.3/bin/../lib/gcc/arm-none-eabi/4.7.3/armv6-m\libgcc.a(_udivsi3.o)
 .debug_frame   0x000010a4       0x20 c:/program files (x86)/cypress/psoc creator/3.0/psoc creator/import/gnu_cs/arm/4.7.3/bin/../lib/gcc/arm-none-eabi/4.7.3/armv6-m\libgcc.a(_divsi3.o)
 .debug_frame   0x000010c4       0x28 c:/program files (x86)/cypress/psoc creator/3.0/psoc creator/import/gnu_cs/arm/4.7.3/bin/../lib/gcc/arm-none-eabi/4.7.3/../../../../arm-none-eabi/lib/armv6-m\libc_s.a(lib_a-__atexit2.o)
 .debug_frame   0x000010ec       0x28 c:/program files (x86)/cypress/psoc creator/3.0/psoc creator/import/gnu_cs/arm/4.7.3/bin/../lib/gcc/arm-none-eabi/4.7.3/../../../../arm-none-eabi/lib/armv6-m\libc_s.a(lib_a-exit.o)
 .debug_frame   0x00001114       0x2c c:/program files (x86)/cypress/psoc creator/3.0/psoc creator/import/gnu_cs/arm/4.7.3/bin/../lib/gcc/arm-none-eabi/4.7.3/../../../../arm-none-eabi/lib/armv6-m\libc_s.a(lib_a-fini.o)
 .debug_frame   0x00001140       0x2c c:/program files (x86)/cypress/psoc creator/3.0/psoc creator/import/gnu_cs/arm/4.7.3/bin/../lib/gcc/arm-none-eabi/4.7.3/../../../../arm-none-eabi/lib/armv6-m\libc_s.a(lib_a-init.o)
 .debug_frame   0x0000116c       0x28 c:/program files (x86)/cypress/psoc creator/3.0/psoc creator/import/gnu_cs/arm/4.7.3/bin/../lib/gcc/arm-none-eabi/4.7.3/../../../../arm-none-eabi/lib/armv6-m\libc_s.a(lib_a-memcpy.o)
 .debug_frame   0x00001194       0x28 c:/program files (x86)/cypress/psoc creator/3.0/psoc creator/import/gnu_cs/arm/4.7.3/bin/../lib/gcc/arm-none-eabi/4.7.3/../../../../arm-none-eabi/lib/armv6-m\libc_s.a(lib_a-memset.o)
 .debug_frame   0x000011bc       0x4c c:/program files (x86)/cypress/psoc creator/3.0/psoc creator/import/gnu_cs/arm/4.7.3/bin/../lib/gcc/arm-none-eabi/4.7.3/../../../../arm-none-eabi/lib/armv6-m\libc_s.a(lib_a-sprintf.o)
 .debug_frame   0x00001208       0x78 c:/program files (x86)/cypress/psoc creator/3.0/psoc creator/import/gnu_cs/arm/4.7.3/bin/../lib/gcc/arm-none-eabi/4.7.3/../../../../arm-none-eabi/lib/armv6-m\libc_s.a(lib_a-svfprintf.o)
 .debug_frame   0x00001280       0x54 c:/program files (x86)/cypress/psoc creator/3.0/psoc creator/import/gnu_cs/arm/4.7.3/bin/../lib/gcc/arm-none-eabi/4.7.3/../../../../arm-none-eabi/lib/armv6-m\libc_s.a(lib_a-vfprintf_i.o)
 .debug_frame   0x000012d4       0x2c c:/program files (x86)/cypress/psoc creator/3.0/psoc creator/import/gnu_cs/arm/4.7.3/bin/../lib/gcc/arm-none-eabi/4.7.3/../../../../arm-none-eabi/lib/armv6-m\libc_s.a(lib_a-freer.o)
 .debug_frame   0x00001300       0x2c c:/program files (x86)/cypress/psoc creator/3.0/psoc creator/import/gnu_cs/arm/4.7.3/bin/../lib/gcc/arm-none-eabi/4.7.3/../../../../arm-none-eabi/lib/armv6-m\libc_s.a(lib_a-mallocr.o)
 .debug_frame   0x0000132c       0x28 c:/program files (x86)/cypress/psoc creator/3.0/psoc creator/import/gnu_cs/arm/4.7.3/bin/../lib/gcc/arm-none-eabi/4.7.3/../../../../arm-none-eabi/lib/armv6-m\libc_s.a(lib_a-memchr.o)
 .debug_frame   0x00001354       0x2c c:/program files (x86)/cypress/psoc creator/3.0/psoc creator/import/gnu_cs/arm/4.7.3/bin/../lib/gcc/arm-none-eabi/4.7.3/../../../../arm-none-eabi/lib/armv6-m\libc_s.a(lib_a-memmove.o)
 .debug_frame   0x00001380       0x30 c:/program files (x86)/cypress/psoc creator/3.0/psoc creator/import/gnu_cs/arm/4.7.3/bin/../lib/gcc/arm-none-eabi/4.7.3/../../../../arm-none-eabi/lib/armv6-m\libc_s.a(lib_a-reallocr.o)
 .debug_frame   0x000013b0       0x2c c:/program files (x86)/cypress/psoc creator/3.0/psoc creator/import/gnu_cs/arm/4.7.3/bin/../lib/gcc/arm-none-eabi/4.7.3/../../../../arm-none-eabi/lib/armv6-m\libc_s.a(lib_a-sbrkr.o)
 .debug_frame   0x000013dc       0x20 c:/program files (x86)/cypress/psoc creator/3.0/psoc creator/import/gnu_cs/arm/4.7.3/bin/../lib/gcc/arm-none-eabi/4.7.3/../../../../arm-none-eabi/lib/armv6-m\libc_s.a(lib_a-strlen.o)
 .debug_frame   0x000013fc       0x28 c:/program files (x86)/cypress/psoc creator/3.0/psoc creator/import/gnu_cs/arm/4.7.3/bin/../lib/gcc/arm-none-eabi/4.7.3/../../../../arm-none-eabi/lib/armv6-m\libc_s.a(lib_a-msizer.o)
 .debug_frame   0x00001424       0x64 c:/program files (x86)/cypress/psoc creator/3.0/psoc creator/import/gnu_cs/arm/4.7.3/bin/../lib/gcc/arm-none-eabi/4.7.3/../../../../arm-none-eabi/lib/armv6-m\libc_s.a(lib_a-reent.o)
 .debug_frame   0x00001488       0x28 c:/program files (x86)/cypress/psoc creator/3.0/psoc creator/import/gnu_cs/arm/4.7.3/bin/../lib/gcc/arm-none-eabi/4.7.3/../../../../arm-none-eabi/lib/armv6-m\libnosys.a(sbrk.o)

.debug_str      0x00000000     0x11f1
 *(.debug_str)
 .debug_str     0x00000000      0x22b .\CortexM0\ARM_GCC_473\Debug\main.o
                                0x274 (size before relaxing)
 .debug_str     0x0000022b       0x5b .\CortexM0\ARM_GCC_473\Debug\cymetadata.o
                                0x1a6 (size before relaxing)
 .debug_str     0x00000286      0x110 .\CortexM0\ARM_GCC_473\Debug\Cm0Start.o
                                0x26f (size before relaxing)
 .debug_str     0x00000396      0x141 .\CortexM0\ARM_GCC_473\Debug\Body_main.a(cyfitter_cfg.o)
                                0x2b3 (size before relaxing)
 .debug_str     0x000004d7       0xc1 .\CortexM0\ARM_GCC_473\Debug\Body_main.a(I2C_1.o)
                                0x226 (size before relaxing)
 .debug_str     0x00000598       0x88 .\CortexM0\ARM_GCC_473\Debug\Body_main.a(I2C_1_I2C.o)
                                0x1e7 (size before relaxing)
 .debug_str     0x00000620      0x25b .\CortexM0\ARM_GCC_473\Debug\Body_main.a(I2C_1_I2C_MASTER.o)
                                0x408 (size before relaxing)
 .debug_str     0x0000087b       0xc6 .\CortexM0\ARM_GCC_473\Debug\Body_main.a(UART_1.o)
                                0x230 (size before relaxing)
 .debug_str     0x00000941      0x14b .\CortexM0\ARM_GCC_473\Debug\Body_main.a(UART_1_SPI_UART.o)
                                0x2ae (size before relaxing)
 .debug_str     0x00000a8c       0xf9 .\CortexM0\ARM_GCC_473\Debug\Body_main.a(UART_1_UART.o)
                                0x268 (size before relaxing)
 .debug_str     0x00000b85       0xa3 .\CortexM0\ARM_GCC_473\Debug\Body_main.a(I2C_1_sda.o)
                                0x1f7 (size before relaxing)
 .debug_str     0x00000c28       0x8a .\CortexM0\ARM_GCC_473\Debug\Body_main.a(I2C_1_scl.o)
                                0x1f7 (size before relaxing)
 .debug_str     0x00000cb2      0x4f2 .\CortexM0\ARM_GCC_473\Debug\Body_main.a(CyLib.o)
                                0x682 (size before relaxing)
 .debug_str     0x000011a4       0x4d .\CortexM0\ARM_GCC_473\Debug\Body_main.a(I2C_1_I2C_INT.o)
                                0x290 (size before relaxing)

.debug_loc      0x00000000     0x1a48
 *(.debug_loc)
 .debug_loc     0x00000000      0x258 .\CortexM0\ARM_GCC_473\Debug\main.o
 .debug_loc     0x00000258      0x100 .\CortexM0\ARM_GCC_473\Debug\Cm0Start.o
 .debug_loc     0x00000358      0x170 .\CortexM0\ARM_GCC_473\Debug\Body_main.a(cyfitter_cfg.o)
 .debug_loc     0x000004c8      0x140 .\CortexM0\ARM_GCC_473\Debug\Body_main.a(I2C_1.o)
 .debug_loc     0x00000608       0x58 .\CortexM0\ARM_GCC_473\Debug\Body_main.a(I2C_1_I2C.o)
 .debug_loc     0x00000660      0x2e0 .\CortexM0\ARM_GCC_473\Debug\Body_main.a(I2C_1_I2C_MASTER.o)
 .debug_loc     0x00000940      0x140 .\CortexM0\ARM_GCC_473\Debug\Body_main.a(UART_1.o)
 .debug_loc     0x00000a80      0x1e0 .\CortexM0\ARM_GCC_473\Debug\Body_main.a(UART_1_SPI_UART.o)
 .debug_loc     0x00000c60      0x17c .\CortexM0\ARM_GCC_473\Debug\Body_main.a(UART_1_UART.o)
 .debug_loc     0x00000ddc      0x100 .\CortexM0\ARM_GCC_473\Debug\Body_main.a(I2C_1_sda.o)
 .debug_loc     0x00000edc      0x100 .\CortexM0\ARM_GCC_473\Debug\Body_main.a(I2C_1_scl.o)
 .debug_loc     0x00000fdc      0xa34 .\CortexM0\ARM_GCC_473\Debug\Body_main.a(CyLib.o)
 .debug_loc     0x00001a10       0x38 .\CortexM0\ARM_GCC_473\Debug\Body_main.a(I2C_1_I2C_INT.o)

.debug_macinfo
 *(.debug_macinfo)

.debug_ranges   0x00000000      0x478
 *(.debug_ranges)
 .debug_ranges  0x00000000       0x68 .\CortexM0\ARM_GCC_473\Debug\main.o
 .debug_ranges  0x00000068       0x30 .\CortexM0\ARM_GCC_473\Debug\Cm0Start.o
 .debug_ranges  0x00000098       0x40 .\CortexM0\ARM_GCC_473\Debug\Body_main.a(cyfitter_cfg.o)
 .debug_ranges  0x000000d8       0x40 .\CortexM0\ARM_GCC_473\Debug\Body_main.a(I2C_1.o)
 .debug_ranges  0x00000118       0x18 .\CortexM0\ARM_GCC_473\Debug\Body_main.a(I2C_1_I2C.o)
 .debug_ranges  0x00000130       0x78 .\CortexM0\ARM_GCC_473\Debug\Body_main.a(I2C_1_I2C_MASTER.o)
 .debug_ranges  0x000001a8       0x40 .\CortexM0\ARM_GCC_473\Debug\Body_main.a(UART_1.o)
 .debug_ranges  0x000001e8       0x50 .\CortexM0\ARM_GCC_473\Debug\Body_main.a(UART_1_SPI_UART.o)
 .debug_ranges  0x00000238       0x40 .\CortexM0\ARM_GCC_473\Debug\Body_main.a(UART_1_UART.o)
 .debug_ranges  0x00000278       0x30 .\CortexM0\ARM_GCC_473\Debug\Body_main.a(I2C_1_sda.o)
 .debug_ranges  0x000002a8       0x30 .\CortexM0\ARM_GCC_473\Debug\Body_main.a(I2C_1_scl.o)
 .debug_ranges  0x000002d8      0x190 .\CortexM0\ARM_GCC_473\Debug\Body_main.a(CyLib.o)
 .debug_ranges  0x00000468       0x10 .\CortexM0\ARM_GCC_473\Debug\Body_main.a(I2C_1_I2C_INT.o)

.comment        0x00000000       0x70
 .comment       0x00000000       0x70 .\CortexM0\ARM_GCC_473\Debug\main.o
                                 0x71 (size before relaxing)
 .comment       0x00000000       0x71 .\CortexM0\ARM_GCC_473\Debug\cymetadata.o
 .comment       0x00000000       0x71 .\CortexM0\ARM_GCC_473\Debug\Cm0Start.o
 .comment       0x00000000       0x71 .\CortexM0\ARM_GCC_473\Debug\Body_main.a(cyfitter_cfg.o)
 .comment       0x00000000       0x71 .\CortexM0\ARM_GCC_473\Debug\Body_main.a(I2C_1.o)
 .comment       0x00000000       0x71 .\CortexM0\ARM_GCC_473\Debug\Body_main.a(I2C_1_I2C.o)
 .comment       0x00000000       0x71 .\CortexM0\ARM_GCC_473\Debug\Body_main.a(I2C_1_I2C_MASTER.o)
 .comment       0x00000000       0x71 .\CortexM0\ARM_GCC_473\Debug\Body_main.a(UART_1.o)
 .comment       0x00000000       0x71 .\CortexM0\ARM_GCC_473\Debug\Body_main.a(UART_1_SPI_UART.o)
 .comment       0x00000000       0x71 .\CortexM0\ARM_GCC_473\Debug\Body_main.a(UART_1_UART.o)
 .comment       0x00000000       0x71 .\CortexM0\ARM_GCC_473\Debug\Body_main.a(I2C_1_sda.o)
 .comment       0x00000000       0x71 .\CortexM0\ARM_GCC_473\Debug\Body_main.a(I2C_1_scl.o)
 .comment       0x00000000       0x71 .\CortexM0\ARM_GCC_473\Debug\Body_main.a(CyLib.o)
 .comment       0x00000000       0x71 .\CortexM0\ARM_GCC_473\Debug\Body_main.a(I2C_1_I2C_INT.o)

.debug_weaknames
 *(.debug_weaknames)

.debug_funcnames
 *(.debug_funcnames)

.debug_typenames
 *(.debug_typenames)

.debug_varnames
 *(.debug_varnames)

.note.gnu.arm.ident
 *(.note.gnu.arm.ident)

.ARM.attributes
                0x00000000       0x28
 *(.ARM.attributes)
 .ARM.attributes
                0x00000000       0x1e c:/program files (x86)/cypress/psoc creator/3.0/psoc creator/import/gnu_cs/arm/4.7.3/bin/../lib/gcc/arm-none-eabi/4.7.3/armv6-m/crti.o
 .ARM.attributes
                0x0000001e       0x2c c:/program files (x86)/cypress/psoc creator/3.0/psoc creator/import/gnu_cs/arm/4.7.3/bin/../lib/gcc/arm-none-eabi/4.7.3/armv6-m/crtbegin.o
 .ARM.attributes
                0x0000004a       0x1c c:/program files (x86)/cypress/psoc creator/3.0/psoc creator/import/gnu_cs/arm/4.7.3/bin/../lib/gcc/arm-none-eabi/4.7.3/../../../../arm-none-eabi/lib/armv6-m/crt0.o
 .ARM.attributes
                0x00000066       0x31 .\CortexM0\ARM_GCC_473\Debug\main.o
 .ARM.attributes
                0x00000097       0x31 .\CortexM0\ARM_GCC_473\Debug\cymetadata.o
 .ARM.attributes
                0x000000c8       0x31 .\CortexM0\ARM_GCC_473\Debug\Cm0Start.o
 .ARM.attributes
                0x000000f9       0x31 .\CortexM0\ARM_GCC_473\Debug\Body_main.a(cyfitter_cfg.o)
 .ARM.attributes
                0x0000012a       0x31 .\CortexM0\ARM_GCC_473\Debug\Body_main.a(I2C_1.o)
 .ARM.attributes
                0x0000015b       0x31 .\CortexM0\ARM_GCC_473\Debug\Body_main.a(I2C_1_I2C.o)
 .ARM.attributes
                0x0000018c       0x31 .\CortexM0\ARM_GCC_473\Debug\Body_main.a(I2C_1_I2C_MASTER.o)
 .ARM.attributes
                0x000001bd       0x31 .\CortexM0\ARM_GCC_473\Debug\Body_main.a(UART_1.o)
 .ARM.attributes
                0x000001ee       0x31 .\CortexM0\ARM_GCC_473\Debug\Body_main.a(UART_1_SPI_UART.o)
 .ARM.attributes
                0x0000021f       0x31 .\CortexM0\ARM_GCC_473\Debug\Body_main.a(UART_1_UART.o)
 .ARM.attributes
                0x00000250       0x31 .\CortexM0\ARM_GCC_473\Debug\Body_main.a(I2C_1_sda.o)
 .ARM.attributes
                0x00000281       0x31 .\CortexM0\ARM_GCC_473\Debug\Body_main.a(I2C_1_scl.o)
 .ARM.attributes
                0x000002b2       0x21 .\CortexM0\ARM_GCC_473\Debug\Body_main.a(CyBootAsmGnu.o)
 .ARM.attributes
                0x000002d3       0x31 .\CortexM0\ARM_GCC_473\Debug\Body_main.a(CyLib.o)
 .ARM.attributes
                0x00000304       0x31 .\CortexM0\ARM_GCC_473\Debug\Body_main.a(I2C_1_I2C_INT.o)
 .ARM.attributes
                0x00000335       0x1e c:/program files (x86)/cypress/psoc creator/3.0/psoc creator/import/gnu_cs/arm/4.7.3/bin/../lib/gcc/arm-none-eabi/4.7.3/armv6-m\libgcc.a(_udivsi3.o)
 .ARM.attributes
                0x00000353       0x1e c:/program files (x86)/cypress/psoc creator/3.0/psoc creator/import/gnu_cs/arm/4.7.3/bin/../lib/gcc/arm-none-eabi/4.7.3/armv6-m\libgcc.a(_divsi3.o)
 .ARM.attributes
                0x00000371       0x1e c:/program files (x86)/cypress/psoc creator/3.0/psoc creator/import/gnu_cs/arm/4.7.3/bin/../lib/gcc/arm-none-eabi/4.7.3/armv6-m\libgcc.a(_dvmd_tls.o)
 .ARM.attributes
                0x0000038f       0x2c c:/program files (x86)/cypress/psoc creator/3.0/psoc creator/import/gnu_cs/arm/4.7.3/bin/../lib/gcc/arm-none-eabi/4.7.3/../../../../arm-none-eabi/lib/armv6-m\libc_s.a(lib_a-__atexit2.o)
 .ARM.attributes
                0x000003bb       0x2c c:/program files (x86)/cypress/psoc creator/3.0/psoc creator/import/gnu_cs/arm/4.7.3/bin/../lib/gcc/arm-none-eabi/4.7.3/../../../../arm-none-eabi/lib/armv6-m\libc_s.a(lib_a-exit.o)
 .ARM.attributes
                0x000003e7       0x2c c:/program files (x86)/cypress/psoc creator/3.0/psoc creator/import/gnu_cs/arm/4.7.3/bin/../lib/gcc/arm-none-eabi/4.7.3/../../../../arm-none-eabi/lib/armv6-m\libc_s.a(lib_a-fini.o)
 .ARM.attributes
                0x00000413       0x2c c:/program files (x86)/cypress/psoc creator/3.0/psoc creator/import/gnu_cs/arm/4.7.3/bin/../lib/gcc/arm-none-eabi/4.7.3/../../../../arm-none-eabi/lib/armv6-m\libc_s.a(lib_a-impure.o)
 .ARM.attributes
                0x0000043f       0x2c c:/program files (x86)/cypress/psoc creator/3.0/psoc creator/import/gnu_cs/arm/4.7.3/bin/../lib/gcc/arm-none-eabi/4.7.3/../../../../arm-none-eabi/lib/armv6-m\libc_s.a(lib_a-init.o)
 .ARM.attributes
                0x0000046b       0x2c c:/program files (x86)/cypress/psoc creator/3.0/psoc creator/import/gnu_cs/arm/4.7.3/bin/../lib/gcc/arm-none-eabi/4.7.3/../../../../arm-none-eabi/lib/armv6-m\libc_s.a(lib_a-memcpy.o)
 .ARM.attributes
                0x00000497       0x2c c:/program files (x86)/cypress/psoc creator/3.0/psoc creator/import/gnu_cs/arm/4.7.3/bin/../lib/gcc/arm-none-eabi/4.7.3/../../../../arm-none-eabi/lib/armv6-m\libc_s.a(lib_a-memset.o)
 .ARM.attributes
                0x000004c3       0x2c c:/program files (x86)/cypress/psoc creator/3.0/psoc creator/import/gnu_cs/arm/4.7.3/bin/../lib/gcc/arm-none-eabi/4.7.3/../../../../arm-none-eabi/lib/armv6-m\libc_s.a(lib_a-sprintf.o)
 .ARM.attributes
                0x000004ef       0x2c c:/program files (x86)/cypress/psoc creator/3.0/psoc creator/import/gnu_cs/arm/4.7.3/bin/../lib/gcc/arm-none-eabi/4.7.3/../../../../arm-none-eabi/lib/armv6-m\libc_s.a(lib_a-svfprintf.o)
 .ARM.attributes
                0x0000051b       0x2c c:/program files (x86)/cypress/psoc creator/3.0/psoc creator/import/gnu_cs/arm/4.7.3/bin/../lib/gcc/arm-none-eabi/4.7.3/../../../../arm-none-eabi/lib/armv6-m\libc_s.a(lib_a-vfprintf_i.o)
 .ARM.attributes
                0x00000547       0x2c c:/program files (x86)/cypress/psoc creator/3.0/psoc creator/import/gnu_cs/arm/4.7.3/bin/../lib/gcc/arm-none-eabi/4.7.3/../../../../arm-none-eabi/lib/armv6-m\libc_s.a(lib_a-freer.o)
 .ARM.attributes
                0x00000573       0x2c c:/program files (x86)/cypress/psoc creator/3.0/psoc creator/import/gnu_cs/arm/4.7.3/bin/../lib/gcc/arm-none-eabi/4.7.3/../../../../arm-none-eabi/lib/armv6-m\libc_s.a(lib_a-mallocr.o)
 .ARM.attributes
                0x0000059f       0x2c c:/program files (x86)/cypress/psoc creator/3.0/psoc creator/import/gnu_cs/arm/4.7.3/bin/../lib/gcc/arm-none-eabi/4.7.3/../../../../arm-none-eabi/lib/armv6-m\libc_s.a(lib_a-memchr.o)
 .ARM.attributes
                0x000005cb       0x2c c:/program files (x86)/cypress/psoc creator/3.0/psoc creator/import/gnu_cs/arm/4.7.3/bin/../lib/gcc/arm-none-eabi/4.7.3/../../../../arm-none-eabi/lib/armv6-m\libc_s.a(lib_a-memmove.o)
 .ARM.attributes
                0x000005f7       0x2c c:/program files (x86)/cypress/psoc creator/3.0/psoc creator/import/gnu_cs/arm/4.7.3/bin/../lib/gcc/arm-none-eabi/4.7.3/../../../../arm-none-eabi/lib/armv6-m\libc_s.a(lib_a-reallocr.o)
 .ARM.attributes
                0x00000623       0x2c c:/program files (x86)/cypress/psoc creator/3.0/psoc creator/import/gnu_cs/arm/4.7.3/bin/../lib/gcc/arm-none-eabi/4.7.3/../../../../arm-none-eabi/lib/armv6-m\libc_s.a(lib_a-sbrkr.o)
 .ARM.attributes
                0x0000064f       0x2c c:/program files (x86)/cypress/psoc creator/3.0/psoc creator/import/gnu_cs/arm/4.7.3/bin/../lib/gcc/arm-none-eabi/4.7.3/../../../../arm-none-eabi/lib/armv6-m\libc_s.a(lib_a-strlen.o)
 .ARM.attributes
                0x0000067b       0x2c c:/program files (x86)/cypress/psoc creator/3.0/psoc creator/import/gnu_cs/arm/4.7.3/bin/../lib/gcc/arm-none-eabi/4.7.3/../../../../arm-none-eabi/lib/armv6-m\libc_s.a(lib_a-msizer.o)
 .ARM.attributes
                0x000006a7       0x2c c:/program files (x86)/cypress/psoc creator/3.0/psoc creator/import/gnu_cs/arm/4.7.3/bin/../lib/gcc/arm-none-eabi/4.7.3/../../../../arm-none-eabi/lib/armv6-m\libc_s.a(lib_a-reent.o)
 .ARM.attributes
                0x000006d3       0x2c c:/program files (x86)/cypress/psoc creator/3.0/psoc creator/import/gnu_cs/arm/4.7.3/bin/../lib/gcc/arm-none-eabi/4.7.3/armv6-m/crtend.o
 .ARM.attributes
                0x000006ff       0x1e c:/program files (x86)/cypress/psoc creator/3.0/psoc creator/import/gnu_cs/arm/4.7.3/bin/../lib/gcc/arm-none-eabi/4.7.3/armv6-m/crtn.o
 .ARM.attributes
                0x0000071d       0x2c c:/program files (x86)/cypress/psoc creator/3.0/psoc creator/import/gnu_cs/arm/4.7.3/bin/../lib/gcc/arm-none-eabi/4.7.3/../../../../arm-none-eabi/lib/armv6-m\libnosys.a(sbrk.o)

/DISCARD/
 *(.note.GNU-stack)
OUTPUT(.\CortexM0\ARM_GCC_473\Debug\Body_main.elf elf32-littlearm)
