Archive member included because of file (symbol)

.\CortexM0\ARM_GCC_473\Debug\Body_main.a(cyfitter_cfg.o)
                              .\CortexM0\ARM_GCC_473\Debug\Cm0Start.o (cyfitter_cfg)
.\CortexM0\ARM_GCC_473\Debug\Body_main.a(I2C_1.o)
                              .\CortexM0\ARM_GCC_473\Debug\main.o (I2C_1_Start)
.\CortexM0\ARM_GCC_473\Debug\Body_main.a(I2C_1_I2C.o)
                              .\CortexM0\ARM_GCC_473\Debug\Body_main.a(I2C_1.o) (I2C_1_I2CInit)
.\CortexM0\ARM_GCC_473\Debug\Body_main.a(I2C_1_I2C_MASTER.o)
                              .\CortexM0\ARM_GCC_473\Debug\Body_main.a(I2C_1_I2C.o) (I2C_1_mstrStatus)
.\CortexM0\ARM_GCC_473\Debug\Body_main.a(UART_1.o)
                              .\CortexM0\ARM_GCC_473\Debug\main.o (UART_1_Start)
.\CortexM0\ARM_GCC_473\Debug\Body_main.a(UART_1_UART.o)
                              .\CortexM0\ARM_GCC_473\Debug\Body_main.a(UART_1.o) (UART_1_UartInit)
.\CortexM0\ARM_GCC_473\Debug\Body_main.a(I2C_1_sda.o)
                              .\CortexM0\ARM_GCC_473\Debug\Body_main.a(I2C_1_I2C_MASTER.o) (I2C_1_sda_Read)
.\CortexM0\ARM_GCC_473\Debug\Body_main.a(I2C_1_scl.o)
                              .\CortexM0\ARM_GCC_473\Debug\Body_main.a(I2C_1_I2C_MASTER.o) (I2C_1_scl_Write)
.\CortexM0\ARM_GCC_473\Debug\Body_main.a(CyBootAsmGnu.o)
                              .\CortexM0\ARM_GCC_473\Debug\Body_main.a(cyfitter_cfg.o) (CyDelayCycles)
.\CortexM0\ARM_GCC_473\Debug\Body_main.a(CyLib.o)
                              .\CortexM0\ARM_GCC_473\Debug\Body_main.a(cyfitter_cfg.o) (CyDelayUs)
.\CortexM0\ARM_GCC_473\Debug\Body_main.a(I2C_1_I2C_INT.o)
                              .\CortexM0\ARM_GCC_473\Debug\Body_main.a(I2C_1_I2C.o) (I2C_1_I2C_ISR)
.\CortexM0\ARM_GCC_473\Debug\Body_main.a(UART_1_SPI_UART.o)
                              .\CortexM0\ARM_GCC_473\Debug\Body_main.a(UART_1_UART.o) (UART_1_SpiUartReadRxData)
c:/program files (x86)/cypress/psoc creator/3.0/psoc creator/import/gnu_cs/arm/4.7.3/bin/../lib/gcc/arm-none-eabi/4.7.3/armv6-m\libgcc.a(_udivsi3.o)
                              .\CortexM0\ARM_GCC_473\Debug\Body_main.a(CyLib.o) (__aeabi_uidiv)
c:/program files (x86)/cypress/psoc creator/3.0/psoc creator/import/gnu_cs/arm/4.7.3/bin/../lib/gcc/arm-none-eabi/4.7.3/armv6-m\libgcc.a(_divsi3.o)
                              .\CortexM0\ARM_GCC_473\Debug\Cm0Start.o (__aeabi_idiv)
c:/program files (x86)/cypress/psoc creator/3.0/psoc creator/import/gnu_cs/arm/4.7.3/bin/../lib/gcc/arm-none-eabi/4.7.3/armv6-m\libgcc.a(_dvmd_tls.o)
                              c:/program files (x86)/cypress/psoc creator/3.0/psoc creator/import/gnu_cs/arm/4.7.3/bin/../lib/gcc/arm-none-eabi/4.7.3/armv6-m\libgcc.a(_udivsi3.o) (__aeabi_idiv0)
c:/program files (x86)/cypress/psoc creator/3.0/psoc creator/import/gnu_cs/arm/4.7.3/bin/../lib/gcc/arm-none-eabi/4.7.3/../../../../arm-none-eabi/lib/armv6-m\libc_s.a(lib_a-__atexit2.o)
                              c:/program files (x86)/cypress/psoc creator/3.0/psoc creator/import/gnu_cs/arm/4.7.3/bin/../lib/gcc/arm-none-eabi/4.7.3/../../../../arm-none-eabi/lib/armv6-m/crt0.o (__register_exitproc)
c:/program files (x86)/cypress/psoc creator/3.0/psoc creator/import/gnu_cs/arm/4.7.3/bin/../lib/gcc/arm-none-eabi/4.7.3/../../../../arm-none-eabi/lib/armv6-m\libc_s.a(lib_a-exit.o)
                              c:/program files (x86)/cypress/psoc creator/3.0/psoc creator/import/gnu_cs/arm/4.7.3/bin/../lib/gcc/arm-none-eabi/4.7.3/../../../../arm-none-eabi/lib/armv6-m/crt0.o (exit)
c:/program files (x86)/cypress/psoc creator/3.0/psoc creator/import/gnu_cs/arm/4.7.3/bin/../lib/gcc/arm-none-eabi/4.7.3/../../../../arm-none-eabi/lib/armv6-m\libc_s.a(lib_a-fini.o)
                              c:/program files (x86)/cypress/psoc creator/3.0/psoc creator/import/gnu_cs/arm/4.7.3/bin/../lib/gcc/arm-none-eabi/4.7.3/../../../../arm-none-eabi/lib/armv6-m/crt0.o (__libc_fini_array)
c:/program files (x86)/cypress/psoc creator/3.0/psoc creator/import/gnu_cs/arm/4.7.3/bin/../lib/gcc/arm-none-eabi/4.7.3/../../../../arm-none-eabi/lib/armv6-m\libc_s.a(lib_a-impure.o)
                              c:/program files (x86)/cypress/psoc creator/3.0/psoc creator/import/gnu_cs/arm/4.7.3/bin/../lib/gcc/arm-none-eabi/4.7.3/../../../../arm-none-eabi/lib/armv6-m\libc_s.a(lib_a-exit.o) (_global_impure_ptr)
c:/program files (x86)/cypress/psoc creator/3.0/psoc creator/import/gnu_cs/arm/4.7.3/bin/../lib/gcc/arm-none-eabi/4.7.3/../../../../arm-none-eabi/lib/armv6-m\libc_s.a(lib_a-init.o)
                              c:/program files (x86)/cypress/psoc creator/3.0/psoc creator/import/gnu_cs/arm/4.7.3/bin/../lib/gcc/arm-none-eabi/4.7.3/../../../../arm-none-eabi/lib/armv6-m/crt0.o (__libc_init_array)
c:/program files (x86)/cypress/psoc creator/3.0/psoc creator/import/gnu_cs/arm/4.7.3/bin/../lib/gcc/arm-none-eabi/4.7.3/../../../../arm-none-eabi/lib/armv6-m\libc_s.a(lib_a-memcpy.o)
                              .\CortexM0\ARM_GCC_473\Debug\Body_main.a(cyfitter_cfg.o) (memcpy)
c:/program files (x86)/cypress/psoc creator/3.0/psoc creator/import/gnu_cs/arm/4.7.3/bin/../lib/gcc/arm-none-eabi/4.7.3/../../../../arm-none-eabi/lib/armv6-m\libc_s.a(lib_a-memset.o)
                              c:/program files (x86)/cypress/psoc creator/3.0/psoc creator/import/gnu_cs/arm/4.7.3/bin/../lib/gcc/arm-none-eabi/4.7.3/../../../../arm-none-eabi/lib/armv6-m/crt0.o (memset)

Allocating common symbols
Common symbol       size              file

I2C_1_mstrWrBufIndexTmp
                    0x4               .\CortexM0\ARM_GCC_473\Debug\Body_main.a(I2C_1_I2C_MASTER.o)
dataArray           0x42              .\CortexM0\ARM_GCC_473\Debug\main.o
I2C_1_mstrWrBufIndex
                    0x4               .\CortexM0\ARM_GCC_473\Debug\Body_main.a(I2C_1_I2C_MASTER.o)
I2C_1_mstrControl   0x1               .\CortexM0\ARM_GCC_473\Debug\Body_main.a(I2C_1_I2C_MASTER.o)
I2C_1_mstrStatus    0x2               .\CortexM0\ARM_GCC_473\Debug\Body_main.a(I2C_1_I2C_MASTER.o)
I2C_1_mstrWrBufSize
                    0x4               .\CortexM0\ARM_GCC_473\Debug\Body_main.a(I2C_1_I2C_MASTER.o)
I2C_1_mstrRdBufIndex
                    0x4               .\CortexM0\ARM_GCC_473\Debug\Body_main.a(I2C_1_I2C_MASTER.o)
sensArray           0x480             .\CortexM0\ARM_GCC_473\Debug\main.o
I2C_1_state         0x1               .\CortexM0\ARM_GCC_473\Debug\Body_main.a(I2C_1_I2C.o)
I2C_1_mstrWrBufPtr  0x4               .\CortexM0\ARM_GCC_473\Debug\Body_main.a(I2C_1_I2C_MASTER.o)
I2C_1_mstrRdBufPtr  0x4               .\CortexM0\ARM_GCC_473\Debug\Body_main.a(I2C_1_I2C_MASTER.o)
I2C_1_mstrRdBufSize
                    0x4               .\CortexM0\ARM_GCC_473\Debug\Body_main.a(I2C_1_I2C_MASTER.o)

Discarded input sections

 .text          0x00000000        0x0 c:/program files (x86)/cypress/psoc creator/3.0/psoc creator/import/gnu_cs/arm/4.7.3/bin/../lib/gcc/arm-none-eabi/4.7.3/armv6-m/crti.o
 .data          0x00000000        0x0 c:/program files (x86)/cypress/psoc creator/3.0/psoc creator/import/gnu_cs/arm/4.7.3/bin/../lib/gcc/arm-none-eabi/4.7.3/armv6-m/crti.o
 .bss           0x00000000        0x0 c:/program files (x86)/cypress/psoc creator/3.0/psoc creator/import/gnu_cs/arm/4.7.3/bin/../lib/gcc/arm-none-eabi/4.7.3/armv6-m/crti.o
 .data          0x00000000        0x4 c:/program files (x86)/cypress/psoc creator/3.0/psoc creator/import/gnu_cs/arm/4.7.3/bin/../lib/gcc/arm-none-eabi/4.7.3/armv6-m/crtbegin.o
 .text          0x00000000       0x74 c:/program files (x86)/cypress/psoc creator/3.0/psoc creator/import/gnu_cs/arm/4.7.3/bin/../lib/gcc/arm-none-eabi/4.7.3/../../../../arm-none-eabi/lib/armv6-m/crt0.o
 .data          0x00000000        0x0 c:/program files (x86)/cypress/psoc creator/3.0/psoc creator/import/gnu_cs/arm/4.7.3/bin/../lib/gcc/arm-none-eabi/4.7.3/../../../../arm-none-eabi/lib/armv6-m/crt0.o
 .bss           0x00000000        0x0 c:/program files (x86)/cypress/psoc creator/3.0/psoc creator/import/gnu_cs/arm/4.7.3/bin/../lib/gcc/arm-none-eabi/4.7.3/../../../../arm-none-eabi/lib/armv6-m/crt0.o
 .ARM.extab     0x00000000        0x0 c:/program files (x86)/cypress/psoc creator/3.0/psoc creator/import/gnu_cs/arm/4.7.3/bin/../lib/gcc/arm-none-eabi/4.7.3/../../../../arm-none-eabi/lib/armv6-m/crt0.o
 .ARM.exidx     0x00000000        0x8 c:/program files (x86)/cypress/psoc creator/3.0/psoc creator/import/gnu_cs/arm/4.7.3/bin/../lib/gcc/arm-none-eabi/4.7.3/../../../../arm-none-eabi/lib/armv6-m/crt0.o
 .text          0x00000000        0x0 .\CortexM0\ARM_GCC_473\Debug\main.o
 .data          0x00000000        0x0 .\CortexM0\ARM_GCC_473\Debug\main.o
 .text.MY_ISR   0x00000000        0x8 .\CortexM0\ARM_GCC_473\Debug\main.o
 .text.initMPU6050
                0x00000000       0x70 .\CortexM0\ARM_GCC_473\Debug\main.o
 .text          0x00000000        0x0 .\CortexM0\ARM_GCC_473\Debug\cymetadata.o
 .data          0x00000000        0x0 .\CortexM0\ARM_GCC_473\Debug\cymetadata.o
 .bss           0x00000000        0x0 .\CortexM0\ARM_GCC_473\Debug\cymetadata.o
 .text          0x00000000        0x0 .\CortexM0\ARM_GCC_473\Debug\Cm0Start.o
 .data          0x00000000        0x0 .\CortexM0\ARM_GCC_473\Debug\Cm0Start.o
 .bss           0x00000000        0x0 .\CortexM0\ARM_GCC_473\Debug\Cm0Start.o
 .text._exit    0x00000000       0x28 .\CortexM0\ARM_GCC_473\Debug\Cm0Start.o
 .text          0x00000000        0x0 .\CortexM0\ARM_GCC_473\Debug\Body_main.a(cyfitter_cfg.o)
 .bss           0x00000000        0x0 .\CortexM0\ARM_GCC_473\Debug\Body_main.a(cyfitter_cfg.o)
 .text.CYCONFIGCPY
                0x00000000       0x24 .\CortexM0\ARM_GCC_473\Debug\Body_main.a(cyfitter_cfg.o)
 .text.CYCONFIGCPYCODE
                0x00000000       0x24 .\CortexM0\ARM_GCC_473\Debug\Body_main.a(cyfitter_cfg.o)
 .text          0x00000000        0x0 .\CortexM0\ARM_GCC_473\Debug\Body_main.a(I2C_1.o)
 .data          0x00000000        0x0 .\CortexM0\ARM_GCC_473\Debug\Body_main.a(I2C_1.o)
 .text.I2C_1_Stop
                0x00000000       0x28 .\CortexM0\ARM_GCC_473\Debug\Body_main.a(I2C_1.o)
 .text.I2C_1_SetCustomInterruptHandler
                0x00000000       0x18 .\CortexM0\ARM_GCC_473\Debug\Body_main.a(I2C_1.o)
 .text.I2C_1_ScbModeStop
                0x00000000        0xc .\CortexM0\ARM_GCC_473\Debug\Body_main.a(I2C_1.o)
 .text          0x00000000        0x0 .\CortexM0\ARM_GCC_473\Debug\Body_main.a(I2C_1_I2C.o)
 .data          0x00000000        0x0 .\CortexM0\ARM_GCC_473\Debug\Body_main.a(I2C_1_I2C.o)
 .bss           0x00000000        0x0 .\CortexM0\ARM_GCC_473\Debug\Body_main.a(I2C_1_I2C.o)
 .text.I2C_1_I2CStop
                0x00000000       0x24 .\CortexM0\ARM_GCC_473\Debug\Body_main.a(I2C_1_I2C.o)
 .text          0x00000000        0x0 .\CortexM0\ARM_GCC_473\Debug\Body_main.a(I2C_1_I2C_MASTER.o)
 .data          0x00000000        0x0 .\CortexM0\ARM_GCC_473\Debug\Body_main.a(I2C_1_I2C_MASTER.o)
 .bss           0x00000000        0x0 .\CortexM0\ARM_GCC_473\Debug\Body_main.a(I2C_1_I2C_MASTER.o)
 .text.I2C_1_I2CMasterWriteBuf
                0x00000000      0x11c .\CortexM0\ARM_GCC_473\Debug\Body_main.a(I2C_1_I2C_MASTER.o)
 .text.I2C_1_I2CMasterReadBuf
                0x00000000      0x12c .\CortexM0\ARM_GCC_473\Debug\Body_main.a(I2C_1_I2C_MASTER.o)
 .text.I2C_1_I2CMasterGetReadBufSize
                0x00000000       0x14 .\CortexM0\ARM_GCC_473\Debug\Body_main.a(I2C_1_I2C_MASTER.o)
 .text.I2C_1_I2CMasterGetWriteBufSize
                0x00000000       0x14 .\CortexM0\ARM_GCC_473\Debug\Body_main.a(I2C_1_I2C_MASTER.o)
 .text.I2C_1_I2CMasterClearReadBuf
                0x00000000       0x28 .\CortexM0\ARM_GCC_473\Debug\Body_main.a(I2C_1_I2C_MASTER.o)
 .text.I2C_1_I2CMasterClearWriteBuf
                0x00000000       0x28 .\CortexM0\ARM_GCC_473\Debug\Body_main.a(I2C_1_I2C_MASTER.o)
 .text.I2C_1_I2CMasterStatus
                0x00000000       0x38 .\CortexM0\ARM_GCC_473\Debug\Body_main.a(I2C_1_I2C_MASTER.o)
 .text          0x00000000        0x0 .\CortexM0\ARM_GCC_473\Debug\Body_main.a(UART_1.o)
 .data          0x00000000        0x0 .\CortexM0\ARM_GCC_473\Debug\Body_main.a(UART_1.o)
 .text.UART_1_Stop
                0x00000000       0x1c .\CortexM0\ARM_GCC_473\Debug\Body_main.a(UART_1.o)
 .text.UART_1_SetCustomInterruptHandler
                0x00000000       0x18 .\CortexM0\ARM_GCC_473\Debug\Body_main.a(UART_1.o)
 .text.UART_1_ScbModeStop
                0x00000000        0x8 .\CortexM0\ARM_GCC_473\Debug\Body_main.a(UART_1.o)
 .text          0x00000000        0x0 .\CortexM0\ARM_GCC_473\Debug\Body_main.a(UART_1_UART.o)
 .data          0x00000000        0x0 .\CortexM0\ARM_GCC_473\Debug\Body_main.a(UART_1_UART.o)
 .bss           0x00000000        0x0 .\CortexM0\ARM_GCC_473\Debug\Body_main.a(UART_1_UART.o)
 .text.UART_1_UartSetRxAddress
                0x00000000       0x34 .\CortexM0\ARM_GCC_473\Debug\Body_main.a(UART_1_UART.o)
 .text.UART_1_UartSetRxAddressMask
                0x00000000       0x34 .\CortexM0\ARM_GCC_473\Debug\Body_main.a(UART_1_UART.o)
 .text.UART_1_UartGetChar
                0x00000000       0x44 .\CortexM0\ARM_GCC_473\Debug\Body_main.a(UART_1_UART.o)
 .text.UART_1_UartGetByte
                0x00000000       0x68 .\CortexM0\ARM_GCC_473\Debug\Body_main.a(UART_1_UART.o)
 .text.UART_1_UartPutCRLF
                0x00000000       0x24 .\CortexM0\ARM_GCC_473\Debug\Body_main.a(UART_1_UART.o)
 .text          0x00000000        0x0 .\CortexM0\ARM_GCC_473\Debug\Body_main.a(I2C_1_sda.o)
 .data          0x00000000        0x0 .\CortexM0\ARM_GCC_473\Debug\Body_main.a(I2C_1_sda.o)
 .bss           0x00000000        0x0 .\CortexM0\ARM_GCC_473\Debug\Body_main.a(I2C_1_sda.o)
 .text.I2C_1_sda_Write
                0x00000000       0x4c .\CortexM0\ARM_GCC_473\Debug\Body_main.a(I2C_1_sda.o)
 .text.I2C_1_sda_SetDriveMode
                0x00000000       0x30 .\CortexM0\ARM_GCC_473\Debug\Body_main.a(I2C_1_sda.o)
 .text.I2C_1_sda_ReadDataReg
                0x00000000       0x1c .\CortexM0\ARM_GCC_473\Debug\Body_main.a(I2C_1_sda.o)
 .text.I2C_1_sda_ClearInterrupt
                0x00000000       0x30 .\CortexM0\ARM_GCC_473\Debug\Body_main.a(I2C_1_sda.o)
 .text          0x00000000        0x0 .\CortexM0\ARM_GCC_473\Debug\Body_main.a(I2C_1_scl.o)
 .data          0x00000000        0x0 .\CortexM0\ARM_GCC_473\Debug\Body_main.a(I2C_1_scl.o)
 .bss           0x00000000        0x0 .\CortexM0\ARM_GCC_473\Debug\Body_main.a(I2C_1_scl.o)
 .text.I2C_1_scl_SetDriveMode
                0x00000000       0x2c .\CortexM0\ARM_GCC_473\Debug\Body_main.a(I2C_1_scl.o)
 .text.I2C_1_scl_ReadDataReg
                0x00000000       0x1c .\CortexM0\ARM_GCC_473\Debug\Body_main.a(I2C_1_scl.o)
 .text.I2C_1_scl_ClearInterrupt
                0x00000000       0x2c .\CortexM0\ARM_GCC_473\Debug\Body_main.a(I2C_1_scl.o)
 .data          0x00000000        0x0 .\CortexM0\ARM_GCC_473\Debug\Body_main.a(CyBootAsmGnu.o)
 .bss           0x00000000        0x0 .\CortexM0\ARM_GCC_473\Debug\Body_main.a(CyBootAsmGnu.o)
 .text          0x00000000        0x0 .\CortexM0\ARM_GCC_473\Debug\Body_main.a(CyLib.o)
 .bss           0x00000000        0x0 .\CortexM0\ARM_GCC_473\Debug\Body_main.a(CyLib.o)
 .text.CySysClkImoStart
                0x00000000       0x1c .\CortexM0\ARM_GCC_473\Debug\Body_main.a(CyLib.o)
 .text.CySysClkImoStop
                0x00000000       0x18 .\CortexM0\ARM_GCC_473\Debug\Body_main.a(CyLib.o)
 .text.CySysClkIloStart
                0x00000000       0x1c .\CortexM0\ARM_GCC_473\Debug\Body_main.a(CyLib.o)
 .text.CySysClkIloStop
                0x00000000       0x18 .\CortexM0\ARM_GCC_473\Debug\Body_main.a(CyLib.o)
 .text.CySysClkWriteHfclkDirect
                0x00000000       0x44 .\CortexM0\ARM_GCC_473\Debug\Body_main.a(CyLib.o)
 .text.CySysClkWriteSysclkDiv
                0x00000000       0x44 .\CortexM0\ARM_GCC_473\Debug\Body_main.a(CyLib.o)
 .text.CySysClkWriteImoFreq
                0x00000000      0x200 .\CortexM0\ARM_GCC_473\Debug\Body_main.a(CyLib.o)
 .text.CySysWdtLock
                0x00000000       0x44 .\CortexM0\ARM_GCC_473\Debug\Body_main.a(CyLib.o)
 .text.CySysWdtUnlock
                0x00000000       0x5c .\CortexM0\ARM_GCC_473\Debug\Body_main.a(CyLib.o)
 .text.CySysWdtReadEnabledStatus
                0x00000000       0x30 .\CortexM0\ARM_GCC_473\Debug\Body_main.a(CyLib.o)
 .text.CySysWdtWriteMode
                0x00000000       0x70 .\CortexM0\ARM_GCC_473\Debug\Body_main.a(CyLib.o)
 .text.CySysWdtReadMode
                0x00000000       0x24 .\CortexM0\ARM_GCC_473\Debug\Body_main.a(CyLib.o)
 .text.CySysWdtWriteClearOnMatch
                0x00000000       0x68 .\CortexM0\ARM_GCC_473\Debug\Body_main.a(CyLib.o)
 .text.CySysWdtReadClearOnMatch
                0x00000000       0x40 .\CortexM0\ARM_GCC_473\Debug\Body_main.a(CyLib.o)
 .text.CySysWdtEnable
                0x00000000       0x30 .\CortexM0\ARM_GCC_473\Debug\Body_main.a(CyLib.o)
 .text.CySysWdtDisable
                0x00000000       0x30 .\CortexM0\ARM_GCC_473\Debug\Body_main.a(CyLib.o)
 .text.CySysWdtWriteCascade
                0x00000000       0x68 .\CortexM0\ARM_GCC_473\Debug\Body_main.a(CyLib.o)
 .text.CySysWdtReadCascade
                0x00000000       0x1c .\CortexM0\ARM_GCC_473\Debug\Body_main.a(CyLib.o)
 .text.CySysWdtWriteMatch
                0x00000000       0x74 .\CortexM0\ARM_GCC_473\Debug\Body_main.a(CyLib.o)
 .text.CySysWdtWriteToggleBit
                0x00000000       0x54 .\CortexM0\ARM_GCC_473\Debug\Body_main.a(CyLib.o)
 .text.CySysWdtReadToggleBit
                0x00000000       0x18 .\CortexM0\ARM_GCC_473\Debug\Body_main.a(CyLib.o)
 .text.CySysWdtReadMatch
                0x00000000       0x44 .\CortexM0\ARM_GCC_473\Debug\Body_main.a(CyLib.o)
 .text.CySysWdtReadCount
                0x00000000       0x54 .\CortexM0\ARM_GCC_473\Debug\Body_main.a(CyLib.o)
 .text.CySysWdtGetInterruptSource
                0x00000000       0x1c .\CortexM0\ARM_GCC_473\Debug\Body_main.a(CyLib.o)
 .text.CySysWdtClearInterrupt
                0x00000000       0xb8 .\CortexM0\ARM_GCC_473\Debug\Body_main.a(CyLib.o)
 .text.CySysWdtResetCounters
                0x00000000       0x38 .\CortexM0\ARM_GCC_473\Debug\Body_main.a(CyLib.o)
 .text.CySysLvdEnable
                0x00000000       0x48 .\CortexM0\ARM_GCC_473\Debug\Body_main.a(CyLib.o)
 .text.CySysLvdDisable
                0x00000000       0x28 .\CortexM0\ARM_GCC_473\Debug\Body_main.a(CyLib.o)
 .text.CySysLvdGetInterruptSource
                0x00000000       0x18 .\CortexM0\ARM_GCC_473\Debug\Body_main.a(CyLib.o)
 .text.CySysLvdClearInterrupt
                0x00000000       0x14 .\CortexM0\ARM_GCC_473\Debug\Body_main.a(CyLib.o)
 .text.CySysGetResetReason
                0x00000000       0x30 .\CortexM0\ARM_GCC_473\Debug\Body_main.a(CyLib.o)
 .text.CyDisableInts
                0x00000000       0x24 .\CortexM0\ARM_GCC_473\Debug\Body_main.a(CyLib.o)
 .text.CyEnableInts
                0x00000000       0x18 .\CortexM0\ARM_GCC_473\Debug\Body_main.a(CyLib.o)
 .text.CyIntSetSysVector
                0x00000000       0x48 .\CortexM0\ARM_GCC_473\Debug\Body_main.a(CyLib.o)
 .text.CyIntGetSysVector
                0x00000000       0x34 .\CortexM0\ARM_GCC_473\Debug\Body_main.a(CyLib.o)
 .text.CyIntGetVector
                0x00000000       0x38 .\CortexM0\ARM_GCC_473\Debug\Body_main.a(CyLib.o)
 .text.CyIntGetPriority
                0x00000000       0x58 .\CortexM0\ARM_GCC_473\Debug\Body_main.a(CyLib.o)
 .text.CyIntGetState
                0x00000000       0x34 .\CortexM0\ARM_GCC_473\Debug\Body_main.a(CyLib.o)
 .text.CyIntSetPending
                0x00000000       0x2c .\CortexM0\ARM_GCC_473\Debug\Body_main.a(CyLib.o)
 .text.CyIntClearPending
                0x00000000       0x2c .\CortexM0\ARM_GCC_473\Debug\Body_main.a(CyLib.o)
 .text.CySoftwareReset
                0x00000000       0x20 .\CortexM0\ARM_GCC_473\Debug\Body_main.a(CyLib.o)
 .text.CyDelayFreq
                0x00000000       0x80 .\CortexM0\ARM_GCC_473\Debug\Body_main.a(CyLib.o)
 .rodata        0x00000000       0x30 .\CortexM0\ARM_GCC_473\Debug\Body_main.a(CyLib.o)
 .text          0x00000000        0x0 .\CortexM0\ARM_GCC_473\Debug\Body_main.a(I2C_1_I2C_INT.o)
 .data          0x00000000        0x0 .\CortexM0\ARM_GCC_473\Debug\Body_main.a(I2C_1_I2C_INT.o)
 .bss           0x00000000        0x0 .\CortexM0\ARM_GCC_473\Debug\Body_main.a(I2C_1_I2C_INT.o)
 .text          0x00000000        0x0 .\CortexM0\ARM_GCC_473\Debug\Body_main.a(UART_1_SPI_UART.o)
 .data          0x00000000        0x0 .\CortexM0\ARM_GCC_473\Debug\Body_main.a(UART_1_SPI_UART.o)
 .bss           0x00000000        0x0 .\CortexM0\ARM_GCC_473\Debug\Body_main.a(UART_1_SPI_UART.o)
 .text.UART_1_SpiUartReadRxData
                0x00000000       0x20 .\CortexM0\ARM_GCC_473\Debug\Body_main.a(UART_1_SPI_UART.o)
 .text.UART_1_SpiUartGetRxBufferSize
                0x00000000       0x20 .\CortexM0\ARM_GCC_473\Debug\Body_main.a(UART_1_SPI_UART.o)
 .text.UART_1_SpiUartClearRxBuffer
                0x00000000       0x2c .\CortexM0\ARM_GCC_473\Debug\Body_main.a(UART_1_SPI_UART.o)
 .text.UART_1_SpiUartPutArray
                0x00000000       0x34 .\CortexM0\ARM_GCC_473\Debug\Body_main.a(UART_1_SPI_UART.o)
 .text.UART_1_SpiUartGetTxBufferSize
                0x00000000       0x20 .\CortexM0\ARM_GCC_473\Debug\Body_main.a(UART_1_SPI_UART.o)
 .text.UART_1_SpiUartClearTxBuffer
                0x00000000       0x2c .\CortexM0\ARM_GCC_473\Debug\Body_main.a(UART_1_SPI_UART.o)
 .text.UART_1_SpiUartDisableIntRx
                0x00000000       0x20 .\CortexM0\ARM_GCC_473\Debug\Body_main.a(UART_1_SPI_UART.o)
 .text.UART_1_SpiUartDisableIntTx
                0x00000000       0x20 .\CortexM0\ARM_GCC_473\Debug\Body_main.a(UART_1_SPI_UART.o)
 .text          0x00000000       0x9c c:/program files (x86)/cypress/psoc creator/3.0/psoc creator/import/gnu_cs/arm/4.7.3/bin/../lib/gcc/arm-none-eabi/4.7.3/armv6-m\libgcc.a(_udivsi3.o)
 .data          0x00000000        0x0 c:/program files (x86)/cypress/psoc creator/3.0/psoc creator/import/gnu_cs/arm/4.7.3/bin/../lib/gcc/arm-none-eabi/4.7.3/armv6-m\libgcc.a(_udivsi3.o)
 .bss           0x00000000        0x0 c:/program files (x86)/cypress/psoc creator/3.0/psoc creator/import/gnu_cs/arm/4.7.3/bin/../lib/gcc/arm-none-eabi/4.7.3/armv6-m\libgcc.a(_udivsi3.o)
 .text          0x00000000       0xc0 c:/program files (x86)/cypress/psoc creator/3.0/psoc creator/import/gnu_cs/arm/4.7.3/bin/../lib/gcc/arm-none-eabi/4.7.3/armv6-m\libgcc.a(_divsi3.o)
 .data          0x00000000        0x0 c:/program files (x86)/cypress/psoc creator/3.0/psoc creator/import/gnu_cs/arm/4.7.3/bin/../lib/gcc/arm-none-eabi/4.7.3/armv6-m\libgcc.a(_divsi3.o)
 .bss           0x00000000        0x0 c:/program files (x86)/cypress/psoc creator/3.0/psoc creator/import/gnu_cs/arm/4.7.3/bin/../lib/gcc/arm-none-eabi/4.7.3/armv6-m\libgcc.a(_divsi3.o)
 .text          0x00000000        0x4 c:/program files (x86)/cypress/psoc creator/3.0/psoc creator/import/gnu_cs/arm/4.7.3/bin/../lib/gcc/arm-none-eabi/4.7.3/armv6-m\libgcc.a(_dvmd_tls.o)
 .data          0x00000000        0x0 c:/program files (x86)/cypress/psoc creator/3.0/psoc creator/import/gnu_cs/arm/4.7.3/bin/../lib/gcc/arm-none-eabi/4.7.3/armv6-m\libgcc.a(_dvmd_tls.o)
 .bss           0x00000000        0x0 c:/program files (x86)/cypress/psoc creator/3.0/psoc creator/import/gnu_cs/arm/4.7.3/bin/../lib/gcc/arm-none-eabi/4.7.3/armv6-m\libgcc.a(_dvmd_tls.o)
 .text          0x00000000        0x0 c:/program files (x86)/cypress/psoc creator/3.0/psoc creator/import/gnu_cs/arm/4.7.3/bin/../lib/gcc/arm-none-eabi/4.7.3/../../../../arm-none-eabi/lib/armv6-m\libc_s.a(lib_a-__atexit2.o)
 .data          0x00000000        0x0 c:/program files (x86)/cypress/psoc creator/3.0/psoc creator/import/gnu_cs/arm/4.7.3/bin/../lib/gcc/arm-none-eabi/4.7.3/../../../../arm-none-eabi/lib/armv6-m\libc_s.a(lib_a-__atexit2.o)
 .bss           0x00000000        0x0 c:/program files (x86)/cypress/psoc creator/3.0/psoc creator/import/gnu_cs/arm/4.7.3/bin/../lib/gcc/arm-none-eabi/4.7.3/../../../../arm-none-eabi/lib/armv6-m\libc_s.a(lib_a-__atexit2.o)
 .text.__register_exitproc
                0x00000000       0x18 c:/program files (x86)/cypress/psoc creator/3.0/psoc creator/import/gnu_cs/arm/4.7.3/bin/../lib/gcc/arm-none-eabi/4.7.3/../../../../arm-none-eabi/lib/armv6-m\libc_s.a(lib_a-__atexit2.o)
 .text          0x00000000        0x0 c:/program files (x86)/cypress/psoc creator/3.0/psoc creator/import/gnu_cs/arm/4.7.3/bin/../lib/gcc/arm-none-eabi/4.7.3/../../../../arm-none-eabi/lib/armv6-m\libc_s.a(lib_a-exit.o)
 .data          0x00000000        0x0 c:/program files (x86)/cypress/psoc creator/3.0/psoc creator/import/gnu_cs/arm/4.7.3/bin/../lib/gcc/arm-none-eabi/4.7.3/../../../../arm-none-eabi/lib/armv6-m\libc_s.a(lib_a-exit.o)
 .bss           0x00000000        0x0 c:/program files (x86)/cypress/psoc creator/3.0/psoc creator/import/gnu_cs/arm/4.7.3/bin/../lib/gcc/arm-none-eabi/4.7.3/../../../../arm-none-eabi/lib/armv6-m\libc_s.a(lib_a-exit.o)
 .text.exit     0x00000000       0x30 c:/program files (x86)/cypress/psoc creator/3.0/psoc creator/import/gnu_cs/arm/4.7.3/bin/../lib/gcc/arm-none-eabi/4.7.3/../../../../arm-none-eabi/lib/armv6-m\libc_s.a(lib_a-exit.o)
 .text          0x00000000        0x0 c:/program files (x86)/cypress/psoc creator/3.0/psoc creator/import/gnu_cs/arm/4.7.3/bin/../lib/gcc/arm-none-eabi/4.7.3/../../../../arm-none-eabi/lib/armv6-m\libc_s.a(lib_a-fini.o)
 .data          0x00000000        0x0 c:/program files (x86)/cypress/psoc creator/3.0/psoc creator/import/gnu_cs/arm/4.7.3/bin/../lib/gcc/arm-none-eabi/4.7.3/../../../../arm-none-eabi/lib/armv6-m\libc_s.a(lib_a-fini.o)
 .bss           0x00000000        0x0 c:/program files (x86)/cypress/psoc creator/3.0/psoc creator/import/gnu_cs/arm/4.7.3/bin/../lib/gcc/arm-none-eabi/4.7.3/../../../../arm-none-eabi/lib/armv6-m\libc_s.a(lib_a-fini.o)
 .text.__libc_fini_array
                0x00000000       0x2c c:/program files (x86)/cypress/psoc creator/3.0/psoc creator/import/gnu_cs/arm/4.7.3/bin/../lib/gcc/arm-none-eabi/4.7.3/../../../../arm-none-eabi/lib/armv6-m\libc_s.a(lib_a-fini.o)
 .text          0x00000000        0x0 c:/program files (x86)/cypress/psoc creator/3.0/psoc creator/import/gnu_cs/arm/4.7.3/bin/../lib/gcc/arm-none-eabi/4.7.3/../../../../arm-none-eabi/lib/armv6-m\libc_s.a(lib_a-impure.o)
 .data          0x00000000        0x0 c:/program files (x86)/cypress/psoc creator/3.0/psoc creator/import/gnu_cs/arm/4.7.3/bin/../lib/gcc/arm-none-eabi/4.7.3/../../../../arm-none-eabi/lib/armv6-m\libc_s.a(lib_a-impure.o)
 .bss           0x00000000        0x0 c:/program files (x86)/cypress/psoc creator/3.0/psoc creator/import/gnu_cs/arm/4.7.3/bin/../lib/gcc/arm-none-eabi/4.7.3/../../../../arm-none-eabi/lib/armv6-m\libc_s.a(lib_a-impure.o)
 .data.impure_data
                0x00000000       0x64 c:/program files (x86)/cypress/psoc creator/3.0/psoc creator/import/gnu_cs/arm/4.7.3/bin/../lib/gcc/arm-none-eabi/4.7.3/../../../../arm-none-eabi/lib/armv6-m\libc_s.a(lib_a-impure.o)
 .data._impure_ptr
                0x00000000        0x4 c:/program files (x86)/cypress/psoc creator/3.0/psoc creator/import/gnu_cs/arm/4.7.3/bin/../lib/gcc/arm-none-eabi/4.7.3/../../../../arm-none-eabi/lib/armv6-m\libc_s.a(lib_a-impure.o)
 .rodata.str1.1
                0x00000000        0x2 c:/program files (x86)/cypress/psoc creator/3.0/psoc creator/import/gnu_cs/arm/4.7.3/bin/../lib/gcc/arm-none-eabi/4.7.3/../../../../arm-none-eabi/lib/armv6-m\libc_s.a(lib_a-impure.o)
 .rodata._global_impure_ptr
                0x00000000        0x4 c:/program files (x86)/cypress/psoc creator/3.0/psoc creator/import/gnu_cs/arm/4.7.3/bin/../lib/gcc/arm-none-eabi/4.7.3/../../../../arm-none-eabi/lib/armv6-m\libc_s.a(lib_a-impure.o)
 .text          0x00000000        0x0 c:/program files (x86)/cypress/psoc creator/3.0/psoc creator/import/gnu_cs/arm/4.7.3/bin/../lib/gcc/arm-none-eabi/4.7.3/../../../../arm-none-eabi/lib/armv6-m\libc_s.a(lib_a-init.o)
 .data          0x00000000        0x0 c:/program files (x86)/cypress/psoc creator/3.0/psoc creator/import/gnu_cs/arm/4.7.3/bin/../lib/gcc/arm-none-eabi/4.7.3/../../../../arm-none-eabi/lib/armv6-m\libc_s.a(lib_a-init.o)
 .bss           0x00000000        0x0 c:/program files (x86)/cypress/psoc creator/3.0/psoc creator/import/gnu_cs/arm/4.7.3/bin/../lib/gcc/arm-none-eabi/4.7.3/../../../../arm-none-eabi/lib/armv6-m\libc_s.a(lib_a-init.o)
 .text          0x00000000        0x0 c:/program files (x86)/cypress/psoc creator/3.0/psoc creator/import/gnu_cs/arm/4.7.3/bin/../lib/gcc/arm-none-eabi/4.7.3/../../../../arm-none-eabi/lib/armv6-m\libc_s.a(lib_a-memcpy.o)
 .data          0x00000000        0x0 c:/program files (x86)/cypress/psoc creator/3.0/psoc creator/import/gnu_cs/arm/4.7.3/bin/../lib/gcc/arm-none-eabi/4.7.3/../../../../arm-none-eabi/lib/armv6-m\libc_s.a(lib_a-memcpy.o)
 .bss           0x00000000        0x0 c:/program files (x86)/cypress/psoc creator/3.0/psoc creator/import/gnu_cs/arm/4.7.3/bin/../lib/gcc/arm-none-eabi/4.7.3/../../../../arm-none-eabi/lib/armv6-m\libc_s.a(lib_a-memcpy.o)
 .text.memcpy   0x00000000       0x12 c:/program files (x86)/cypress/psoc creator/3.0/psoc creator/import/gnu_cs/arm/4.7.3/bin/../lib/gcc/arm-none-eabi/4.7.3/../../../../arm-none-eabi/lib/armv6-m\libc_s.a(lib_a-memcpy.o)
 .text          0x00000000        0x0 c:/program files (x86)/cypress/psoc creator/3.0/psoc creator/import/gnu_cs/arm/4.7.3/bin/../lib/gcc/arm-none-eabi/4.7.3/../../../../arm-none-eabi/lib/armv6-m\libc_s.a(lib_a-memset.o)
 .data          0x00000000        0x0 c:/program files (x86)/cypress/psoc creator/3.0/psoc creator/import/gnu_cs/arm/4.7.3/bin/../lib/gcc/arm-none-eabi/4.7.3/../../../../arm-none-eabi/lib/armv6-m\libc_s.a(lib_a-memset.o)
 .bss           0x00000000        0x0 c:/program files (x86)/cypress/psoc creator/3.0/psoc creator/import/gnu_cs/arm/4.7.3/bin/../lib/gcc/arm-none-eabi/4.7.3/../../../../arm-none-eabi/lib/armv6-m\libc_s.a(lib_a-memset.o)
 .text          0x00000000        0x0 c:/program files (x86)/cypress/psoc creator/3.0/psoc creator/import/gnu_cs/arm/4.7.3/bin/../lib/gcc/arm-none-eabi/4.7.3/armv6-m/crtend.o
 .data          0x00000000        0x0 c:/program files (x86)/cypress/psoc creator/3.0/psoc creator/import/gnu_cs/arm/4.7.3/bin/../lib/gcc/arm-none-eabi/4.7.3/armv6-m/crtend.o
 .bss           0x00000000        0x0 c:/program files (x86)/cypress/psoc creator/3.0/psoc creator/import/gnu_cs/arm/4.7.3/bin/../lib/gcc/arm-none-eabi/4.7.3/armv6-m/crtend.o
 .text          0x00000000        0x0 c:/program files (x86)/cypress/psoc creator/3.0/psoc creator/import/gnu_cs/arm/4.7.3/bin/../lib/gcc/arm-none-eabi/4.7.3/armv6-m/crtn.o
 .data          0x00000000        0x0 c:/program files (x86)/cypress/psoc creator/3.0/psoc creator/import/gnu_cs/arm/4.7.3/bin/../lib/gcc/arm-none-eabi/4.7.3/armv6-m/crtn.o
 .bss           0x00000000        0x0 c:/program files (x86)/cypress/psoc creator/3.0/psoc creator/import/gnu_cs/arm/4.7.3/bin/../lib/gcc/arm-none-eabi/4.7.3/armv6-m/crtn.o

Memory Configuration

Name             Origin             Length             Attributes
rom              0x00000000         0x00008000         xr
ram              0x20000000         0x00001000         xrw
*default*        0x00000000         0xffffffff

Linker script and memory map

LOAD c:/program files (x86)/cypress/psoc creator/3.0/psoc creator/import/gnu_cs/arm/4.7.3/bin/../lib/gcc/arm-none-eabi/4.7.3/armv6-m/crti.o
LOAD c:/program files (x86)/cypress/psoc creator/3.0/psoc creator/import/gnu_cs/arm/4.7.3/bin/../lib/gcc/arm-none-eabi/4.7.3/armv6-m/crtbegin.o
LOAD c:/program files (x86)/cypress/psoc creator/3.0/psoc creator/import/gnu_cs/arm/4.7.3/bin/../lib/gcc/arm-none-eabi/4.7.3/../../../../arm-none-eabi/lib/armv6-m/crt0.o
START GROUP
LOAD .\CortexM0\ARM_GCC_473\Debug\main.o
LOAD .\CortexM0\ARM_GCC_473\Debug\cymetadata.o
LOAD .\CortexM0\ARM_GCC_473\Debug\Cm0Start.o
LOAD .\CortexM0\ARM_GCC_473\Debug\Body_main.a
LOAD C:\Program Files (x86)\Cypress\PSoC Creator\3.0\PSoC Creator\psoc\content\cycomponentlibrary\CyComponentLibrary.cylib\CortexM0\ARM_GCC_473\Debug\CyComponentLibrary.a
END GROUP
START GROUP
LOAD c:/program files (x86)/cypress/psoc creator/3.0/psoc creator/import/gnu_cs/arm/4.7.3/bin/../lib/gcc/arm-none-eabi/4.7.3/armv6-m\libgcc.a
LOAD c:/program files (x86)/cypress/psoc creator/3.0/psoc creator/import/gnu_cs/arm/4.7.3/bin/../lib/gcc/arm-none-eabi/4.7.3/../../../../arm-none-eabi/lib/armv6-m\libc_s.a
END GROUP
LOAD c:/program files (x86)/cypress/psoc creator/3.0/psoc creator/import/gnu_cs/arm/4.7.3/bin/../lib/gcc/arm-none-eabi/4.7.3/armv6-m/crtend.o
LOAD c:/program files (x86)/cypress/psoc creator/3.0/psoc creator/import/gnu_cs/arm/4.7.3/bin/../lib/gcc/arm-none-eabi/4.7.3/armv6-m/crtn.o
START GROUP
LOAD c:/program files (x86)/cypress/psoc creator/3.0/psoc creator/import/gnu_cs/arm/4.7.3/bin/../lib/gcc/arm-none-eabi/4.7.3/armv6-m\libgcc.a
LOAD c:/program files (x86)/cypress/psoc creator/3.0/psoc creator/import/gnu_cs/arm/4.7.3/bin/../lib/gcc/arm-none-eabi/4.7.3/../../../../arm-none-eabi/lib/armv6-m\libc.a
LOAD c:/program files (x86)/cypress/psoc creator/3.0/psoc creator/import/gnu_cs/arm/4.7.3/bin/../lib/gcc/arm-none-eabi/4.7.3/../../../../arm-none-eabi/lib/armv6-m\libnosys.a
END GROUP
                0x00000000                CY_APPL_ORIGIN = 0x0
                0x00000080                CY_FLASH_ROW_SIZE = 0x80
                0x00000001                CY_APPL_NUM = 0x1
                0x00000040                CY_METADATA_SIZE = 0x40
                0x200005f8                PROVIDE (__cy_heap_start, _end)
                0x00000001                PROVIDE (__cy_region_num, ((__cy_regions_end - __cy_regions) / 0x10))
                0x20001000                PROVIDE (__cy_stack, (ORIGIN (ram) + 0x1000))
                0x20000c00                PROVIDE (__cy_heap_end, (__cy_stack - 0x400))

.cybootloader   0x00000000        0x0
 *(.cybootloader)
                0x00000000                appl1_start = CY_APPL_ORIGIN?CY_APPL_ORIGIN:ALIGN (CY_FLASH_ROW_SIZE)
                0x00003f80                appl2_start = (appl1_start + ALIGN ((((0x8000 - appl1_start) - (0x2 * CY_FLASH_ROW_SIZE)) / 0x2), CY_FLASH_ROW_SIZE))
                0x00000000                appl_start = (CY_APPL_NUM == 0x1)?appl1_start:appl2_start

.text           0x00000000     0x174a
 CREATE_OBJECT_SYMBOLS
                0x00000000                PROVIDE (__cy_interrupt_vector, RomVectors)
 *(.romvectors)
 .romvectors    0x00000000       0x10 .\CortexM0\ARM_GCC_473\Debug\Cm0Start.o
                0x00000000                RomVectors
                0x00000001                ASSERT ((. != __cy_interrupt_vector), No interrupt vector)
                0x00000001                ASSERT (CY_APPL_ORIGIN?(SIZEOF (.cybootloader) <= CY_APPL_ORIGIN):0x1, Wrong image location)
                0x00000010                PROVIDE (__cy_reset, Reset)
 *(.text.Reset)
 .text.Reset    0x00000010        0x8 .\CortexM0\ARM_GCC_473\Debug\Cm0Start.o
                0x00000010                Reset
                0x00000001                ASSERT ((. != __cy_reset), No reset code)
 *(.psocinit)
 .psocinit      0x00000018      0x260 .\CortexM0\ARM_GCC_473\Debug\Body_main.a(cyfitter_cfg.o)
                0x00000168                cyfitter_cfg
                0x00000278                . = MAX (., 0x100)
 *(.text .text.* .gnu.linkonce.t.*)
 .text          0x00000278       0x60 c:/program files (x86)/cypress/psoc creator/3.0/psoc creator/import/gnu_cs/arm/4.7.3/bin/../lib/gcc/arm-none-eabi/4.7.3/armv6-m/crtbegin.o
 .text.main     0x000002d8       0x20 .\CortexM0\ARM_GCC_473\Debug\main.o
                0x000002d8                main
 .text.initSensors
                0x000002f8        0xc .\CortexM0\ARM_GCC_473\Debug\main.o
                0x000002f8                initSensors
 .text.setSensArray
                0x00000304       0x6c .\CortexM0\ARM_GCC_473\Debug\main.o
                0x00000304                setSensArray
 .text.readAllSensors
                0x00000370       0x34 .\CortexM0\ARM_GCC_473\Debug\main.o
                0x00000370                readAllSensors
 .text.readI2C  0x000003a4       0x94 .\CortexM0\ARM_GCC_473\Debug\main.o
                0x000003a4                readI2C
 .text.setupI2C
                0x00000438       0x10 .\CortexM0\ARM_GCC_473\Debug\main.o
                0x00000438                setupI2C
 .text.initADXL345
                0x00000448       0x88 .\CortexM0\ARM_GCC_473\Debug\main.o
                0x00000448                initADXL345
 .text.convSensData
                0x000004d0       0xe4 .\CortexM0\ARM_GCC_473\Debug\main.o
                0x000004d0                convSensData
 .text.setdataArray
                0x000005b4       0xbc .\CortexM0\ARM_GCC_473\Debug\main.o
                0x000005b4                setdataArray
 .text.initUART
                0x00000670        0xc .\CortexM0\ARM_GCC_473\Debug\main.o
                0x00000670                initUART
 .text.handleI2CError
                0x0000067c        0xc .\CortexM0\ARM_GCC_473\Debug\main.o
                0x0000067c                handleI2CError
 .text.IntDefaultHandler
                0x00000688        0x8 .\CortexM0\ARM_GCC_473\Debug\Cm0Start.o
                0x00000688                IntDefaultHandler
 .text.Start_c  0x00000690       0xa4 .\CortexM0\ARM_GCC_473\Debug\Cm0Start.o
                0x00000690                Start_c
 .text.initialize_psoc
                0x00000734       0x64 .\CortexM0\ARM_GCC_473\Debug\Cm0Start.o
                0x00000734                initialize_psoc
 .text.CYMEMZERO
                0x00000798       0x20 .\CortexM0\ARM_GCC_473\Debug\Body_main.a(cyfitter_cfg.o)
 .text.AnalogSetDefault
                0x000007b8        0x8 .\CortexM0\ARM_GCC_473\Debug\Body_main.a(cyfitter_cfg.o)
 .text.I2C_1_Init
                0x000007c0        0xc .\CortexM0\ARM_GCC_473\Debug\Body_main.a(I2C_1.o)
                0x000007c0                I2C_1_Init
 .text.I2C_1_Enable
                0x000007cc       0x20 .\CortexM0\ARM_GCC_473\Debug\Body_main.a(I2C_1.o)
                0x000007cc                I2C_1_Enable
 .text.I2C_1_Start
                0x000007ec       0x24 .\CortexM0\ARM_GCC_473\Debug\Body_main.a(I2C_1.o)
                0x000007ec                I2C_1_Start
 .text.I2C_1_ScbEnableIntr
                0x00000810       0x10 .\CortexM0\ARM_GCC_473\Debug\Body_main.a(I2C_1.o)
 .text.I2C_1_I2CInit
                0x00000820       0xf0 .\CortexM0\ARM_GCC_473\Debug\Body_main.a(I2C_1_I2C.o)
                0x00000820                I2C_1_I2CInit
 .text.I2C_1_I2CMasterSendStart
                0x00000910      0x110 .\CortexM0\ARM_GCC_473\Debug\Body_main.a(I2C_1_I2C_MASTER.o)
                0x00000910                I2C_1_I2CMasterSendStart
 .text.I2C_1_I2CMasterSendRestart
                0x00000a20      0x108 .\CortexM0\ARM_GCC_473\Debug\Body_main.a(I2C_1_I2C_MASTER.o)
                0x00000a20                I2C_1_I2CMasterSendRestart
 .text.I2C_1_I2CMasterSendStop
                0x00000b28       0xbc .\CortexM0\ARM_GCC_473\Debug\Body_main.a(I2C_1_I2C_MASTER.o)
                0x00000b28                I2C_1_I2CMasterSendStop
 .text.I2C_1_I2CMasterWriteByte
                0x00000be4       0xcc .\CortexM0\ARM_GCC_473\Debug\Body_main.a(I2C_1_I2C_MASTER.o)
                0x00000be4                I2C_1_I2CMasterWriteByte
 .text.I2C_1_I2CMasterReadByte
                0x00000cb0       0xac .\CortexM0\ARM_GCC_473\Debug\Body_main.a(I2C_1_I2C_MASTER.o)
                0x00000cb0                I2C_1_I2CMasterReadByte
 .text.I2C_1_I2CMasterClearStatus
                0x00000d5c       0x24 .\CortexM0\ARM_GCC_473\Debug\Body_main.a(I2C_1_I2C_MASTER.o)
                0x00000d5c                I2C_1_I2CMasterClearStatus
 .text.I2C_1_I2CReStartGeneration
                0x00000d80       0xb0 .\CortexM0\ARM_GCC_473\Debug\Body_main.a(I2C_1_I2C_MASTER.o)
                0x00000d80                I2C_1_I2CReStartGeneration
 .text.UART_1_Init
                0x00000e30        0xc .\CortexM0\ARM_GCC_473\Debug\Body_main.a(UART_1.o)
                0x00000e30                UART_1_Init
 .text.UART_1_Enable
                0x00000e3c       0x20 .\CortexM0\ARM_GCC_473\Debug\Body_main.a(UART_1.o)
                0x00000e3c                UART_1_Enable
 .text.UART_1_Start
                0x00000e5c       0x24 .\CortexM0\ARM_GCC_473\Debug\Body_main.a(UART_1.o)
                0x00000e5c                UART_1_Start
 .text.UART_1_ScbEnableIntr
                0x00000e80        0x8 .\CortexM0\ARM_GCC_473\Debug\Body_main.a(UART_1.o)
 .text.UART_1_UartInit
                0x00000e88       0xa8 .\CortexM0\ARM_GCC_473\Debug\Body_main.a(UART_1_UART.o)
                0x00000e88                UART_1_UartInit
 .text.UART_1_UartPutString
                0x00000f30       0x34 .\CortexM0\ARM_GCC_473\Debug\Body_main.a(UART_1_UART.o)
                0x00000f30                UART_1_UartPutString
 .text.I2C_1_sda_Read
                0x00000f64       0x1c .\CortexM0\ARM_GCC_473\Debug\Body_main.a(I2C_1_sda.o)
                0x00000f64                I2C_1_sda_Read
 .text.I2C_1_scl_Write
                0x00000f80       0x48 .\CortexM0\ARM_GCC_473\Debug\Body_main.a(I2C_1_scl.o)
                0x00000f80                I2C_1_scl_Write
 .text.I2C_1_scl_Read
                0x00000fc8       0x1c .\CortexM0\ARM_GCC_473\Debug\Body_main.a(I2C_1_scl.o)
                0x00000fc8                I2C_1_scl_Read
 *fill*         0x00000fe4        0x4 00
 .text          0x00000fe8       0x20 .\CortexM0\ARM_GCC_473\Debug\Body_main.a(CyBootAsmGnu.o)
                0x00000fe8                CyDelayCycles
                0x00000ffa                CyEnterCriticalSection
                0x00001002                CyExitCriticalSection
 .text.CyIntSetVector
                0x00001008       0x4c .\CortexM0\ARM_GCC_473\Debug\Body_main.a(CyLib.o)
                0x00001008                CyIntSetVector
 .text.CyIntSetPriority
                0x00001054       0xa8 .\CortexM0\ARM_GCC_473\Debug\Body_main.a(CyLib.o)
                0x00001054                CyIntSetPriority
 .text.CyIntEnable
                0x000010fc       0x2c .\CortexM0\ARM_GCC_473\Debug\Body_main.a(CyLib.o)
                0x000010fc                CyIntEnable
 .text.CyIntDisable
                0x00001128       0x2c .\CortexM0\ARM_GCC_473\Debug\Body_main.a(CyLib.o)
                0x00001128                CyIntDisable
 .text.CyHalt   0x00001154       0x14 .\CortexM0\ARM_GCC_473\Debug\Body_main.a(CyLib.o)
                0x00001154                CyHalt
 .text.CyDelay  0x00001168       0x48 .\CortexM0\ARM_GCC_473\Debug\Body_main.a(CyLib.o)
                0x00001168                CyDelay
 .text.CyDelayUs
                0x000011b0       0x28 .\CortexM0\ARM_GCC_473\Debug\Body_main.a(CyLib.o)
                0x000011b0                CyDelayUs
 .text.I2C_1_I2C_ISR
                0x000011d8      0x4e8 .\CortexM0\ARM_GCC_473\Debug\Body_main.a(I2C_1_I2C_INT.o)
                0x000011d8                I2C_1_I2C_ISR
 .text.UART_1_SpiUartWriteTxData
                0x000016c0       0x2c .\CortexM0\ARM_GCC_473\Debug\Body_main.a(UART_1_SPI_UART.o)
                0x000016c0                UART_1_SpiUartWriteTxData
 .text.__libc_init_array
                0x000016ec       0x4c c:/program files (x86)/cypress/psoc creator/3.0/psoc creator/import/gnu_cs/arm/4.7.3/bin/../lib/gcc/arm-none-eabi/4.7.3/../../../../arm-none-eabi/lib/armv6-m\libc_s.a(lib_a-init.o)
                0x000016ec                __libc_init_array
 .text.memset   0x00001738       0x12 c:/program files (x86)/cypress/psoc creator/3.0/psoc creator/import/gnu_cs/arm/4.7.3/bin/../lib/gcc/arm-none-eabi/4.7.3/../../../../arm-none-eabi/lib/armv6-m\libc_s.a(lib_a-memset.o)
                0x00001738                memset
 *(.plt)
 *(.gnu.warning)
 *(.glue_7t)
 .glue_7t       0x00000000        0x0 linker stubs
 *(.glue_7)
 .glue_7        0x00000000        0x0 linker stubs
 *(.vfp11_veneer)
 .vfp11_veneer  0x00000000        0x0 linker stubs
 *(.bootloader)
 *(.ARM.extab* .gnu.linkonce.armextab.*)
 *(.gcc_except_table)

.v4_bx          0x0000174c        0x0
 .v4_bx         0x00000000        0x0 linker stubs

.iplt           0x0000174c        0x0
 .iplt          0x00000000        0x0 c:/program files (x86)/cypress/psoc creator/3.0/psoc creator/import/gnu_cs/arm/4.7.3/bin/../lib/gcc/arm-none-eabi/4.7.3/armv6-m/crtbegin.o

.eh_frame_hdr
 *(.eh_frame_hdr)

.eh_frame       0x0000174c        0x4
 *(.eh_frame)
 .eh_frame      0x0000174c        0x0 c:/program files (x86)/cypress/psoc creator/3.0/psoc creator/import/gnu_cs/arm/4.7.3/bin/../lib/gcc/arm-none-eabi/4.7.3/armv6-m/crtbegin.o
 .eh_frame      0x0000174c        0x4 c:/program files (x86)/cypress/psoc creator/3.0/psoc creator/import/gnu_cs/arm/4.7.3/bin/../lib/gcc/arm-none-eabi/4.7.3/armv6-m/crtend.o
                0x00001750                PROVIDE (__exidx_start, .)

.ARM.exidx
 *(.ARM.exidx* .gnu.linkonce.armexidx.*)
                0x00001750                __exidx_end = .

.rodata         0x00001750       0x48
 *(.rodata .rodata.* .gnu.linkonce.r.*)
 .rodata        0x00001750       0x10 .\CortexM0\ARM_GCC_473\Debug\Body_main.a(cyfitter_cfg.o)
                0x00001760                . = ALIGN (0x4)
 *(.init)
 .init          0x00001760        0x4 c:/program files (x86)/cypress/psoc creator/3.0/psoc creator/import/gnu_cs/arm/4.7.3/bin/../lib/gcc/arm-none-eabi/4.7.3/armv6-m/crti.o
                0x00001760                _init
 .init          0x00001764        0x8 c:/program files (x86)/cypress/psoc creator/3.0/psoc creator/import/gnu_cs/arm/4.7.3/bin/../lib/gcc/arm-none-eabi/4.7.3/armv6-m/crtn.o
                0x0000176c                . = ALIGN (0x4)
                0x0000176c                __preinit_array_start = .
 *(.preinit_array)
                0x0000176c                __preinit_array_end = .
                0x0000176c                . = ALIGN (0x4)
                0x0000176c                __init_array_start = .
 *(SORT(.init_array.*))
 *(.init_array)
 .init_array    0x0000176c        0x4 c:/program files (x86)/cypress/psoc creator/3.0/psoc creator/import/gnu_cs/arm/4.7.3/bin/../lib/gcc/arm-none-eabi/4.7.3/armv6-m/crtbegin.o
 .init_array    0x00001770        0x4 .\CortexM0\ARM_GCC_473\Debug\Cm0Start.o
                0x00001774                __init_array_end = .
                0x00001774                . = ALIGN (0x4)
 *(.fini)
 .fini          0x00001774        0x4 c:/program files (x86)/cypress/psoc creator/3.0/psoc creator/import/gnu_cs/arm/4.7.3/bin/../lib/gcc/arm-none-eabi/4.7.3/armv6-m/crti.o
                0x00001774                _fini
 .fini          0x00001778        0x8 c:/program files (x86)/cypress/psoc creator/3.0/psoc creator/import/gnu_cs/arm/4.7.3/bin/../lib/gcc/arm-none-eabi/4.7.3/armv6-m/crtn.o
                0x00001780                . = ALIGN (0x4)
                0x00001780                __fini_array_start = .
 *(.fini_array)
 .fini_array    0x00001780        0x4 c:/program files (x86)/cypress/psoc creator/3.0/psoc creator/import/gnu_cs/arm/4.7.3/bin/../lib/gcc/arm-none-eabi/4.7.3/armv6-m/crtbegin.o
 *(SORT(.fini_array.*))
                0x00001784                __fini_array_end = .
                0x00001784                . = ALIGN (0x4)
 *crtbegin.o(.ctors)
 *(EXCLUDE_FILE(*crtend.o) .ctors)
 *(SORT(.ctors.*))
 *crtend.o(.ctors)
                0x00001784                . = ALIGN (0x4)
 *crtbegin.o(.dtors)
 *(EXCLUDE_FILE(*crtend.o) .dtors)
 *(SORT(.dtors.*))
 *crtend.o(.dtors)
                0x00001784                . = ALIGN (0x4)
                0x00001784                __cy_regions = .
                0x00001784        0x4 LONG 0x1798 __cy_region_init_ram
                0x00001788        0x4 LONG 0x200000c8 __cy_region_start_data
                0x0000178c        0x4 LONG 0x18 __cy_region_init_size_ram
                0x00001790        0x4 LONG 0x518 __cy_region_zero_size_ram
                0x00001794                __cy_regions_end = .
                0x00001798                . = ALIGN (0x8)
 *fill*         0x00001794        0x4 00
                0x00001798                _etext = .

.ramvectors     0x20000000       0xc0
                0x20000000                __cy_region_start_ram = .
 *(.ramvectors)
 .ramvectors    0x20000000       0xc0 .\CortexM0\ARM_GCC_473\Debug\Cm0Start.o
                0x20000000                CyRamVectors

.noinit         0x200000c0        0x4
 *(.noinit)
 .noinit        0x200000c0        0x4 .\CortexM0\ARM_GCC_473\Debug\Cm0Start.o

.data           0x200000c8       0x18 load address 0x00001798
                0x200000c8                __cy_region_start_data = .
 *(.jcr)
 .jcr           0x200000c8        0x0 c:/program files (x86)/cypress/psoc creator/3.0/psoc creator/import/gnu_cs/arm/4.7.3/bin/../lib/gcc/arm-none-eabi/4.7.3/armv6-m/crtbegin.o
 .jcr           0x200000c8        0x4 c:/program files (x86)/cypress/psoc creator/3.0/psoc creator/import/gnu_cs/arm/4.7.3/bin/../lib/gcc/arm-none-eabi/4.7.3/armv6-m/crtend.o
 *(.got.plt)
 *(.got)
 *(.shdata)
 *(.data .data.* .gnu.linkonce.d.*)
 .data          0x200000cc        0x4 .\CortexM0\ARM_GCC_473\Debug\Body_main.a(cyfitter_cfg.o)
 .data          0x200000d0       0x10 .\CortexM0\ARM_GCC_473\Debug\Body_main.a(CyLib.o)
                0x200000d0                cydelayFreqHz
                0x200000d4                cydelayFreqKhz
                0x200000d8                cydelayFreqMhz
                0x200000dc                cydelay32kMs
                0x200000e0                . = ALIGN (0x8)
 *(.ram)
                0x200000e0                _edata = .

.igot.plt       0x200000e0        0x0 load address 0x000017b0
 .igot.plt      0x00000000        0x0 c:/program files (x86)/cypress/psoc creator/3.0/psoc creator/import/gnu_cs/arm/4.7.3/bin/../lib/gcc/arm-none-eabi/4.7.3/armv6-m/crtbegin.o

.bss            0x200000e0      0x518 load address 0x000017b0
                0x200000e0                PROVIDE (__bss_start__, .)
 *(.shbss)
 *(.bss .bss.* .gnu.linkonce.b.*)
 .bss           0x200000e0       0x1c c:/program files (x86)/cypress/psoc creator/3.0/psoc creator/import/gnu_cs/arm/4.7.3/bin/../lib/gcc/arm-none-eabi/4.7.3/armv6-m/crtbegin.o
 .bss           0x200000fc        0x1 .\CortexM0\ARM_GCC_473\Debug\main.o
                0x200000fc                numOfRegToRead
 *fill*         0x200000fd        0x3 00
 .bss           0x20000100        0x8 .\CortexM0\ARM_GCC_473\Debug\Body_main.a(I2C_1.o)
                0x20000100                I2C_1_initVar
                0x20000104                I2C_1_customIntrHandler
 .bss           0x20000108        0x8 .\CortexM0\ARM_GCC_473\Debug\Body_main.a(UART_1.o)
                0x20000108                UART_1_initVar
                0x2000010c                UART_1_customIntrHandler
 *(COMMON)
 COMMON         0x20000110      0x4c4 .\CortexM0\ARM_GCC_473\Debug\main.o
                0x20000110                dataArray
                0x20000154                sensArray
 COMMON         0x200005d4        0x1 .\CortexM0\ARM_GCC_473\Debug\Body_main.a(I2C_1_I2C.o)
                0x200005d4                I2C_1_state
 *fill*         0x200005d5        0x3 00
 COMMON         0x200005d8       0x20 .\CortexM0\ARM_GCC_473\Debug\Body_main.a(I2C_1_I2C_MASTER.o)
                0x200005d8                I2C_1_mstrWrBufIndexTmp
                0x200005dc                I2C_1_mstrWrBufIndex
                0x200005e0                I2C_1_mstrControl
                0x200005e2                I2C_1_mstrStatus
                0x200005e4                I2C_1_mstrWrBufSize
                0x200005e8                I2C_1_mstrRdBufIndex
                0x200005ec                I2C_1_mstrWrBufPtr
                0x200005f0                I2C_1_mstrRdBufPtr
                0x200005f4                I2C_1_mstrRdBufSize
                0x200005f8                . = ALIGN (0x8)
 *(.ram.b)
                0x200005f8                _end = .
                0x200005f8                __end = .
                0x200005f8                PROVIDE (end, .)
                0x200005f8                PROVIDE (__bss_end__, .)
                0x00001798                __cy_region_init_ram = LOADADDR (.data)
                0x00000018                __cy_region_init_size_ram = (_edata - ADDR (.data))
                0x00000518                __cy_region_zero_size_ram = (_end - _edata)

.heap           0x200005f8      0x100 load address 0x000017b0
                0x200005f8                . = _end
                0x200006f8                . = (. + 0x100)
 *fill*         0x200005f8      0x100 00
                0x200006f8                __cy_heap_limit = .

.stack          0x20000c00      0x400
                0x20000c00                __cy_stack_limit = .
                0x20001000                . = (. + 0x400)
 *fill*         0x20000c00      0x400 00
                0x00000001                ASSERT ((__cy_stack_limit >= __cy_heap_limit), region RAM overflowed with stack)

.cyloadermeta
 *(.cyloadermeta)

.cyloadablemeta
 *(.cyloadablemeta)

.cyflashprotect
                0x90400000       0x20
 *(.cyflashprotect)
 .cyflashprotect
                0x90400000       0x20 .\CortexM0\ARM_GCC_473\Debug\cymetadata.o
                0x90400000                cy_meta_flashprotect

.cymeta         0x90500000        0xc
 *(.cymeta)
 .cymeta        0x90500000        0xc .\CortexM0\ARM_GCC_473\Debug\cymetadata.o
                0x90500000                cy_metadata

.cychipprotect  0x90600000        0x4
 *(.cychipprotect)
 .cychipprotect
                0x90600000        0x4 .\CortexM0\ARM_GCC_473\Debug\cymetadata.o
                0x90600000                cy_meta_chipprotect

.rel.dyn        0x000017b0        0x0 load address 0x90600004
 .rel.iplt      0x00000000        0x0 c:/program files (x86)/cypress/psoc creator/3.0/psoc creator/import/gnu_cs/arm/4.7.3/bin/../lib/gcc/arm-none-eabi/4.7.3/armv6-m/crtbegin.o

.stab
 *(.stab)

.stabstr
 *(.stabstr)

.debug
 *(.debug)

.line
 *(.line)

.debug_srcinfo
 *(.debug_srcinfo)

.debug_sfnames
 *(.debug_sfnames)

.debug_aranges  0x00000000      0x588
 *(.debug_aranges)
 .debug_aranges
                0x00000000       0x80 .\CortexM0\ARM_GCC_473\Debug\main.o
 .debug_aranges
                0x00000080       0x18 .\CortexM0\ARM_GCC_473\Debug\cymetadata.o
 .debug_aranges
                0x00000098       0x40 .\CortexM0\ARM_GCC_473\Debug\Cm0Start.o
 .debug_aranges
                0x000000d8       0x50 .\CortexM0\ARM_GCC_473\Debug\Body_main.a(cyfitter_cfg.o)
 .debug_aranges
                0x00000128       0x50 .\CortexM0\ARM_GCC_473\Debug\Body_main.a(I2C_1.o)
 .debug_aranges
                0x00000178       0x28 .\CortexM0\ARM_GCC_473\Debug\Body_main.a(I2C_1_I2C.o)
 .debug_aranges
                0x000001a0       0x88 .\CortexM0\ARM_GCC_473\Debug\Body_main.a(I2C_1_I2C_MASTER.o)
 .debug_aranges
                0x00000228       0x50 .\CortexM0\ARM_GCC_473\Debug\Body_main.a(UART_1.o)
 .debug_aranges
                0x00000278       0x50 .\CortexM0\ARM_GCC_473\Debug\Body_main.a(UART_1_UART.o)
 .debug_aranges
                0x000002c8       0x40 .\CortexM0\ARM_GCC_473\Debug\Body_main.a(I2C_1_sda.o)
 .debug_aranges
                0x00000308       0x40 .\CortexM0\ARM_GCC_473\Debug\Body_main.a(I2C_1_scl.o)
 .debug_aranges
                0x00000348       0x20 .\CortexM0\ARM_GCC_473\Debug\Body_main.a(CyBootAsmGnu.o)
 .debug_aranges
                0x00000368      0x1a0 .\CortexM0\ARM_GCC_473\Debug\Body_main.a(CyLib.o)
 .debug_aranges
                0x00000508       0x20 .\CortexM0\ARM_GCC_473\Debug\Body_main.a(I2C_1_I2C_INT.o)
 .debug_aranges
                0x00000528       0x60 .\CortexM0\ARM_GCC_473\Debug\Body_main.a(UART_1_SPI_UART.o)

.debug_pubnames
 *(.debug_pubnames)

.debug_info     0x00000000     0x2789
 *(.debug_info .gnu.linkonce.wi.*)
 .debug_info    0x00000000      0x327 .\CortexM0\ARM_GCC_473\Debug\main.o
 .debug_info    0x00000327      0x100 .\CortexM0\ARM_GCC_473\Debug\cymetadata.o
 .debug_info    0x00000427      0x2c0 .\CortexM0\ARM_GCC_473\Debug\Cm0Start.o
 .debug_info    0x000006e7      0x36d .\CortexM0\ARM_GCC_473\Debug\Body_main.a(cyfitter_cfg.o)
 .debug_info    0x00000a54      0x197 .\CortexM0\ARM_GCC_473\Debug\Body_main.a(I2C_1.o)
 .debug_info    0x00000beb      0x12c .\CortexM0\ARM_GCC_473\Debug\Body_main.a(I2C_1_I2C.o)
 .debug_info    0x00000d17      0x4ba .\CortexM0\ARM_GCC_473\Debug\Body_main.a(I2C_1_I2C_MASTER.o)
 .debug_info    0x000011d1      0x197 .\CortexM0\ARM_GCC_473\Debug\Body_main.a(UART_1.o)
 .debug_info    0x00001368      0x224 .\CortexM0\ARM_GCC_473\Debug\Body_main.a(UART_1_UART.o)
 .debug_info    0x0000158c      0x168 .\CortexM0\ARM_GCC_473\Debug\Body_main.a(I2C_1_sda.o)
 .debug_info    0x000016f4      0x168 .\CortexM0\ARM_GCC_473\Debug\Body_main.a(I2C_1_scl.o)
 .debug_info    0x0000185c       0x84 .\CortexM0\ARM_GCC_473\Debug\Body_main.a(CyBootAsmGnu.o)
 .debug_info    0x000018e0      0xac5 .\CortexM0\ARM_GCC_473\Debug\Body_main.a(CyLib.o)
 .debug_info    0x000023a5      0x1a7 .\CortexM0\ARM_GCC_473\Debug\Body_main.a(I2C_1_I2C_INT.o)
 .debug_info    0x0000254c      0x23d .\CortexM0\ARM_GCC_473\Debug\Body_main.a(UART_1_SPI_UART.o)

.debug_abbrev   0x00000000      0xdf0
 *(.debug_abbrev)
 .debug_abbrev  0x00000000      0x176 .\CortexM0\ARM_GCC_473\Debug\main.o
 .debug_abbrev  0x00000176       0x5d .\CortexM0\ARM_GCC_473\Debug\cymetadata.o
 .debug_abbrev  0x000001d3      0x164 .\CortexM0\ARM_GCC_473\Debug\Cm0Start.o
 .debug_abbrev  0x00000337      0x17b .\CortexM0\ARM_GCC_473\Debug\Body_main.a(cyfitter_cfg.o)
 .debug_abbrev  0x000004b2       0xc5 .\CortexM0\ARM_GCC_473\Debug\Body_main.a(I2C_1.o)
 .debug_abbrev  0x00000577       0x7a .\CortexM0\ARM_GCC_473\Debug\Body_main.a(I2C_1_I2C.o)
 .debug_abbrev  0x000005f1      0x156 .\CortexM0\ARM_GCC_473\Debug\Body_main.a(I2C_1_I2C_MASTER.o)
 .debug_abbrev  0x00000747       0xc5 .\CortexM0\ARM_GCC_473\Debug\Body_main.a(UART_1.o)
 .debug_abbrev  0x0000080c       0xee .\CortexM0\ARM_GCC_473\Debug\Body_main.a(UART_1_UART.o)
 .debug_abbrev  0x000008fa       0xac .\CortexM0\ARM_GCC_473\Debug\Body_main.a(I2C_1_sda.o)
 .debug_abbrev  0x000009a6       0xac .\CortexM0\ARM_GCC_473\Debug\Body_main.a(I2C_1_scl.o)
 .debug_abbrev  0x00000a52       0x14 .\CortexM0\ARM_GCC_473\Debug\Body_main.a(CyBootAsmGnu.o)
 .debug_abbrev  0x00000a66      0x1a2 .\CortexM0\ARM_GCC_473\Debug\Body_main.a(CyLib.o)
 .debug_abbrev  0x00000c08       0x97 .\CortexM0\ARM_GCC_473\Debug\Body_main.a(I2C_1_I2C_INT.o)
 .debug_abbrev  0x00000c9f      0x151 .\CortexM0\ARM_GCC_473\Debug\Body_main.a(UART_1_SPI_UART.o)

.debug_line     0x00000000     0x1585
 *(.debug_line)
 .debug_line    0x00000000      0x24b .\CortexM0\ARM_GCC_473\Debug\main.o
 .debug_line    0x0000024b       0x53 .\CortexM0\ARM_GCC_473\Debug\cymetadata.o
 .debug_line    0x0000029e      0x19b .\CortexM0\ARM_GCC_473\Debug\Cm0Start.o
 .debug_line    0x00000439      0x188 .\CortexM0\ARM_GCC_473\Debug\Body_main.a(cyfitter_cfg.o)
 .debug_line    0x000005c1       0xdd .\CortexM0\ARM_GCC_473\Debug\Body_main.a(I2C_1.o)
 .debug_line    0x0000069e       0xa1 .\CortexM0\ARM_GCC_473\Debug\Body_main.a(I2C_1_I2C.o)
 .debug_line    0x0000073f      0x29c .\CortexM0\ARM_GCC_473\Debug\Body_main.a(I2C_1_I2C_MASTER.o)
 .debug_line    0x000009db       0xd8 .\CortexM0\ARM_GCC_473\Debug\Body_main.a(UART_1.o)
 .debug_line    0x00000ab3      0x103 .\CortexM0\ARM_GCC_473\Debug\Body_main.a(UART_1_UART.o)
 .debug_line    0x00000bb6       0xaf .\CortexM0\ARM_GCC_473\Debug\Body_main.a(I2C_1_sda.o)
 .debug_line    0x00000c65       0xaf .\CortexM0\ARM_GCC_473\Debug\Body_main.a(I2C_1_scl.o)
 .debug_line    0x00000d14       0x68 .\CortexM0\ARM_GCC_473\Debug\Body_main.a(CyBootAsmGnu.o)
 .debug_line    0x00000d7c      0x541 .\CortexM0\ARM_GCC_473\Debug\Body_main.a(CyLib.o)
 .debug_line    0x000012bd      0x1a1 .\CortexM0\ARM_GCC_473\Debug\Body_main.a(I2C_1_I2C_INT.o)
 .debug_line    0x0000145e      0x127 .\CortexM0\ARM_GCC_473\Debug\Body_main.a(UART_1_SPI_UART.o)

.debug_frame    0x00000000     0x11cc
 *(.debug_frame)
 .debug_frame   0x00000000      0x190 .\CortexM0\ARM_GCC_473\Debug\main.o
 .debug_frame   0x00000190       0xa8 .\CortexM0\ARM_GCC_473\Debug\Cm0Start.o
 .debug_frame   0x00000238       0xe8 .\CortexM0\ARM_GCC_473\Debug\Body_main.a(cyfitter_cfg.o)
 .debug_frame   0x00000320       0xd8 .\CortexM0\ARM_GCC_473\Debug\Body_main.a(I2C_1.o)
 .debug_frame   0x000003f8       0x48 .\CortexM0\ARM_GCC_473\Debug\Body_main.a(I2C_1_I2C.o)
 .debug_frame   0x00000440      0x1c0 .\CortexM0\ARM_GCC_473\Debug\Body_main.a(I2C_1_I2C_MASTER.o)
 .debug_frame   0x00000600       0xd8 .\CortexM0\ARM_GCC_473\Debug\Body_main.a(UART_1.o)
 .debug_frame   0x000006d8       0xec .\CortexM0\ARM_GCC_473\Debug\Body_main.a(UART_1_UART.o)
 .debug_frame   0x000007c4       0xa8 .\CortexM0\ARM_GCC_473\Debug\Body_main.a(I2C_1_sda.o)
 .debug_frame   0x0000086c       0xa8 .\CortexM0\ARM_GCC_473\Debug\Body_main.a(I2C_1_scl.o)
 .debug_frame   0x00000914      0x628 .\CortexM0\ARM_GCC_473\Debug\Body_main.a(CyLib.o)
 .debug_frame   0x00000f3c       0x30 .\CortexM0\ARM_GCC_473\Debug\Body_main.a(I2C_1_I2C_INT.o)
 .debug_frame   0x00000f6c      0x128 .\CortexM0\ARM_GCC_473\Debug\Body_main.a(UART_1_SPI_UART.o)
 .debug_frame   0x00001094       0x20 c:/program files (x86)/cypress/psoc creator/3.0/psoc creator/import/gnu_cs/arm/4.7.3/bin/../lib/gcc/arm-none-eabi/4.7.3/armv6-m\libgcc.a(_udivsi3.o)
 .debug_frame   0x000010b4       0x20 c:/program files (x86)/cypress/psoc creator/3.0/psoc creator/import/gnu_cs/arm/4.7.3/bin/../lib/gcc/arm-none-eabi/4.7.3/armv6-m\libgcc.a(_divsi3.o)
 .debug_frame   0x000010d4       0x28 c:/program files (x86)/cypress/psoc creator/3.0/psoc creator/import/gnu_cs/arm/4.7.3/bin/../lib/gcc/arm-none-eabi/4.7.3/../../../../arm-none-eabi/lib/armv6-m\libc_s.a(lib_a-__atexit2.o)
 .debug_frame   0x000010fc       0x28 c:/program files (x86)/cypress/psoc creator/3.0/psoc creator/import/gnu_cs/arm/4.7.3/bin/../lib/gcc/arm-none-eabi/4.7.3/../../../../arm-none-eabi/lib/armv6-m\libc_s.a(lib_a-exit.o)
 .debug_frame   0x00001124       0x2c c:/program files (x86)/cypress/psoc creator/3.0/psoc creator/import/gnu_cs/arm/4.7.3/bin/../lib/gcc/arm-none-eabi/4.7.3/../../../../arm-none-eabi/lib/armv6-m\libc_s.a(lib_a-fini.o)
 .debug_frame   0x00001150       0x2c c:/program files (x86)/cypress/psoc creator/3.0/psoc creator/import/gnu_cs/arm/4.7.3/bin/../lib/gcc/arm-none-eabi/4.7.3/../../../../arm-none-eabi/lib/armv6-m\libc_s.a(lib_a-init.o)
 .debug_frame   0x0000117c       0x28 c:/program files (x86)/cypress/psoc creator/3.0/psoc creator/import/gnu_cs/arm/4.7.3/bin/../lib/gcc/arm-none-eabi/4.7.3/../../../../arm-none-eabi/lib/armv6-m\libc_s.a(lib_a-memcpy.o)
 .debug_frame   0x000011a4       0x28 c:/program files (x86)/cypress/psoc creator/3.0/psoc creator/import/gnu_cs/arm/4.7.3/bin/../lib/gcc/arm-none-eabi/4.7.3/../../../../arm-none-eabi/lib/armv6-m\libc_s.a(lib_a-memset.o)

.debug_str      0x00000000     0x11bd
 *(.debug_str)
 .debug_str     0x00000000      0x1f0 .\CortexM0\ARM_GCC_473\Debug\main.o
                                0x239 (size before relaxing)
 .debug_str     0x000001f0       0x5b .\CortexM0\ARM_GCC_473\Debug\cymetadata.o
                                0x17d (size before relaxing)
 .debug_str     0x0000024b      0x117 .\CortexM0\ARM_GCC_473\Debug\Cm0Start.o
                                0x246 (size before relaxing)
 .debug_str     0x00000362      0x141 .\CortexM0\ARM_GCC_473\Debug\Body_main.a(cyfitter_cfg.o)
                                0x28a (size before relaxing)
 .debug_str     0x000004a3       0xc1 .\CortexM0\ARM_GCC_473\Debug\Body_main.a(I2C_1.o)
                                0x1fd (size before relaxing)
 .debug_str     0x00000564       0x88 .\CortexM0\ARM_GCC_473\Debug\Body_main.a(I2C_1_I2C.o)
                                0x1be (size before relaxing)
 .debug_str     0x000005ec      0x25b .\CortexM0\ARM_GCC_473\Debug\Body_main.a(I2C_1_I2C_MASTER.o)
                                0x3df (size before relaxing)
 .debug_str     0x00000847       0xc6 .\CortexM0\ARM_GCC_473\Debug\Body_main.a(UART_1.o)
                                0x207 (size before relaxing)
 .debug_str     0x0000090d      0x10e .\CortexM0\ARM_GCC_473\Debug\Body_main.a(UART_1_UART.o)
                                0x23f (size before relaxing)
 .debug_str     0x00000a1b       0xa3 .\CortexM0\ARM_GCC_473\Debug\Body_main.a(I2C_1_sda.o)
                                0x1ce (size before relaxing)
 .debug_str     0x00000abe       0x8a .\CortexM0\ARM_GCC_473\Debug\Body_main.a(I2C_1_scl.o)
                                0x1ce (size before relaxing)
 .debug_str     0x00000b48      0x4f2 .\CortexM0\ARM_GCC_473\Debug\Body_main.a(CyLib.o)
                                0x659 (size before relaxing)
 .debug_str     0x0000103a       0x4d .\CortexM0\ARM_GCC_473\Debug\Body_main.a(I2C_1_I2C_INT.o)
                                0x267 (size before relaxing)
 .debug_str     0x00001087      0x136 .\CortexM0\ARM_GCC_473\Debug\Body_main.a(UART_1_SPI_UART.o)
                                0x285 (size before relaxing)

.debug_loc      0x00000000     0x1a68
 *(.debug_loc)
 .debug_loc     0x00000000      0x278 .\CortexM0\ARM_GCC_473\Debug\main.o
 .debug_loc     0x00000278      0x100 .\CortexM0\ARM_GCC_473\Debug\Cm0Start.o
 .debug_loc     0x00000378      0x170 .\CortexM0\ARM_GCC_473\Debug\Body_main.a(cyfitter_cfg.o)
 .debug_loc     0x000004e8      0x140 .\CortexM0\ARM_GCC_473\Debug\Body_main.a(I2C_1.o)
 .debug_loc     0x00000628       0x58 .\CortexM0\ARM_GCC_473\Debug\Body_main.a(I2C_1_I2C.o)
 .debug_loc     0x00000680      0x2e0 .\CortexM0\ARM_GCC_473\Debug\Body_main.a(I2C_1_I2C_MASTER.o)
 .debug_loc     0x00000960      0x140 .\CortexM0\ARM_GCC_473\Debug\Body_main.a(UART_1.o)
 .debug_loc     0x00000aa0      0x17c .\CortexM0\ARM_GCC_473\Debug\Body_main.a(UART_1_UART.o)
 .debug_loc     0x00000c1c      0x100 .\CortexM0\ARM_GCC_473\Debug\Body_main.a(I2C_1_sda.o)
 .debug_loc     0x00000d1c      0x100 .\CortexM0\ARM_GCC_473\Debug\Body_main.a(I2C_1_scl.o)
 .debug_loc     0x00000e1c      0xa34 .\CortexM0\ARM_GCC_473\Debug\Body_main.a(CyLib.o)
 .debug_loc     0x00001850       0x38 .\CortexM0\ARM_GCC_473\Debug\Body_main.a(I2C_1_I2C_INT.o)
 .debug_loc     0x00001888      0x1e0 .\CortexM0\ARM_GCC_473\Debug\Body_main.a(UART_1_SPI_UART.o)

.debug_macinfo
 *(.debug_macinfo)

.debug_ranges   0x00000000      0x480
 *(.debug_ranges)
 .debug_ranges  0x00000000       0x70 .\CortexM0\ARM_GCC_473\Debug\main.o
 .debug_ranges  0x00000070       0x30 .\CortexM0\ARM_GCC_473\Debug\Cm0Start.o
 .debug_ranges  0x000000a0       0x40 .\CortexM0\ARM_GCC_473\Debug\Body_main.a(cyfitter_cfg.o)
 .debug_ranges  0x000000e0       0x40 .\CortexM0\ARM_GCC_473\Debug\Body_main.a(I2C_1.o)
 .debug_ranges  0x00000120       0x18 .\CortexM0\ARM_GCC_473\Debug\Body_main.a(I2C_1_I2C.o)
 .debug_ranges  0x00000138       0x78 .\CortexM0\ARM_GCC_473\Debug\Body_main.a(I2C_1_I2C_MASTER.o)
 .debug_ranges  0x000001b0       0x40 .\CortexM0\ARM_GCC_473\Debug\Body_main.a(UART_1.o)
 .debug_ranges  0x000001f0       0x40 .\CortexM0\ARM_GCC_473\Debug\Body_main.a(UART_1_UART.o)
 .debug_ranges  0x00000230       0x30 .\CortexM0\ARM_GCC_473\Debug\Body_main.a(I2C_1_sda.o)
 .debug_ranges  0x00000260       0x30 .\CortexM0\ARM_GCC_473\Debug\Body_main.a(I2C_1_scl.o)
 .debug_ranges  0x00000290      0x190 .\CortexM0\ARM_GCC_473\Debug\Body_main.a(CyLib.o)
 .debug_ranges  0x00000420       0x10 .\CortexM0\ARM_GCC_473\Debug\Body_main.a(I2C_1_I2C_INT.o)
 .debug_ranges  0x00000430       0x50 .\CortexM0\ARM_GCC_473\Debug\Body_main.a(UART_1_SPI_UART.o)

.comment        0x00000000       0x70
 .comment       0x00000000       0x70 .\CortexM0\ARM_GCC_473\Debug\main.o
                                 0x71 (size before relaxing)
 .comment       0x00000000       0x71 .\CortexM0\ARM_GCC_473\Debug\cymetadata.o
 .comment       0x00000000       0x71 .\CortexM0\ARM_GCC_473\Debug\Cm0Start.o
 .comment       0x00000000       0x71 .\CortexM0\ARM_GCC_473\Debug\Body_main.a(cyfitter_cfg.o)
 .comment       0x00000000       0x71 .\CortexM0\ARM_GCC_473\Debug\Body_main.a(I2C_1.o)
 .comment       0x00000000       0x71 .\CortexM0\ARM_GCC_473\Debug\Body_main.a(I2C_1_I2C.o)
 .comment       0x00000000       0x71 .\CortexM0\ARM_GCC_473\Debug\Body_main.a(I2C_1_I2C_MASTER.o)
 .comment       0x00000000       0x71 .\CortexM0\ARM_GCC_473\Debug\Body_main.a(UART_1.o)
 .comment       0x00000000       0x71 .\CortexM0\ARM_GCC_473\Debug\Body_main.a(UART_1_UART.o)
 .comment       0x00000000       0x71 .\CortexM0\ARM_GCC_473\Debug\Body_main.a(I2C_1_sda.o)
 .comment       0x00000000       0x71 .\CortexM0\ARM_GCC_473\Debug\Body_main.a(I2C_1_scl.o)
 .comment       0x00000000       0x71 .\CortexM0\ARM_GCC_473\Debug\Body_main.a(CyLib.o)
 .comment       0x00000000       0x71 .\CortexM0\ARM_GCC_473\Debug\Body_main.a(I2C_1_I2C_INT.o)
 .comment       0x00000000       0x71 .\CortexM0\ARM_GCC_473\Debug\Body_main.a(UART_1_SPI_UART.o)

.debug_weaknames
 *(.debug_weaknames)

.debug_funcnames
 *(.debug_funcnames)

.debug_typenames
 *(.debug_typenames)

.debug_varnames
 *(.debug_varnames)

.note.gnu.arm.ident
 *(.note.gnu.arm.ident)

.ARM.attributes
                0x00000000       0x28
 *(.ARM.attributes)
 .ARM.attributes
                0x00000000       0x1e c:/program files (x86)/cypress/psoc creator/3.0/psoc creator/import/gnu_cs/arm/4.7.3/bin/../lib/gcc/arm-none-eabi/4.7.3/armv6-m/crti.o
 .ARM.attributes
                0x0000001e       0x2c c:/program files (x86)/cypress/psoc creator/3.0/psoc creator/import/gnu_cs/arm/4.7.3/bin/../lib/gcc/arm-none-eabi/4.7.3/armv6-m/crtbegin.o
 .ARM.attributes
                0x0000004a       0x1c c:/program files (x86)/cypress/psoc creator/3.0/psoc creator/import/gnu_cs/arm/4.7.3/bin/../lib/gcc/arm-none-eabi/4.7.3/../../../../arm-none-eabi/lib/armv6-m/crt0.o
 .ARM.attributes
                0x00000066       0x31 .\CortexM0\ARM_GCC_473\Debug\main.o
 .ARM.attributes
                0x00000097       0x31 .\CortexM0\ARM_GCC_473\Debug\cymetadata.o
 .ARM.attributes
                0x000000c8       0x31 .\CortexM0\ARM_GCC_473\Debug\Cm0Start.o
 .ARM.attributes
                0x000000f9       0x31 .\CortexM0\ARM_GCC_473\Debug\Body_main.a(cyfitter_cfg.o)
 .ARM.attributes
                0x0000012a       0x31 .\CortexM0\ARM_GCC_473\Debug\Body_main.a(I2C_1.o)
 .ARM.attributes
                0x0000015b       0x31 .\CortexM0\ARM_GCC_473\Debug\Body_main.a(I2C_1_I2C.o)
 .ARM.attributes
                0x0000018c       0x31 .\CortexM0\ARM_GCC_473\Debug\Body_main.a(I2C_1_I2C_MASTER.o)
 .ARM.attributes
                0x000001bd       0x31 .\CortexM0\ARM_GCC_473\Debug\Body_main.a(UART_1.o)
 .ARM.attributes
                0x000001ee       0x31 .\CortexM0\ARM_GCC_473\Debug\Body_main.a(UART_1_UART.o)
 .ARM.attributes
                0x0000021f       0x31 .\CortexM0\ARM_GCC_473\Debug\Body_main.a(I2C_1_sda.o)
 .ARM.attributes
                0x00000250       0x31 .\CortexM0\ARM_GCC_473\Debug\Body_main.a(I2C_1_scl.o)
 .ARM.attributes
                0x00000281       0x21 .\CortexM0\ARM_GCC_473\Debug\Body_main.a(CyBootAsmGnu.o)
 .ARM.attributes
                0x000002a2       0x31 .\CortexM0\ARM_GCC_473\Debug\Body_main.a(CyLib.o)
 .ARM.attributes
                0x000002d3       0x31 .\CortexM0\ARM_GCC_473\Debug\Body_main.a(I2C_1_I2C_INT.o)
 .ARM.attributes
                0x00000304       0x31 .\CortexM0\ARM_GCC_473\Debug\Body_main.a(UART_1_SPI_UART.o)
 .ARM.attributes
                0x00000335       0x1e c:/program files (x86)/cypress/psoc creator/3.0/psoc creator/import/gnu_cs/arm/4.7.3/bin/../lib/gcc/arm-none-eabi/4.7.3/armv6-m\libgcc.a(_udivsi3.o)
 .ARM.attributes
                0x00000353       0x1e c:/program files (x86)/cypress/psoc creator/3.0/psoc creator/import/gnu_cs/arm/4.7.3/bin/../lib/gcc/arm-none-eabi/4.7.3/armv6-m\libgcc.a(_divsi3.o)
 .ARM.attributes
                0x00000371       0x1e c:/program files (x86)/cypress/psoc creator/3.0/psoc creator/import/gnu_cs/arm/4.7.3/bin/../lib/gcc/arm-none-eabi/4.7.3/armv6-m\libgcc.a(_dvmd_tls.o)
 .ARM.attributes
                0x0000038f       0x2c c:/program files (x86)/cypress/psoc creator/3.0/psoc creator/import/gnu_cs/arm/4.7.3/bin/../lib/gcc/arm-none-eabi/4.7.3/../../../../arm-none-eabi/lib/armv6-m\libc_s.a(lib_a-__atexit2.o)
 .ARM.attributes
                0x000003bb       0x2c c:/program files (x86)/cypress/psoc creator/3.0/psoc creator/import/gnu_cs/arm/4.7.3/bin/../lib/gcc/arm-none-eabi/4.7.3/../../../../arm-none-eabi/lib/armv6-m\libc_s.a(lib_a-exit.o)
 .ARM.attributes
                0x000003e7       0x2c c:/program files (x86)/cypress/psoc creator/3.0/psoc creator/import/gnu_cs/arm/4.7.3/bin/../lib/gcc/arm-none-eabi/4.7.3/../../../../arm-none-eabi/lib/armv6-m\libc_s.a(lib_a-fini.o)
 .ARM.attributes
                0x00000413       0x2c c:/program files (x86)/cypress/psoc creator/3.0/psoc creator/import/gnu_cs/arm/4.7.3/bin/../lib/gcc/arm-none-eabi/4.7.3/../../../../arm-none-eabi/lib/armv6-m\libc_s.a(lib_a-impure.o)
 .ARM.attributes
                0x0000043f       0x2c c:/program files (x86)/cypress/psoc creator/3.0/psoc creator/import/gnu_cs/arm/4.7.3/bin/../lib/gcc/arm-none-eabi/4.7.3/../../../../arm-none-eabi/lib/armv6-m\libc_s.a(lib_a-init.o)
 .ARM.attributes
                0x0000046b       0x2c c:/program files (x86)/cypress/psoc creator/3.0/psoc creator/import/gnu_cs/arm/4.7.3/bin/../lib/gcc/arm-none-eabi/4.7.3/../../../../arm-none-eabi/lib/armv6-m\libc_s.a(lib_a-memcpy.o)
 .ARM.attributes
                0x00000497       0x2c c:/program files (x86)/cypress/psoc creator/3.0/psoc creator/import/gnu_cs/arm/4.7.3/bin/../lib/gcc/arm-none-eabi/4.7.3/../../../../arm-none-eabi/lib/armv6-m\libc_s.a(lib_a-memset.o)
 .ARM.attributes
                0x000004c3       0x2c c:/program files (x86)/cypress/psoc creator/3.0/psoc creator/import/gnu_cs/arm/4.7.3/bin/../lib/gcc/arm-none-eabi/4.7.3/armv6-m/crtend.o
 .ARM.attributes
                0x000004ef       0x1e c:/program files (x86)/cypress/psoc creator/3.0/psoc creator/import/gnu_cs/arm/4.7.3/bin/../lib/gcc/arm-none-eabi/4.7.3/armv6-m/crtn.o

/DISCARD/
 *(.note.GNU-stack)
OUTPUT(.\CortexM0\ARM_GCC_473\Debug\Body_main.elf elf32-littlearm)
