Archive member included because of file (symbol)

.\CortexM0\ARM_GCC_473\Debug\BMTester.a(cyfitter_cfg.o)
                              .\CortexM0\ARM_GCC_473\Debug\Cm0Start.o (cyfitter_cfg)
.\CortexM0\ARM_GCC_473\Debug\BMTester.a(ButtonMatrix01_1_API.o)
                              .\CortexM0\ARM_GCC_473\Debug\main.o (ButtonMatrix01_1_Start)
.\CortexM0\ARM_GCC_473\Debug\BMTester.a(ButtonMatrix01_1_UDefKeyActions.o)
                              .\CortexM0\ARM_GCC_473\Debug\BMTester.a(ButtonMatrix01_1_API.o) (_KeyEvent)
.\CortexM0\ARM_GCC_473\Debug\BMTester.a(ButtonMatrix01_1_BM_A.o)
                              .\CortexM0\ARM_GCC_473\Debug\BMTester.a(ButtonMatrix01_1_API.o) (ButtonMatrix01_1_BM_A_Read)
.\CortexM0\ARM_GCC_473\Debug\BMTester.a(ButtonMatrix01_1_BM_1.o)
                              .\CortexM0\ARM_GCC_473\Debug\BMTester.a(ButtonMatrix01_1_API.o) (ButtonMatrix01_1_BM_1_Write)
.\CortexM0\ARM_GCC_473\Debug\BMTester.a(ButtonMatrix01_1_BM_2.o)
                              .\CortexM0\ARM_GCC_473\Debug\BMTester.a(ButtonMatrix01_1_API.o) (ButtonMatrix01_1_BM_2_Write)
.\CortexM0\ARM_GCC_473\Debug\BMTester.a(ButtonMatrix01_1_BM_3.o)
                              .\CortexM0\ARM_GCC_473\Debug\BMTester.a(ButtonMatrix01_1_API.o) (ButtonMatrix01_1_BM_3_Write)
.\CortexM0\ARM_GCC_473\Debug\BMTester.a(ButtonMatrix01_1_BM_4.o)
                              .\CortexM0\ARM_GCC_473\Debug\BMTester.a(ButtonMatrix01_1_API.o) (ButtonMatrix01_1_BM_4_Write)
.\CortexM0\ARM_GCC_473\Debug\BMTester.a(ButtonMatrix01_1_BM_B.o)
                              .\CortexM0\ARM_GCC_473\Debug\BMTester.a(ButtonMatrix01_1_API.o) (ButtonMatrix01_1_BM_B_Read)
.\CortexM0\ARM_GCC_473\Debug\BMTester.a(ButtonMatrix01_1_BM_C.o)
                              .\CortexM0\ARM_GCC_473\Debug\BMTester.a(ButtonMatrix01_1_API.o) (ButtonMatrix01_1_BM_C_Read)
.\CortexM0\ARM_GCC_473\Debug\BMTester.a(ButtonMatrix01_1_ISR_A.o)
                              .\CortexM0\ARM_GCC_473\Debug\main.o (ButtonMatrix01_1_ISR_A_Disable)
.\CortexM0\ARM_GCC_473\Debug\BMTester.a(ButtonMatrix01_1_ISR_B.o)
                              .\CortexM0\ARM_GCC_473\Debug\BMTester.a(ButtonMatrix01_1_API.o) (ButtonMatrix01_1_ISR_B_Disable)
.\CortexM0\ARM_GCC_473\Debug\BMTester.a(ButtonMatrix01_1_ISR_C.o)
                              .\CortexM0\ARM_GCC_473\Debug\BMTester.a(ButtonMatrix01_1_API.o) (ButtonMatrix01_1_ISR_C_Disable)
.\CortexM0\ARM_GCC_473\Debug\BMTester.a(CyBootAsmGnu.o)
                              .\CortexM0\ARM_GCC_473\Debug\BMTester.a(cyfitter_cfg.o) (CyDelayCycles)
.\CortexM0\ARM_GCC_473\Debug\BMTester.a(CyLib.o)
                              .\CortexM0\ARM_GCC_473\Debug\BMTester.a(cyfitter_cfg.o) (CyDelayUs)
.\CortexM0\ARM_GCC_473\Debug\BMTester.a(UART.o)
                              .\CortexM0\ARM_GCC_473\Debug\main.o (UART_Start)
.\CortexM0\ARM_GCC_473\Debug\BMTester.a(UART_UART.o)
                              .\CortexM0\ARM_GCC_473\Debug\BMTester.a(UART.o) (UART_UartInit)
.\CortexM0\ARM_GCC_473\Debug\BMTester.a(UART_SPI_UART.o)
                              .\CortexM0\ARM_GCC_473\Debug\BMTester.a(UART_UART.o) (UART_SpiUartWriteTxData)
c:/program files (x86)/cypress/psoc creator/3.0/psoc creator/import/gnu_cs/arm/4.7.3/bin/../lib/gcc/arm-none-eabi/4.7.3/armv6-m\libgcc.a(_udivsi3.o)
                              .\CortexM0\ARM_GCC_473\Debug\BMTester.a(ButtonMatrix01_1_API.o) (__aeabi_uidiv)
c:/program files (x86)/cypress/psoc creator/3.0/psoc creator/import/gnu_cs/arm/4.7.3/bin/../lib/gcc/arm-none-eabi/4.7.3/armv6-m\libgcc.a(_divsi3.o)
                              .\CortexM0\ARM_GCC_473\Debug\Cm0Start.o (__aeabi_idiv)
c:/program files (x86)/cypress/psoc creator/3.0/psoc creator/import/gnu_cs/arm/4.7.3/bin/../lib/gcc/arm-none-eabi/4.7.3/armv6-m\libgcc.a(_dvmd_tls.o)
                              c:/program files (x86)/cypress/psoc creator/3.0/psoc creator/import/gnu_cs/arm/4.7.3/bin/../lib/gcc/arm-none-eabi/4.7.3/armv6-m\libgcc.a(_udivsi3.o) (__aeabi_idiv0)
c:/program files (x86)/cypress/psoc creator/3.0/psoc creator/import/gnu_cs/arm/4.7.3/bin/../lib/gcc/arm-none-eabi/4.7.3/../../../../arm-none-eabi/lib/armv6-m\libc_s.a(lib_a-__atexit2.o)
                              c:/program files (x86)/cypress/psoc creator/3.0/psoc creator/import/gnu_cs/arm/4.7.3/bin/../lib/gcc/arm-none-eabi/4.7.3/../../../../arm-none-eabi/lib/armv6-m/crt0.o (__register_exitproc)
c:/program files (x86)/cypress/psoc creator/3.0/psoc creator/import/gnu_cs/arm/4.7.3/bin/../lib/gcc/arm-none-eabi/4.7.3/../../../../arm-none-eabi/lib/armv6-m\libc_s.a(lib_a-exit.o)
                              c:/program files (x86)/cypress/psoc creator/3.0/psoc creator/import/gnu_cs/arm/4.7.3/bin/../lib/gcc/arm-none-eabi/4.7.3/../../../../arm-none-eabi/lib/armv6-m/crt0.o (exit)
c:/program files (x86)/cypress/psoc creator/3.0/psoc creator/import/gnu_cs/arm/4.7.3/bin/../lib/gcc/arm-none-eabi/4.7.3/../../../../arm-none-eabi/lib/armv6-m\libc_s.a(lib_a-fini.o)
[...]
Memory Configuration

Name             Origin             Length             Attributes
rom              0x00000000         0x00008000         xr
ram              0x20000000         0x00001000         xrw
*default*        0x00000000         0xffffffff

Linker script and memory map

LOAD c:/program files (x86)/cypress/psoc creator/3.0/psoc creator/import/gnu_cs/arm/4.7.3/bin/../lib/gcc/arm-none-eabi/4.7.3/armv6-m/crti.o
LOAD c:/program files (x86)/cypress/psoc creator/3.0/psoc creator/import/gnu_cs/arm/4.7.3/bin/../lib/gcc/arm-none-eabi/4.7.3/armv6-m/crtbegin.o
LOAD c:/program files (x86)/cypress/psoc creator/3.0/psoc creator/import/gnu_cs/arm/4.7.3/bin/../lib/gcc/arm-none-eabi/4.7.3/../../../../arm-none-eabi/lib/armv6-m/crt0.o
START GROUP
LOAD .\CortexM0\ARM_GCC_473\Debug\main.o
LOAD .\CortexM0\ARM_GCC_473\Debug\cymetadata.o
LOAD .\CortexM0\ARM_GCC_473\Debug\Cm0Start.o
LOAD .\CortexM0\ARM_GCC_473\Debug\BMTester.a
LOAD C:\Program Files (x86)\Cypress\PSoC Creator\3.0\PSoC Creator\psoc\content\cycomponentlibrary\CyComponentLibrary.cylib\CortexM0\ARM_GCC_473\Debug\CyComponentLibrary.a
END GROUP
START GROUP
LOAD c:/program files (x86)/cypress/psoc creator/3.0/psoc creator/import/gnu_cs/arm/4.7.3/bin/../lib/gcc/arm-none-eabi/4.7.3/armv6-m\libgcc.a
LOAD c:/program files (x86)/cypress/psoc creator/3.0/psoc creator/import/gnu_cs/arm/4.7.3/bin/../lib/gcc/arm-none-eabi/4.7.3/../../../../arm-none-eabi/lib/armv6-m\libc_s.a
END GROUP
LOAD c:/program files (x86)/cypress/psoc creator/3.0/psoc creator/import/gnu_cs/arm/4.7.3/bin/../lib/gcc/arm-none-eabi/4.7.3/armv6-m/crtend.o
LOAD c:/program files (x86)/cypress/psoc creator/3.0/psoc creator/import/gnu_cs/arm/4.7.3/bin/../lib/gcc/arm-none-eabi/4.7.3/armv6-m/crtn.o
START GROUP
LOAD c:/program files (x86)/cypress/psoc creator/3.0/psoc creator/import/gnu_cs/arm/4.7.3/bin/../lib/gcc/arm-none-eabi/4.7.3/armv6-m\libgcc.a
LOAD c:/program files (x86)/cypress/psoc creator/3.0/psoc creator/import/gnu_cs/arm/4.7.3/bin/../lib/gcc/arm-none-eabi/4.7.3/../../../../arm-none-eabi/lib/armv6-m\libc.a
LOAD c:/program files (x86)/cypress/psoc creator/3.0/psoc creator/import/gnu_cs/arm/4.7.3/bin/../lib/gcc/arm-none-eabi/4.7.3/../../../../arm-none-eabi/lib/armv6-m\libnosys.a
END GROUP
                0x00000000                CY_APPL_ORIGIN = 0x0
                0x00000080                CY_FLASH_ROW_SIZE = 0x80
                0x00000001                CY_APPL_NUM = 0x1
                0x00000040                CY_METADATA_SIZE = 0x40
                0x20000188                PROVIDE (__cy_heap_start, _end)
                0x00000001                PROVIDE (__cy_region_num, ((__cy_regions_end - __cy_regions) / 0x10))
                0x20001000                PROVIDE (__cy_stack, (ORIGIN (ram) + 0x1000))
                0x20000c00                PROVIDE (__cy_heap_end, (__cy_stack - 0x400))

.cybootloader   0x00000000        0x0
 *(.cybootloader)
                0x00000000                appl1_start = CY_APPL_ORIGIN?CY_APPL_ORIGIN:ALIGN (CY_FLASH_ROW_SIZE)
                0x00003f80                appl2_start = (appl1_start + ALIGN ((((0x8000 - appl1_start) - (0x2 * CY_FLASH_ROW_SIZE)) / 0x2), CY_FLASH_ROW_SIZE))
                0x00000000                appl_start = (CY_APPL_NUM == 0x1)?appl1_start:appl2_start

.text           0x00000000     0x16c0
 CREATE_OBJECT_SYMBOLS
                0x00000000                PROVIDE (__cy_interrupt_vector, RomVectors)
 *(.romvectors)
 .romvectors    0x00000000       0x10 .\CortexM0\ARM_GCC_473\Debug\Cm0Start.o
                0x00000000                RomVectors
                0x00000001                ASSERT ((. != __cy_interrupt_vector), No interrupt vector)
                0x00000001                ASSERT (CY_APPL_ORIGIN?(SIZEOF (.cybootloader) <= CY_APPL_ORIGIN):0x1, Wrong image location)
                0x00000010                PROVIDE (__cy_reset, Reset)
 *(.text.Reset)
 .text.Reset    0x00000010        0x8 .\CortexM0\ARM_GCC_473\Debug\Cm0Start.o
                0x00000010                Reset
                0x00000001                ASSERT ((. != __cy_reset), No reset code)
 *(.psocinit)
 .psocinit      0x00000018      0x2d8 .\CortexM0\ARM_GCC_473\Debug\BMTester.a(cyfitter_cfg.o)
                0x0000015c                cyfitter_cfg
                0x000002f0                . = MAX (., 0x100)
 *(.text .text.* .gnu.linkonce.t.*)
 .text          0x000002f0       0x60 c:/program files (x86)/cypress/psoc creator/3.0/psoc creator/import/gnu_cs/arm/4.7.3/bin/../lib/gcc/arm-none-eabi/4.7.3/armv6-m/crtbegin.o
 .text.main     0x00000350       0x14 .\CortexM0\ARM_GCC_473\Debug\main.o
                0x00000350                main
 .text.IntDefaultHandler
                0x00000364        0x8 .\CortexM0\ARM_GCC_473\Debug\Cm0Start.o
                0x00000364                IntDefaultHandler
 .text.Start_c  0x0000036c       0xa4 .\CortexM0\ARM_GCC_473\Debug\Cm0Start.o
                0x0000036c                Start_c
 .text.initialize_psoc
                0x00000410       0x64 .\CortexM0\ARM_GCC_473\Debug\Cm0Start.o
                0x00000410                initialize_psoc
 .text.CYMEMZERO
                0x00000474       0x20 .\CortexM0\ARM_GCC_473\Debug\BMTester.a(cyfitter_cfg.o)
 .text.cfg_write_bytes32
                0x00000494       0x80 .\CortexM0\ARM_GCC_473\Debug\BMTester.a(cyfitter_cfg.o)
 .text.AnalogSetDefault
                0x00000514        0x8 .\CortexM0\ARM_GCC_473\Debug\BMTester.a(cyfitter_cfg.o)
 .text.ButtonMatrix01_1_Start
                0x0000051c       0x2c .\CortexM0\ARM_GCC_473\Debug\BMTester.a(ButtonMatrix01_1_API.o)
                0x0000051c                ButtonMatrix01_1_Start
 .text.ButtonMatrix01_1_Enable
                0x00000548       0x14 .\CortexM0\ARM_GCC_473\Debug\BMTester.a(ButtonMatrix01_1_API.o)
                0x00000548                ButtonMatrix01_1_Enable
 .text.ButtonMatrix01_1_Disable
                0x0000055c       0x14 .\CortexM0\ARM_GCC_473\Debug\BMTester.a(ButtonMatrix01_1_API.o)
                0x0000055c                ButtonMatrix01_1_Disable
 .text.ButtonMatrix01_1_readColumn
                0x00000570       0x40 .\CortexM0\ARM_GCC_473\Debug\BMTester.a(ButtonMatrix01_1_API.o)
                0x00000570                ButtonMatrix01_1_readColumn
 .text.ButtonMatrix01_1_scanForRow
                0x000005b0       0xbc .\CortexM0\ARM_GCC_473\Debug\BMTester.a(ButtonMatrix01_1_API.o)
                0x000005b0                ButtonMatrix01_1_scanForRow
 .text.ButtonMatrix01_1_handleInterrupt
                0x0000066c       0xf8 .\CortexM0\ARM_GCC_473\Debug\BMTester.a(ButtonMatrix01_1_API.o)
                0x0000066c                ButtonMatrix01_1_handleInterrupt
 .text.ButtonMatrix01_1_ColumnAISR
                0x00000764       0x14 .\CortexM0\ARM_GCC_473\Debug\BMTester.a(ButtonMatrix01_1_API.o)
                0x00000764                ButtonMatrix01_1_ColumnAISR
 .text.ButtonMatrix01_1_ColumnBISR
                0x00000778       0x14 .\CortexM0\ARM_GCC_473\Debug\BMTester.a(ButtonMatrix01_1_API.o)
                0x00000778                ButtonMatrix01_1_ColumnBISR
 .text.ButtonMatrix01_1_ColumnCISR
                0x0000078c       0x14 .\CortexM0\ARM_GCC_473\Debug\BMTester.a(ButtonMatrix01_1_API.o)
                0x0000078c                ButtonMatrix01_1_ColumnCISR
 .text._KeyEvent
                0x000007a0       0x38 .\CortexM0\ARM_GCC_473\Debug\BMTester.a(ButtonMatrix01_1_UDefKeyActions.o)
                0x000007a0                _KeyEvent
 .text.ButtonMatrix01_1_BM_A_Read
                0x000007d8       0x1c .\CortexM0\ARM_GCC_473\Debug\BMTester.a(ButtonMatrix01_1_BM_A.o)
                0x000007d8                ButtonMatrix01_1_BM_A_Read
 .text.ButtonMatrix01_1_BM_A_ClearInterrupt
                0x000007f4       0x30 .\CortexM0\ARM_GCC_473\Debug\BMTester.a(ButtonMatrix01_1_BM_A.o)
                0x000007f4                ButtonMatrix01_1_BM_A_ClearInterrupt
 .text.ButtonMatrix01_1_BM_1_Write
                0x00000824       0x4c .\CortexM0\ARM_GCC_473\Debug\BMTester.a(ButtonMatrix01_1_BM_1.o)
                0x00000824                ButtonMatrix01_1_BM_1_Write
 .text.ButtonMatrix01_1_BM_2_Write
                0x00000870       0x4c .\CortexM0\ARM_GCC_473\Debug\BMTester.a(ButtonMatrix01_1_BM_2.o)
                0x00000870                ButtonMatrix01_1_BM_2_Write
 .text.ButtonMatrix01_1_BM_3_Write
                0x000008bc       0x4c .\CortexM0\ARM_GCC_473\Debug\BMTester.a(ButtonMatrix01_1_BM_3.o)
                0x000008bc                ButtonMatrix01_1_BM_3_Write
 .text.ButtonMatrix01_1_BM_4_Write
                0x00000908       0x4c .\CortexM0\ARM_GCC_473\Debug\BMTester.a(ButtonMatrix01_1_BM_4.o)
                0x00000908                ButtonMatrix01_1_BM_4_Write
 .text.ButtonMatrix01_1_BM_B_Read
                0x00000954       0x1c .\CortexM0\ARM_GCC_473\Debug\BMTester.a(ButtonMatrix01_1_BM_B.o)
                0x00000954                ButtonMatrix01_1_BM_B_Read
 .text.ButtonMatrix01_1_BM_B_ClearInterrupt
                0x00000970       0x30 .\CortexM0\ARM_GCC_473\Debug\BMTester.a(ButtonMatrix01_1_BM_B.o)
                0x00000970                ButtonMatrix01_1_BM_B_ClearInterrupt
 .text.ButtonMatrix01_1_BM_C_Read
                0x000009a0       0x1c .\CortexM0\ARM_GCC_473\Debug\BMTester.a(ButtonMatrix01_1_BM_C.o)
                0x000009a0                ButtonMatrix01_1_BM_C_Read
 .text.ButtonMatrix01_1_BM_C_ClearInterrupt
                0x000009bc       0x2c .\CortexM0\ARM_GCC_473\Debug\BMTester.a(ButtonMatrix01_1_BM_C.o)
                0x000009bc                ButtonMatrix01_1_BM_C_ClearInterrupt
 .text.ButtonMatrix01_1_ISR_A_StartEx
                0x000009e8       0x24 .\CortexM0\ARM_GCC_473\Debug\BMTester.a(ButtonMatrix01_1_ISR_A.o)
                0x000009e8                ButtonMatrix01_1_ISR_A_StartEx
 .text.ButtonMatrix01_1_ISR_A_SetVector
                0x00000a0c       0x18 .\CortexM0\ARM_GCC_473\Debug\BMTester.a(ButtonMatrix01_1_ISR_A.o)
                0x00000a0c                ButtonMatrix01_1_ISR_A_SetVector
 .text.ButtonMatrix01_1_ISR_A_SetPriority
                0x00000a24       0x4c .\CortexM0\ARM_GCC_473\Debug\BMTester.a(ButtonMatrix01_1_ISR_A.o)
                0x00000a24                ButtonMatrix01_1_ISR_A_SetPriority
 .text.ButtonMatrix01_1_ISR_A_Enable
                0x00000a70       0x14 .\CortexM0\ARM_GCC_473\Debug\BMTester.a(ButtonMatrix01_1_ISR_A.o)
                0x00000a70                ButtonMatrix01_1_ISR_A_Enable
 .text.ButtonMatrix01_1_ISR_A_Disable
                0x00000a84       0x14 .\CortexM0\ARM_GCC_473\Debug\BMTester.a(ButtonMatrix01_1_ISR_A.o)
                0x00000a84                ButtonMatrix01_1_ISR_A_Disable
 .text.ButtonMatrix01_1_ISR_B_StartEx
                0x00000a98       0x24 .\CortexM0\ARM_GCC_473\Debug\BMTester.a(ButtonMatrix01_1_ISR_B.o)
                0x00000a98                ButtonMatrix01_1_ISR_B_StartEx
 .text.ButtonMatrix01_1_ISR_B_SetVector
                0x00000abc       0x18 .\CortexM0\ARM_GCC_473\Debug\BMTester.a(ButtonMatrix01_1_ISR_B.o)
                0x00000abc                ButtonMatrix01_1_ISR_B_SetVector
 .text.ButtonMatrix01_1_ISR_B_SetPriority
                0x00000ad4       0x50 .\CortexM0\ARM_GCC_473\Debug\BMTester.a(ButtonMatrix01_1_ISR_B.o)
                0x00000ad4                ButtonMatrix01_1_ISR_B_SetPriority
 .text.ButtonMatrix01_1_ISR_B_Enable
                0x00000b24       0x14 .\CortexM0\ARM_GCC_473\Debug\BMTester.a(ButtonMatrix01_1_ISR_B.o)
                0x00000b24                ButtonMatrix01_1_ISR_B_Enable
 .text.ButtonMatrix01_1_ISR_B_Disable
                0x00000b38       0x14 .\CortexM0\ARM_GCC_473\Debug\BMTester.a(ButtonMatrix01_1_ISR_B.o)
                0x00000b38                ButtonMatrix01_1_ISR_B_Disable
 .text.ButtonMatrix01_1_ISR_C_StartEx
                0x00000b4c       0x24 .\CortexM0\ARM_GCC_473\Debug\BMTester.a(ButtonMatrix01_1_ISR_C.o)
                0x00000b4c                ButtonMatrix01_1_ISR_C_StartEx
 .text.ButtonMatrix01_1_ISR_C_SetVector
                0x00000b70       0x18 .\CortexM0\ARM_GCC_473\Debug\BMTester.a(ButtonMatrix01_1_ISR_C.o)
                0x00000b70                ButtonMatrix01_1_ISR_C_SetVector
 .text.ButtonMatrix01_1_ISR_C_SetPriority
                0x00000b88       0x50 .\CortexM0\ARM_GCC_473\Debug\BMTester.a(ButtonMatrix01_1_ISR_C.o)
                0x00000b88                ButtonMatrix01_1_ISR_C_SetPriority
 .text.ButtonMatrix01_1_ISR_C_Enable
                0x00000bd8       0x14 .\CortexM0\ARM_GCC_473\Debug\BMTester.a(ButtonMatrix01_1_ISR_C.o)
                0x00000bd8                ButtonMatrix01_1_ISR_C_Enable
 .text.ButtonMatrix01_1_ISR_C_Disable
                0x00000bec       0x14 .\CortexM0\ARM_GCC_473\Debug\BMTester.a(ButtonMatrix01_1_ISR_C.o)
                0x00000bec                ButtonMatrix01_1_ISR_C_Disable
 .text          0x00000c00       0x20 .\CortexM0\ARM_GCC_473\Debug\BMTester.a(CyBootAsmGnu.o)
                0x00000c00                CyDelayCycles
                0x00000c12                CyEnterCriticalSection
                0x00000c1a                CyExitCriticalSection
 .text.CyDelayUs
                0x00000c20       0x28 .\CortexM0\ARM_GCC_473\Debug\BMTester.a(CyLib.o)
                0x00000c20                CyDelayUs
 .text.UART_Init
                0x00000c48        0xc .\CortexM0\ARM_GCC_473\Debug\BMTester.a(UART.o)
                0x00000c48                UART_Init
 .text.UART_Enable
                0x00000c54       0x20 .\CortexM0\ARM_GCC_473\Debug\BMTester.a(UART.o)
                0x00000c54                UART_Enable
 .text.UART_Start
                0x00000c74       0x24 .\CortexM0\ARM_GCC_473\Debug\BMTester.a(UART.o)
                0x00000c74                UART_Start
 .text.UART_ScbEnableIntr
                0x00000c98        0x8 .\CortexM0\ARM_GCC_473\Debug\BMTester.a(UART.o)
 .text.UART_UartInit
                0x00000ca0       0xa8 .\CortexM0\ARM_GCC_473\Debug\BMTester.a(UART_UART.o)
                0x00000ca0                UART_UartInit
 .text.UART_UartPutString
                0x00000d48       0x34 .\CortexM0\ARM_GCC_473\Debug\BMTester.a(UART_UART.o)
                0x00000d48                UART_UartPutString
 .text.UART_SpiUartWriteTxData
                0x00000d7c       0x2c .\CortexM0\ARM_GCC_473\Debug\BMTester.a(UART_SPI_UART.o)
                0x00000d7c                UART_SpiUartWriteTxData
 .text          0x00000da8       0x9c c:/program files (x86)/cypress/psoc creator/3.0/psoc creator/import/gnu_cs/arm/4.7.3/bin/../lib/gcc/arm-none-eabi/4.7.3/armv6-m\libgcc.a(_udivsi3.o)
                0x00000da8                __aeabi_uidiv
                0x00000da8                __udivsi3
                0x00000e30                __aeabi_uidivmod
 .text          0x00000e44        0x4 c:/program files (x86)/cypress/psoc creator/3.0/psoc creator/import/gnu_cs/arm/4.7.3/bin/../lib/gcc/arm-none-eabi/4.7.3/armv6-m\libgcc.a(_dvmd_tls.o)
                0x00000e44                __aeabi_idiv0
                0x00000e44                __aeabi_ldiv0
 .text.__libc_init_array
                0x00000e48       0x4c c:/program files (x86)/cypress/psoc creator/3.0/psoc creator/import/gnu_cs/arm/4.7.3/bin/../lib/gcc/arm-none-eabi/4.7.3/../../../../arm-none-eabi/lib/armv6-m\libc_s.a(lib_a-init.o)
                0x00000e48                __libc_init_array
 .text.memcpy   0x00000e94       0x12 c:/program files (x86)/cypress/psoc creator/3.0/psoc creator/import/gnu_cs/arm/4.7.3/bin/../lib/gcc/arm-none-eabi/4.7.3/../../../../arm-none-eabi/lib/armv6-m\libc_s.a(lib_a-memcpy.o)
                0x00000e94                memcpy
 .text.memset   0x00000ea6       0x12 c:/program files (x86)/cypress/psoc creator/3.0/psoc creator/import/gnu_cs/arm/4.7.3/bin/../lib/gcc/arm-none-eabi/4.7.3/../../../../arm-none-eabi/lib/armv6-m\libc_s.a(lib_a-memset.o)
                0x00000ea6                memset
 .text.sprintf  0x00000eb8       0x44 c:/program files (x86)/cypress/psoc creator/3.0/psoc creator/import/gnu_cs/arm/4.7.3/bin/../lib/gcc/arm-none-eabi/4.7.3/../../../../arm-none-eabi/lib/armv6-m\libc_s.a(lib_a-sprintf.o)
                0x00000eb8                siprintf
                0x00000eb8                sprintf
 .text.__ssputc_r
                0x00000efc       0xb0 c:/program files (x86)/cypress/psoc creator/3.0/psoc creator/import/gnu_cs/arm/4.7.3/bin/../lib/gcc/arm-none-eabi/4.7.3/../../../../arm-none-eabi/lib/armv6-m\libc_s.a(lib_a-svfprintf.o)
                0x00000efc                __ssputc_r
 .text._svfprintf_r
                0x00000fac      0x1f8 c:/program files (x86)/cypress/psoc creator/3.0/psoc creator/import/gnu_cs/arm/4.7.3/bin/../lib/gcc/arm-none-eabi/4.7.3/../../../../arm-none-eabi/lib/armv6-m\libc_s.a(lib_a-svfprintf.o)
                0x00000fac                _svfiprintf_r
                0x00000fac                _svfprintf_r
 .text._printf_common
                0x000011a4       0xe0 c:/program files (x86)/cypress/psoc creator/3.0/psoc creator/import/gnu_cs/arm/4.7.3/bin/../lib/gcc/arm-none-eabi/4.7.3/../../../../arm-none-eabi/lib/armv6-m\libc_s.a(lib_a-vfprintf_i.o)
                0x000011a4                _printf_common
 .text._printf_i
                0x00001284      0x234 c:/program files (x86)/cypress/psoc creator/3.0/psoc creator/import/gnu_cs/arm/4.7.3/bin/../lib/gcc/arm-none-eabi/4.7.3/../../../../arm-none-eabi/lib/armv6-m\libc_s.a(lib_a-vfprintf_i.o)
                0x00001284                _printf_i
 .text._free_r  0x000014b8       0x90 c:/program files (x86)/cypress/psoc creator/3.0/psoc creator/import/gnu_cs/arm/4.7.3/bin/../lib/gcc/arm-none-eabi/4.7.3/../../../../arm-none-eabi/lib/armv6-m\libc_s.a(lib_a-freer.o)
                0x000014b8                _free_r
 .text._malloc_r
                0x00001548       0x94 c:/program files (x86)/cypress/psoc creator/3.0/psoc creator/import/gnu_cs/arm/4.7.3/bin/../lib/gcc/arm-none-eabi/4.7.3/../../../../arm-none-eabi/lib/armv6-m\libc_s.a(lib_a-mallocr.o)
                0x00001548                _malloc_r
 .text.memchr   0x000015dc       0x18 c:/program files (x86)/cypress/psoc creator/3.0/psoc creator/import/gnu_cs/arm/4.7.3/bin/../lib/gcc/arm-none-eabi/4.7.3/../../../../arm-none-eabi/lib/armv6-m\libc_s.a(lib_a-memchr.o)
                0x000015dc                memchr
 .text._realloc_r
                0x000015f4       0x4c c:/program files (x86)/cypress/psoc creator/3.0/psoc creator/import/gnu_cs/arm/4.7.3/bin/../lib/gcc/arm-none-eabi/4.7.3/../../../../arm-none-eabi/lib/armv6-m\libc_s.a(lib_a-reallocr.o)
                0x000015f4                _realloc_r
 .text._sbrk_r  0x00001640       0x24 c:/program files (x86)/cypress/psoc creator/3.0/psoc creator/import/gnu_cs/arm/4.7.3/bin/../lib/gcc/arm-none-eabi/4.7.3/../../../../arm-none-eabi/lib/armv6-m\libc_s.a(lib_a-sbrkr.o)
                0x00001640                _sbrk_r
 .text.strlen   0x00001664        0xe c:/program files (x86)/cypress/psoc creator/3.0/psoc creator/import/gnu_cs/arm/4.7.3/bin/../lib/gcc/arm-none-eabi/4.7.3/../../../../arm-none-eabi/lib/armv6-m\libc_s.a(lib_a-strlen.o)
                0x00001664                strlen
 .text._malloc_usable_size_r
                0x00001672       0x14 c:/program files (x86)/cypress/psoc creator/3.0/psoc creator/import/gnu_cs/arm/4.7.3/bin/../lib/gcc/arm-none-eabi/4.7.3/../../../../arm-none-eabi/lib/armv6-m\libc_s.a(lib_a-msizer.o)
                0x00001672                _malloc_usable_size_r
 *fill*         0x00001686        0x2 00
 .text._sbrk    0x00001688       0x38 c:/program files (x86)/cypress/psoc creator/3.0/psoc creator/import/gnu_cs/arm/4.7.3/bin/../lib/gcc/arm-none-eabi/4.7.3/../../../../arm-none-eabi/lib/armv6-m\libnosys.a(sbrk.o)
                0x00001688                _sbrk
 *(.plt)
 *(.gnu.warning)
 *(.glue_7t)
 .glue_7t       0x00000000        0x0 linker stubs
 *(.glue_7)
 .glue_7        0x00000000        0x0 linker stubs
 *(.vfp11_veneer)
 .vfp11_veneer  0x00000000        0x0 linker stubs
 *(.bootloader)
 *(.ARM.extab* .gnu.linkonce.armextab.*)
 *(.gcc_except_table)

.v4_bx          0x000016c0        0x0
 .v4_bx         0x00000000        0x0 linker stubs

.iplt           0x000016c0        0x0
 .iplt          0x00000000        0x0 c:/program files (x86)/cypress/psoc creator/3.0/psoc creator/import/gnu_cs/arm/4.7.3/bin/../lib/gcc/arm-none-eabi/4.7.3/armv6-m/crtbegin.o

.eh_frame_hdr
 *(.eh_frame_hdr)

.eh_frame       0x000016c0        0x4
 *(.eh_frame)
 .eh_frame      0x000016c0        0x0 c:/program files (x86)/cypress/psoc creator/3.0/psoc creator/import/gnu_cs/arm/4.7.3/bin/../lib/gcc/arm-none-eabi/4.7.3/armv6-m/crtbegin.o
 .eh_frame      0x000016c0        0x4 c:/program files (x86)/cypress/psoc creator/3.0/psoc creator/import/gnu_cs/arm/4.7.3/bin/../lib/gcc/arm-none-eabi/4.7.3/armv6-m/crtend.o
                0x000016c4                PROVIDE (__exidx_start, .)

.ARM.exidx
 *(.ARM.exidx* .gnu.linkonce.armexidx.*)
                0x000016c4                __exidx_end = .

.rodata         0x000016c4       0xa4
 *(.rodata .rodata.* .gnu.linkonce.r.*)
 .rodata        0x000016c4       0x18 .\CortexM0\ARM_GCC_473\Debug\BMTester.a(cyfitter_cfg.o)
 .rodata        0x000016dc       0x1c .\CortexM0\ARM_GCC_473\Debug\BMTester.a(ButtonMatrix01_1_UDefKeyActions.o)
 .rodata.str1.1
                0x000016f8        0x2 c:/program files (x86)/cypress/psoc creator/3.0/psoc creator/import/gnu_cs/arm/4.7.3/bin/../lib/gcc/arm-none-eabi/4.7.3/../../../../arm-none-eabi/lib/armv6-m\libc_s.a(lib_a-impure.o)
 .rodata.str1.1
                0x000016fa       0x11 c:/program files (x86)/cypress/psoc creator/3.0/psoc creator/import/gnu_cs/arm/4.7.3/bin/../lib/gcc/arm-none-eabi/4.7.3/../../../../arm-none-eabi/lib/armv6-m\libc_s.a(lib_a-svfprintf.o)
 .rodata.str1.1
                0x0000170b       0x22 c:/program files (x86)/cypress/psoc creator/3.0/psoc creator/import/gnu_cs/arm/4.7.3/bin/../lib/gcc/arm-none-eabi/4.7.3/../../../../arm-none-eabi/lib/armv6-m\libc_s.a(lib_a-vfprintf_i.o)
                0x00001730                . = ALIGN (0x4)
 *fill*         0x0000172d        0x3 00
 *(.init)
 .init          0x00001730        0x4 c:/program files (x86)/cypress/psoc creator/3.0/psoc creator/import/gnu_cs/arm/4.7.3/bin/../lib/gcc/arm-none-eabi/4.7.3/armv6-m/crti.o
                0x00001730                _init
 .init          0x00001734        0x8 c:/program files (x86)/cypress/psoc creator/3.0/psoc creator/import/gnu_cs/arm/4.7.3/bin/../lib/gcc/arm-none-eabi/4.7.3/armv6-m/crtn.o
                0x0000173c                . = ALIGN (0x4)
                0x0000173c                __preinit_array_start = .
 *(.preinit_array)
                0x0000173c                __preinit_array_end = .
                0x0000173c                . = ALIGN (0x4)
                0x0000173c                __init_array_start = .
 *(SORT(.init_array.*))
 *(.init_array)
 .init_array    0x0000173c        0x4 c:/program files (x86)/cypress/psoc creator/3.0/psoc creator/import/gnu_cs/arm/4.7.3/bin/../lib/gcc/arm-none-eabi/4.7.3/armv6-m/crtbegin.o
 .init_array    0x00001740        0x4 .\CortexM0\ARM_GCC_473\Debug\Cm0Start.o
                0x00001744                __init_array_end = .
                0x00001744                . = ALIGN (0x4)
 *(.fini)
 .fini          0x00001744        0x4 c:/program files (x86)/cypress/psoc creator/3.0/psoc creator/import/gnu_cs/arm/4.7.3/bin/../lib/gcc/arm-none-eabi/4.7.3/armv6-m/crti.o
                0x00001744                _fini
 .fini          0x00001748        0x8 c:/program files (x86)/cypress/psoc creator/3.0/psoc creator/import/gnu_cs/arm/4.7.3/bin/../lib/gcc/arm-none-eabi/4.7.3/armv6-m/crtn.o
                0x00001750                . = ALIGN (0x4)
                0x00001750                __fini_array_start = .
 *(.fini_array)
 .fini_array    0x00001750        0x4 c:/program files (x86)/cypress/psoc creator/3.0/psoc creator/import/gnu_cs/arm/4.7.3/bin/../lib/gcc/arm-none-eabi/4.7.3/armv6-m/crtbegin.o
 *(SORT(.fini_array.*))
                0x00001754                __fini_array_end = .
                0x00001754                . = ALIGN (0x4)
 *crtbegin.o(.ctors)
 *(EXCLUDE_FILE(*crtend.o) .ctors)
 *(SORT(.ctors.*))
 *crtend.o(.ctors)
                0x00001754                . = ALIGN (0x4)
 *crtbegin.o(.dtors)
 *(EXCLUDE_FILE(*crtend.o) .dtors)
 *(SORT(.dtors.*))
 *crtend.o(.dtors)
                0x00001754                . = ALIGN (0x4)
                0x00001754                __cy_regions = .
                0x00001754        0x4 LONG 0x1768 __cy_region_init_ram
                0x00001758        0x4 LONG 0x200000c8 __cy_region_start_data
                0x0000175c        0x4 LONG 0x80 __cy_region_init_size_ram
                0x00001760        0x4 LONG 0x40 __cy_region_zero_size_ram
                0x00001764                __cy_regions_end = .
                0x00001768                . = ALIGN (0x8)
 *fill*         0x00001764        0x4 00
                0x00001768                _etext = .

.ramvectors     0x20000000       0xc0
                0x20000000                __cy_region_start_ram = .
 *(.ramvectors)
 .ramvectors    0x20000000       0xc0 .\CortexM0\ARM_GCC_473\Debug\Cm0Start.o
                0x20000000                CyRamVectors

.noinit         0x200000c0        0x4
 *(.noinit)
 .noinit        0x200000c0        0x4 .\CortexM0\ARM_GCC_473\Debug\Cm0Start.o

.data           0x200000c8       0x80 load address 0x00001768
                0x200000c8                __cy_region_start_data = .
 *(.jcr)
 .jcr           0x200000c8        0x0 c:/program files (x86)/cypress/psoc creator/3.0/psoc creator/import/gnu_cs/arm/4.7.3/bin/../lib/gcc/arm-none-eabi/4.7.3/armv6-m/crtbegin.o
 .jcr           0x200000c8        0x4 c:/program files (x86)/cypress/psoc creator/3.0/psoc creator/import/gnu_cs/arm/4.7.3/bin/../lib/gcc/arm-none-eabi/4.7.3/armv6-m/crtend.o
 *(.got.plt)
 *(.got)
 *(.shdata)
 *(.data .data.* .gnu.linkonce.d.*)
 .data          0x200000cc        0x4 .\CortexM0\ARM_GCC_473\Debug\BMTester.a(cyfitter_cfg.o)
 .data          0x200000d0       0x10 .\CortexM0\ARM_GCC_473\Debug\BMTester.a(CyLib.o)
                0x200000d0                cydelayFreqHz
                0x200000d4                cydelayFreqKhz
                0x200000d8                cydelayFreqMhz
                0x200000dc                cydelay32kMs
 .data.impure_data
                0x200000e0       0x64 c:/program files (x86)/cypress/psoc creator/3.0/psoc creator/import/gnu_cs/arm/4.7.3/bin/../lib/gcc/arm-none-eabi/4.7.3/../../../../arm-none-eabi/lib/armv6-m\libc_s.a(lib_a-impure.o)
 .data._impure_ptr
                0x20000144        0x4 c:/program files (x86)/cypress/psoc creator/3.0/psoc creator/import/gnu_cs/arm/4.7.3/bin/../lib/gcc/arm-none-eabi/4.7.3/../../../../arm-none-eabi/lib/armv6-m\libc_s.a(lib_a-impure.o)
                0x20000144                _impure_ptr
                0x20000148                . = ALIGN (0x8)
 *(.ram)
                0x20000148                _edata = .

.igot.plt       0x20000148        0x0 load address 0x000017e8
 .igot.plt      0x00000000        0x0 c:/program files (x86)/cypress/psoc creator/3.0/psoc creator/import/gnu_cs/arm/4.7.3/bin/../lib/gcc/arm-none-eabi/4.7.3/armv6-m/crtbegin.o

.bss            0x20000148       0x40 load address 0x000017e8
                0x20000148                PROVIDE (__bss_start__, .)
 *(.shbss)
 *(.bss .bss.* .gnu.linkonce.b.*)
 .bss           0x20000148       0x1c c:/program files (x86)/cypress/psoc creator/3.0/psoc creator/import/gnu_cs/arm/4.7.3/bin/../lib/gcc/arm-none-eabi/4.7.3/armv6-m/crtbegin.o
 .bss           0x20000164        0xc .\CortexM0\ARM_GCC_473\Debug\BMTester.a(ButtonMatrix01_1_API.o)
                0x20000164                ButtonMatrix01_1_keyStates
 .bss           0x20000170        0x8 .\CortexM0\ARM_GCC_473\Debug\BMTester.a(UART.o)
                0x20000170                UART_initVar
                0x20000174                UART_customIntrHandler
 .bss.__malloc_free_list
                0x20000178        0x4 c:/program files (x86)/cypress/psoc creator/3.0/psoc creator/import/gnu_cs/arm/4.7.3/bin/../lib/gcc/arm-none-eabi/4.7.3/../../../../arm-none-eabi/lib/armv6-m\libc_s.a(lib_a-mallocr.o)
                0x20000178                __malloc_free_list
 .bss.heap_end.4231
                0x2000017c        0x4 c:/program files (x86)/cypress/psoc creator/3.0/psoc creator/import/gnu_cs/arm/4.7.3/bin/../lib/gcc/arm-none-eabi/4.7.3/../../../../arm-none-eabi/lib/armv6-m\libnosys.a(sbrk.o)
 *(COMMON)
 COMMON         0x20000180        0x4 c:/program files (x86)/cypress/psoc creator/3.0/psoc creator/import/gnu_cs/arm/4.7.3/bin/../lib/gcc/arm-none-eabi/4.7.3/../../../../arm-none-eabi/lib/armv6-m\libc_s.a(lib_a-reent.o)
                0x20000180                errno
                0x20000188                . = ALIGN (0x8)
 *fill*         0x20000184        0x4 00
 *(.ram.b)
                0x20000188                _end = .
                0x20000188                __end = .
                0x20000188                PROVIDE (end, .)
                0x20000188                PROVIDE (__bss_end__, .)
                0x00001768                __cy_region_init_ram = LOADADDR (.data)
                0x00000080                __cy_region_init_size_ram = (_edata - ADDR (.data))
                0x00000040                __cy_region_zero_size_ram = (_end - _edata)

.heap           0x20000188      0x100 load address 0x000017e8
                0x20000188                . = _end
                0x20000288                . = (. + 0x100)
 *fill*         0x20000188      0x100 00
                0x20000288                __cy_heap_limit = .

.stack          0x20000c00      0x400
                0x20000c00                __cy_stack_limit = .
                0x20001000                . = (. + 0x400)
 *fill*         0x20000c00      0x400 00
                0x00000001                ASSERT ((__cy_stack_limit >= __cy_heap_limit), region RAM overflowed with stack)

.cyloadermeta
 *(.cyloadermeta)

.cyloadablemeta
 *(.cyloadablemeta)

.cyflashprotect
                0x90400000       0x20
 *(.cyflashprotect)
 .cyflashprotect
                0x90400000       0x20 .\CortexM0\ARM_GCC_473\Debug\cymetadata.o
                0x90400000                cy_meta_flashprotect

.cymeta         0x90500000        0xc
 *(.cymeta)
 .cymeta        0x90500000        0xc .\CortexM0\ARM_GCC_473\Debug\cymetadata.o
                0x90500000                cy_metadata

.cychipprotect  0x90600000        0x4
 *(.cychipprotect)
 .cychipprotect
                0x90600000        0x4 .\CortexM0\ARM_GCC_473\Debug\cymetadata.o
                0x90600000                cy_meta_chipprotect

.rel.dyn        0x000017e8        0x0 load address 0x90600004
 .rel.iplt      0x00000000        0x0 c:/program files (x86)/cypress/psoc creator/3.0/psoc creator/import/gnu_cs/arm/4.7.3/bin/../lib/gcc/arm-none-eabi/4.7.3/armv6-m/crtbegin.o

.stab
 *(.stab)

.stabstr
 *(.stabstr)

.debug
 *(.debug)

.line
 *(.line)

.debug_srcinfo
 *(.debug_srcinfo)

.debug_sfnames
 *(.debug_sfnames)

.debug_aranges  0x00000000      0x748
 *(.debug_aranges)
 .debug_aranges
                0x00000000       0x20 .\CortexM0\ARM_GCC_473\Debug\main.o
 .debug_aranges
                0x00000020       0x18 .\CortexM0\ARM_GCC_473\Debug\cymetadata.o
 .debug_aranges
                0x00000038       0x40 .\CortexM0\ARM_GCC_473\Debug\Cm0Start.o
 .debug_aranges
                0x00000078       0x58 .\CortexM0\ARM_GCC_473\Debug\BMTester.a(cyfitter_cfg.o)
 .debug_aranges
                0x000000d0       0x80 .\CortexM0\ARM_GCC_473\Debug\BMTester.a(ButtonMatrix01_1_API.o)
 .debug_aranges
                0x00000150       0x20 .\CortexM0\ARM_GCC_473\Debug\BMTester.a(ButtonMatrix01_1_UDefKeyActions.o)
 .debug_aranges
                0x00000170       0x40 .\CortexM0\ARM_GCC_473\Debug\BMTester.a(ButtonMatrix01_1_BM_A.o)
 .debug_aranges
                0x000001b0       0x40 .\CortexM0\ARM_GCC_473\Debug\BMTester.a(ButtonMatrix01_1_BM_1.o)
 .debug_aranges
                0x000001f0       0x40 .\CortexM0\ARM_GCC_473\Debug\BMTester.a(ButtonMatrix01_1_BM_2.o)
 .debug_aranges
                0x00000230       0x40 .\CortexM0\ARM_GCC_473\Debug\BMTester.a(ButtonMatrix01_1_BM_3.o)
 .debug_aranges
                0x00000270       0x40 .\CortexM0\ARM_GCC_473\Debug\BMTester.a(ButtonMatrix01_1_BM_4.o)
 .debug_aranges
                0x000002b0       0x40 .\CortexM0\ARM_GCC_473\Debug\BMTester.a(ButtonMatrix01_1_BM_B.o)
 .debug_aranges
                0x000002f0       0x40 .\CortexM0\ARM_GCC_473\Debug\BMTester.a(ButtonMatrix01_1_BM_C.o)
 .debug_aranges
                0x00000330       0x80 .\CortexM0\ARM_GCC_473\Debug\BMTester.a(ButtonMatrix01_1_ISR_A.o)
 .debug_aranges
                0x000003b0       0x80 .\CortexM0\ARM_GCC_473\Debug\BMTester.a(ButtonMatrix01_1_ISR_B.o)
 .debug_aranges
                0x00000430       0x80 .\CortexM0\ARM_GCC_473\Debug\BMTester.a(ButtonMatrix01_1_ISR_C.o)
 .debug_aranges
                0x000004b0       0x20 .\CortexM0\ARM_GCC_473\Debug\BMTester.a(CyBootAsmGnu.o)
 .debug_aranges
                0x000004d0      0x1a0 .\CortexM0\ARM_GCC_473\Debug\BMTester.a(CyLib.o)
 .debug_aranges
                0x00000670       0x50 .\CortexM0\ARM_GCC_473\Debug\BMTester.a(UART.o)
 .debug_aranges
                0x000006c0       0x40 .\CortexM0\ARM_GCC_473\Debug\BMTester.a(UART_UART.o)
 .debug_aranges
                0x00000700       0x48 .\CortexM0\ARM_GCC_473\Debug\BMTester.a(UART_SPI_UART.o)

.debug_pubnames
 *(.debug_pubnames)

.debug_info     0x00000000     0x2f89
 *(.debug_info .gnu.linkonce.wi.*)
 .debug_info    0x00000000       0xa5 .\CortexM0\ARM_GCC_473\Debug\main.o
 .debug_info    0x000000a5      0x100 .\CortexM0\ARM_GCC_473\Debug\cymetadata.o
 .debug_info    0x000001a5      0x2c0 .\CortexM0\ARM_GCC_473\Debug\Cm0Start.o
 .debug_info    0x00000465      0x475 .\CortexM0\ARM_GCC_473\Debug\BMTester.a(cyfitter_cfg.o)
 .debug_info    0x000008da      0x35e .\CortexM0\ARM_GCC_473\Debug\BMTester.a(ButtonMatrix01_1_API.o)
 .debug_info    0x00000c38      0x168 .\CortexM0\ARM_GCC_473\Debug\BMTester.a(ButtonMatrix01_1_UDefKeyActions.o)
 .debug_info    0x00000da0      0x168 .\CortexM0\ARM_GCC_473\Debug\BMTester.a(ButtonMatrix01_1_BM_A.o)
 .debug_info    0x00000f08      0x168 .\CortexM0\ARM_GCC_473\Debug\BMTester.a(ButtonMatrix01_1_BM_1.o)
 .debug_info    0x00001070      0x168 .\CortexM0\ARM_GCC_473\Debug\BMTester.a(ButtonMatrix01_1_BM_2.o)
 .debug_info    0x000011d8      0x168 .\CortexM0\ARM_GCC_473\Debug\BMTester.a(ButtonMatrix01_1_BM_3.o)
 .debug_info    0x00001340      0x168 .\CortexM0\ARM_GCC_473\Debug\BMTester.a(ButtonMatrix01_1_BM_4.o)
 .debug_info    0x000014a8      0x168 .\CortexM0\ARM_GCC_473\Debug\BMTester.a(ButtonMatrix01_1_BM_B.o)
 .debug_info    0x00001610      0x168 .\CortexM0\ARM_GCC_473\Debug\BMTester.a(ButtonMatrix01_1_BM_C.o)
 .debug_info    0x00001778      0x288 .\CortexM0\ARM_GCC_473\Debug\BMTester.a(ButtonMatrix01_1_ISR_A.o)
 .debug_info    0x00001a00      0x288 .\CortexM0\ARM_GCC_473\Debug\BMTester.a(ButtonMatrix01_1_ISR_B.o)
 .debug_info    0x00001c88      0x288 .\CortexM0\ARM_GCC_473\Debug\BMTester.a(ButtonMatrix01_1_ISR_C.o)
 .debug_info    0x00001f10       0xa8 .\CortexM0\ARM_GCC_473\Debug\BMTester.a(CyBootAsmGnu.o)
 .debug_info    0x00001fb8      0xac5 .\CortexM0\ARM_GCC_473\Debug\BMTester.a(CyLib.o)
 .debug_info    0x00002a7d      0x197 .\CortexM0\ARM_GCC_473\Debug\BMTester.a(UART.o)
 .debug_info    0x00002c14      0x1a8 .\CortexM0\ARM_GCC_473\Debug\BMTester.a(UART_UART.o)
 .debug_info    0x00002dbc      0x1cd .\CortexM0\ARM_GCC_473\Debug\BMTester.a(UART_SPI_UART.o)

.debug_abbrev   0x00000000     0x126f
 *(.debug_abbrev)
 .debug_abbrev  0x00000000       0x44 .\CortexM0\ARM_GCC_473\Debug\main.o
 .debug_abbrev  0x00000044       0x5d .\CortexM0\ARM_GCC_473\Debug\cymetadata.o
 .debug_abbrev  0x000000a1      0x164 .\CortexM0\ARM_GCC_473\Debug\Cm0Start.o
 .debug_abbrev  0x00000205      0x18c .\CortexM0\ARM_GCC_473\Debug\BMTester.a(cyfitter_cfg.o)
 .debug_abbrev  0x00000391       0xf8 .\CortexM0\ARM_GCC_473\Debug\BMTester.a(ButtonMatrix01_1_API.o)
 .debug_abbrev  0x00000489       0x99 .\CortexM0\ARM_GCC_473\Debug\BMTester.a(ButtonMatrix01_1_UDefKeyActions.o)
 .debug_abbrev  0x00000522       0xac .\CortexM0\ARM_GCC_473\Debug\BMTester.a(ButtonMatrix01_1_BM_A.o)
 .debug_abbrev  0x000005ce       0xac .\CortexM0\ARM_GCC_473\Debug\BMTester.a(ButtonMatrix01_1_BM_1.o)
 .debug_abbrev  0x0000067a       0xac .\CortexM0\ARM_GCC_473\Debug\BMTester.a(ButtonMatrix01_1_BM_2.o)
 .debug_abbrev  0x00000726       0xac .\CortexM0\ARM_GCC_473\Debug\BMTester.a(ButtonMatrix01_1_BM_3.o)
 .debug_abbrev  0x000007d2       0xac .\CortexM0\ARM_GCC_473\Debug\BMTester.a(ButtonMatrix01_1_BM_4.o)
 .debug_abbrev  0x0000087e       0xac .\CortexM0\ARM_GCC_473\Debug\BMTester.a(ButtonMatrix01_1_BM_B.o)
 .debug_abbrev  0x0000092a       0xac .\CortexM0\ARM_GCC_473\Debug\BMTester.a(ButtonMatrix01_1_BM_C.o)
 .debug_abbrev  0x000009d6      0x16a .\CortexM0\ARM_GCC_473\Debug\BMTester.a(ButtonMatrix01_1_ISR_A.o)
 .debug_abbrev  0x00000b40      0x16a .\CortexM0\ARM_GCC_473\Debug\BMTester.a(ButtonMatrix01_1_ISR_B.o)
 .debug_abbrev  0x00000caa      0x16a .\CortexM0\ARM_GCC_473\Debug\BMTester.a(ButtonMatrix01_1_ISR_C.o)
 .debug_abbrev  0x00000e14       0x14 .\CortexM0\ARM_GCC_473\Debug\BMTester.a(CyBootAsmGnu.o)
 .debug_abbrev  0x00000e28      0x1a2 .\CortexM0\ARM_GCC_473\Debug\BMTester.a(CyLib.o)
 .debug_abbrev  0x00000fca       0xc5 .\CortexM0\ARM_GCC_473\Debug\BMTester.a(UART.o)
 .debug_abbrev  0x0000108f       0xd2 .\CortexM0\ARM_GCC_473\Debug\BMTester.a(UART_UART.o)
 .debug_abbrev  0x00001161      0x10e .\CortexM0\ARM_GCC_473\Debug\BMTester.a(UART_SPI_UART.o)

.debug_line     0x00000000     0x182e
 *(.debug_line)
 .debug_line    0x00000000       0x45 .\CortexM0\ARM_GCC_473\Debug\main.o
 .debug_line    0x00000045       0x53 .\CortexM0\ARM_GCC_473\Debug\cymetadata.o
 .debug_line    0x00000098      0x19b .\CortexM0\ARM_GCC_473\Debug\Cm0Start.o
 .debug_line    0x00000233      0x1ba .\CortexM0\ARM_GCC_473\Debug\BMTester.a(cyfitter_cfg.o)
 .debug_line    0x000003ed      0x24b .\CortexM0\ARM_GCC_473\Debug\BMTester.a(ButtonMatrix01_1_API.o)
 .debug_line    0x00000638       0x87 .\CortexM0\ARM_GCC_473\Debug\BMTester.a(ButtonMatrix01_1_UDefKeyActions.o)
 .debug_line    0x000006bf       0xbb .\CortexM0\ARM_GCC_473\Debug\BMTester.a(ButtonMatrix01_1_BM_A.o)
 .debug_line    0x0000077a       0xbb .\CortexM0\ARM_GCC_473\Debug\BMTester.a(ButtonMatrix01_1_BM_1.o)
 .debug_line    0x00000835       0xbb .\CortexM0\ARM_GCC_473\Debug\BMTester.a(ButtonMatrix01_1_BM_2.o)
 .debug_line    0x000008f0       0xbb .\CortexM0\ARM_GCC_473\Debug\BMTester.a(ButtonMatrix01_1_BM_3.o)
 .debug_line    0x000009ab       0xbb .\CortexM0\ARM_GCC_473\Debug\BMTester.a(ButtonMatrix01_1_BM_4.o)
 .debug_line    0x00000a66       0xbb .\CortexM0\ARM_GCC_473\Debug\BMTester.a(ButtonMatrix01_1_BM_B.o)
 .debug_line    0x00000b21       0xbb .\CortexM0\ARM_GCC_473\Debug\BMTester.a(ButtonMatrix01_1_BM_C.o)
 .debug_line    0x00000bdc      0x165 .\CortexM0\ARM_GCC_473\Debug\BMTester.a(ButtonMatrix01_1_ISR_A.o)
 .debug_line    0x00000d41      0x155 .\CortexM0\ARM_GCC_473\Debug\BMTester.a(ButtonMatrix01_1_ISR_B.o)
 .debug_line    0x00000e96      0x165 .\CortexM0\ARM_GCC_473\Debug\BMTester.a(ButtonMatrix01_1_ISR_C.o)
 .debug_line    0x00000ffb       0x68 .\CortexM0\ARM_GCC_473\Debug\BMTester.a(CyBootAsmGnu.o)
 .debug_line    0x00001063      0x541 .\CortexM0\ARM_GCC_473\Debug\BMTester.a(CyLib.o)
 .debug_line    0x000015a4       0xd6 .\CortexM0\ARM_GCC_473\Debug\BMTester.a(UART.o)
 .debug_line    0x0000167a       0xce .\CortexM0\ARM_GCC_473\Debug\BMTester.a(UART_UART.o)
 .debug_line    0x00001748       0xe6 .\CortexM0\ARM_GCC_473\Debug\BMTester.a(UART_SPI_UART.o)

.debug_frame    0x00000000     0x199c
 *(.debug_frame)
 .debug_frame   0x00000000       0x2c .\CortexM0\ARM_GCC_473\Debug\main.o
 .debug_frame   0x0000002c       0xa8 .\CortexM0\ARM_GCC_473\Debug\Cm0Start.o
 .debug_frame   0x000000d4      0x108 .\CortexM0\ARM_GCC_473\Debug\BMTester.a(cyfitter_cfg.o)
 .debug_frame   0x000001dc      0x1a4 .\CortexM0\ARM_GCC_473\Debug\BMTester.a(ButtonMatrix01_1_API.o)
 .debug_frame   0x00000380       0x30 .\CortexM0\ARM_GCC_473\Debug\BMTester.a(ButtonMatrix01_1_UDefKeyActions.o)
 .debug_frame   0x000003b0       0xa8 .\CortexM0\ARM_GCC_473\Debug\BMTester.a(ButtonMatrix01_1_BM_A.o)
 .debug_frame   0x00000458       0xa8 .\CortexM0\ARM_GCC_473\Debug\BMTester.a(ButtonMatrix01_1_BM_1.o)
 .debug_frame   0x00000500       0xa8 .\CortexM0\ARM_GCC_473\Debug\BMTester.a(ButtonMatrix01_1_BM_2.o)
 .debug_frame   0x000005a8       0xa8 .\CortexM0\ARM_GCC_473\Debug\BMTester.a(ButtonMatrix01_1_BM_3.o)
 .debug_frame   0x00000650       0xa8 .\CortexM0\ARM_GCC_473\Debug\BMTester.a(ButtonMatrix01_1_BM_4.o)
 .debug_frame   0x000006f8       0xa8 .\CortexM0\ARM_GCC_473\Debug\BMTester.a(ButtonMatrix01_1_BM_B.o)
 .debug_frame   0x000007a0       0xa8 .\CortexM0\ARM_GCC_473\Debug\BMTester.a(ButtonMatrix01_1_BM_C.o)
 .debug_frame   0x00000848      0x190 .\CortexM0\ARM_GCC_473\Debug\BMTester.a(ButtonMatrix01_1_ISR_A.o)
 .debug_frame   0x000009d8      0x190 .\CortexM0\ARM_GCC_473\Debug\BMTester.a(ButtonMatrix01_1_ISR_B.o)
 .debug_frame   0x00000b68      0x190 .\CortexM0\ARM_GCC_473\Debug\BMTester.a(ButtonMatrix01_1_ISR_C.o)
 .debug_frame   0x00000cf8      0x628 .\CortexM0\ARM_GCC_473\Debug\BMTester.a(CyLib.o)
 .debug_frame   0x00001320       0xd8 .\CortexM0\ARM_GCC_473\Debug\BMTester.a(UART.o)
 .debug_frame   0x000013f8       0xac .\CortexM0\ARM_GCC_473\Debug\BMTester.a(UART_UART.o)
 .debug_frame   0x000014a4       0xcc .\CortexM0\ARM_GCC_473\Debug\BMTester.a(UART_SPI_UART.o)
 .debug_frame   0x00001570       0x20 c:/program files (x86)/cypress/psoc creator/3.0/psoc creator/import/gnu_cs/arm/4.7.3/bin/../lib/gcc/arm-none-eabi/4.7.3/armv6-m\libgcc.a(_udivsi3.o)
 .debug_frame   0x00001590       0x20 c:/program files (x86)/cypress/psoc creator/3.0/psoc creator/import/gnu_cs/arm/4.7.3/bin/../lib/gcc/arm-none-eabi/4.7.3/armv6-m\libgcc.a(_divsi3.o)
 .debug_frame   0x000015b0       0x28 c:/program files (x86)/cypress/psoc creator/3.0/psoc creator/import/gnu_cs/arm/4.7.3/bin/../lib/gcc/arm-none-eabi/4.7.3/../../../../arm-none-eabi/lib/armv6-m\libc_s.a(lib_a-__atexit2.o)
 .debug_frame   0x000015d8       0x28 c:/program files (x86)/cypress/psoc creator/3.0/psoc creator/import/gnu_cs/arm/4.7.3/bin/../lib/gcc/arm-none-eabi/4.7.3/../../../../arm-none-eabi/lib/armv6-m\libc_s.a(lib_a-exit.o)
 .debug_frame   0x00001600       0x2c c:/program files (x86)/cypress/psoc creator/3.0/psoc creator/import/gnu_cs/arm/4.7.3/bin/../lib/gcc/arm-none-eabi/4.7.3/../../../../arm-none-eabi/lib/armv6-m\libc_s.a(lib_a-fini.o)
 .debug_frame   0x0000162c       0x2c c:/program files (x86)/cypress/psoc creator/3.0/psoc creator/import/gnu_cs/arm/4.7.3/bin/../lib/gcc/arm-none-eabi/4.7.3/../../../../arm-none-eabi/lib/armv6-m\libc_s.a(lib_a-init.o)
 .debug_frame   0x00001658       0x28 c:/program files (x86)/cypress/psoc creator/3.0/psoc creator/import/gnu_cs/arm/4.7.3/bin/../lib/gcc/arm-none-eabi/4.7.3/../../../../arm-none-eabi/lib/armv6-m\libc_s.a(lib_a-memcpy.o)
 .debug_frame   0x00001680       0x28 c:/program files (x86)/cypress/psoc creator/3.0/psoc creator/import/gnu_cs/arm/4.7.3/bin/../lib/gcc/arm-none-eabi/4.7.3/../../../../arm-none-eabi/lib/armv6-m\libc_s.a(lib_a-memset.o)
 .debug_frame   0x000016a8       0x4c c:/program files (x86)/cypress/psoc creator/3.0/psoc creator/import/gnu_cs/arm/4.7.3/bin/../lib/gcc/arm-none-eabi/4.7.3/../../../../arm-none-eabi/lib/armv6-m\libc_s.a(lib_a-sprintf.o)
 .debug_frame   0x000016f4       0x78 c:/program files (x86)/cypress/psoc creator/3.0/psoc creator/import/gnu_cs/arm/4.7.3/bin/../lib/gcc/arm-none-eabi/4.7.3/../../../../arm-none-eabi/lib/armv6-m\libc_s.a(lib_a-svfprintf.o)
 .debug_frame   0x0000176c       0x54 c:/program files (x86)/cypress/psoc creator/3.0/psoc creator/import/gnu_cs/arm/4.7.3/bin/../lib/gcc/arm-none-eabi/4.7.3/../../../../arm-none-eabi/lib/armv6-m\libc_s.a(lib_a-vfprintf_i.o)
 .debug_frame   0x000017c0       0x2c c:/program files (x86)/cypress/psoc creator/3.0/psoc creator/import/gnu_cs/arm/4.7.3/bin/../lib/gcc/arm-none-eabi/4.7.3/../../../../arm-none-eabi/lib/armv6-m\libc_s.a(lib_a-freer.o)
 .debug_frame   0x000017ec       0x2c c:/program files (x86)/cypress/psoc creator/3.0/psoc creator/import/gnu_cs/arm/4.7.3/bin/../lib/gcc/arm-none-eabi/4.7.3/../../../../arm-none-eabi/lib/armv6-m\libc_s.a(lib_a-mallocr.o)
 .debug_frame   0x00001818       0x28 c:/program files (x86)/cypress/psoc creator/3.0/psoc creator/import/gnu_cs/arm/4.7.3/bin/../lib/gcc/arm-none-eabi/4.7.3/../../../../arm-none-eabi/lib/armv6-m\libc_s.a(lib_a-memchr.o)
 .debug_frame   0x00001840       0x2c c:/program files (x86)/cypress/psoc creator/3.0/psoc creator/import/gnu_cs/arm/4.7.3/bin/../lib/gcc/arm-none-eabi/4.7.3/../../../../arm-none-eabi/lib/armv6-m\libc_s.a(lib_a-memmove.o)
 .debug_frame   0x0000186c       0x30 c:/program files (x86)/cypress/psoc creator/3.0/psoc creator/import/gnu_cs/arm/4.7.3/bin/../lib/gcc/arm-none-eabi/4.7.3/../../../../arm-none-eabi/lib/armv6-m\libc_s.a(lib_a-reallocr.o)
 .debug_frame   0x0000189c       0x2c c:/program files (x86)/cypress/psoc creator/3.0/psoc creator/import/gnu_cs/arm/4.7.3/bin/../lib/gcc/arm-none-eabi/4.7.3/../../../../arm-none-eabi/lib/armv6-m\libc_s.a(lib_a-sbrkr.o)
 .debug_frame   0x000018c8       0x20 c:/program files (x86)/cypress/psoc creator/3.0/psoc creator/import/gnu_cs/arm/4.7.3/bin/../lib/gcc/arm-none-eabi/4.7.3/../../../../arm-none-eabi/lib/armv6-m\libc_s.a(lib_a-strlen.o)
 .debug_frame   0x000018e8       0x28 c:/program files (x86)/cypress/psoc creator/3.0/psoc creator/import/gnu_cs/arm/4.7.3/bin/../lib/gcc/arm-none-eabi/4.7.3/../../../../arm-none-eabi/lib/armv6-m\libc_s.a(lib_a-msizer.o)
 .debug_frame   0x00001910       0x64 c:/program files (x86)/cypress/psoc creator/3.0/psoc creator/import/gnu_cs/arm/4.7.3/bin/../lib/gcc/arm-none-eabi/4.7.3/../../../../arm-none-eabi/lib/armv6-m\libc_s.a(lib_a-reent.o)
 .debug_frame   0x00001974       0x28 c:/program files (x86)/cypress/psoc creator/3.0/psoc creator/import/gnu_cs/arm/4.7.3/bin/../lib/gcc/arm-none-eabi/4.7.3/../../../../arm-none-eabi/lib/armv6-m\libnosys.a(sbrk.o)

.debug_str      0x00000000     0x19b6
 *(.debug_str)
 .debug_str     0x00000000      0x115 .\CortexM0\ARM_GCC_473\Debug\main.o
                                0x14e (size before relaxing)
 .debug_str     0x00000115       0x61 .\CortexM0\ARM_GCC_473\Debug\cymetadata.o
                                0x1a1 (size before relaxing)
 .debug_str     0x00000176      0x117 .\CortexM0\ARM_GCC_473\Debug\Cm0Start.o
                                0x26a (size before relaxing)
 .debug_str     0x0000028d      0x1a0 .\CortexM0\ARM_GCC_473\Debug\BMTester.a(cyfitter_cfg.o)
                                0x329 (size before relaxing)
 .debug_str     0x0000042d      0x294 .\CortexM0\ARM_GCC_473\Debug\BMTester.a(ButtonMatrix01_1_API.o)
                                0x3d4 (size before relaxing)
 .debug_str     0x000006c1       0x4c .\CortexM0\ARM_GCC_473\Debug\BMTester.a(ButtonMatrix01_1_UDefKeyActions.o)
                                0x226 (size before relaxing)
 .debug_str     0x0000070d       0xea .\CortexM0\ARM_GCC_473\Debug\BMTester.a(ButtonMatrix01_1_BM_A.o)
                                0x23a (size before relaxing)
 .debug_str     0x000007f7       0xd2 .\CortexM0\ARM_GCC_473\Debug\BMTester.a(ButtonMatrix01_1_BM_1.o)
                                0x23a (size before relaxing)
 .debug_str     0x000008c9       0xd2 .\CortexM0\ARM_GCC_473\Debug\BMTester.a(ButtonMatrix01_1_BM_2.o)
                                0x23a (size before relaxing)
 .debug_str     0x0000099b       0xd2 .\CortexM0\ARM_GCC_473\Debug\BMTester.a(ButtonMatrix01_1_BM_3.o)
                                0x23a (size before relaxing)
 .debug_str     0x00000a6d       0xd2 .\CortexM0\ARM_GCC_473\Debug\BMTester.a(ButtonMatrix01_1_BM_4.o)
                                0x23a (size before relaxing)
 .debug_str     0x00000b3f       0xd2 .\CortexM0\ARM_GCC_473\Debug\BMTester.a(ButtonMatrix01_1_BM_B.o)
                                0x23a (size before relaxing)
 .debug_str     0x00000c11       0xd2 .\CortexM0\ARM_GCC_473\Debug\BMTester.a(ButtonMatrix01_1_BM_C.o)
                                0x23a (size before relaxing)
 .debug_str     0x00000ce3      0x1fd .\CortexM0\ARM_GCC_473\Debug\BMTester.a(ButtonMatrix01_1_ISR_A.o)
                                0x372 (size before relaxing)
 .debug_str     0x00000ee0      0x1d6 .\CortexM0\ARM_GCC_473\Debug\BMTester.a(ButtonMatrix01_1_ISR_B.o)
                                0x372 (size before relaxing)
 .debug_str     0x000010b6      0x1d6 .\CortexM0\ARM_GCC_473\Debug\BMTester.a(ButtonMatrix01_1_ISR_C.o)
                                0x372 (size before relaxing)
 .debug_str     0x0000128c      0x4da .\CortexM0\ARM_GCC_473\Debug\BMTester.a(CyLib.o)
                                0x67d (size before relaxing)
 .debug_str     0x00001766       0xb7 .\CortexM0\ARM_GCC_473\Debug\BMTester.a(UART.o)
                                0x217 (size before relaxing)
 .debug_str     0x0000181d       0xb6 .\CortexM0\ARM_GCC_473\Debug\BMTester.a(UART_UART.o)
                                0x212 (size before relaxing)
 .debug_str     0x000018d3       0xe3 .\CortexM0\ARM_GCC_473\Debug\BMTester.a(UART_SPI_UART.o)
                                0x241 (size before relaxing)

.debug_loc      0x00000000     0x219a
 *(.debug_loc)
 .debug_loc     0x00000000       0x2c .\CortexM0\ARM_GCC_473\Debug\main.o
 .debug_loc     0x0000002c      0x100 .\CortexM0\ARM_GCC_473\Debug\Cm0Start.o
 .debug_loc     0x0000012c      0x1a8 .\CortexM0\ARM_GCC_473\Debug\BMTester.a(cyfitter_cfg.o)
 .debug_loc     0x000002d4      0x284 .\CortexM0\ARM_GCC_473\Debug\BMTester.a(ButtonMatrix01_1_API.o)
 .debug_loc     0x00000558       0x3a .\CortexM0\ARM_GCC_473\Debug\BMTester.a(ButtonMatrix01_1_UDefKeyActions.o)
 .debug_loc     0x00000592      0x100 .\CortexM0\ARM_GCC_473\Debug\BMTester.a(ButtonMatrix01_1_BM_A.o)
 .debug_loc     0x00000692      0x100 .\CortexM0\ARM_GCC_473\Debug\BMTester.a(ButtonMatrix01_1_BM_1.o)
 .debug_loc     0x00000792      0x100 .\CortexM0\ARM_GCC_473\Debug\BMTester.a(ButtonMatrix01_1_BM_2.o)
 .debug_loc     0x00000892      0x100 .\CortexM0\ARM_GCC_473\Debug\BMTester.a(ButtonMatrix01_1_BM_3.o)
 .debug_loc     0x00000992      0x100 .\CortexM0\ARM_GCC_473\Debug\BMTester.a(ButtonMatrix01_1_BM_4.o)
 .debug_loc     0x00000a92      0x100 .\CortexM0\ARM_GCC_473\Debug\BMTester.a(ButtonMatrix01_1_BM_B.o)
 .debug_loc     0x00000b92      0x100 .\CortexM0\ARM_GCC_473\Debug\BMTester.a(ButtonMatrix01_1_BM_C.o)
 .debug_loc     0x00000c92      0x26c .\CortexM0\ARM_GCC_473\Debug\BMTester.a(ButtonMatrix01_1_ISR_A.o)
 .debug_loc     0x00000efe      0x26c .\CortexM0\ARM_GCC_473\Debug\BMTester.a(ButtonMatrix01_1_ISR_B.o)
 .debug_loc     0x0000116a      0x26c .\CortexM0\ARM_GCC_473\Debug\BMTester.a(ButtonMatrix01_1_ISR_C.o)
 .debug_loc     0x000013d6      0xa34 .\CortexM0\ARM_GCC_473\Debug\BMTester.a(CyLib.o)
 .debug_loc     0x00001e0a      0x140 .\CortexM0\ARM_GCC_473\Debug\BMTester.a(UART.o)
 .debug_loc     0x00001f4a      0x10c .\CortexM0\ARM_GCC_473\Debug\BMTester.a(UART_UART.o)
 .debug_loc     0x00002056      0x144 .\CortexM0\ARM_GCC_473\Debug\BMTester.a(UART_SPI_UART.o)

.debug_macinfo
 *(.debug_macinfo)

.debug_ranges   0x00000000      0x5e0
 *(.debug_ranges)
 .debug_ranges  0x00000000       0x10 .\CortexM0\ARM_GCC_473\Debug\main.o
 .debug_ranges  0x00000010       0x30 .\CortexM0\ARM_GCC_473\Debug\Cm0Start.o
 .debug_ranges  0x00000040       0x48 .\CortexM0\ARM_GCC_473\Debug\BMTester.a(cyfitter_cfg.o)
 .debug_ranges  0x00000088       0x70 .\CortexM0\ARM_GCC_473\Debug\BMTester.a(ButtonMatrix01_1_API.o)
 .debug_ranges  0x000000f8       0x10 .\CortexM0\ARM_GCC_473\Debug\BMTester.a(ButtonMatrix01_1_UDefKeyActions.o)
 .debug_ranges  0x00000108       0x30 .\CortexM0\ARM_GCC_473\Debug\BMTester.a(ButtonMatrix01_1_BM_A.o)
 .debug_ranges  0x00000138       0x30 .\CortexM0\ARM_GCC_473\Debug\BMTester.a(ButtonMatrix01_1_BM_1.o)
 .debug_ranges  0x00000168       0x30 .\CortexM0\ARM_GCC_473\Debug\BMTester.a(ButtonMatrix01_1_BM_2.o)
 .debug_ranges  0x00000198       0x30 .\CortexM0\ARM_GCC_473\Debug\BMTester.a(ButtonMatrix01_1_BM_3.o)
 .debug_ranges  0x000001c8       0x30 .\CortexM0\ARM_GCC_473\Debug\BMTester.a(ButtonMatrix01_1_BM_4.o)
 .debug_ranges  0x000001f8       0x30 .\CortexM0\ARM_GCC_473\Debug\BMTester.a(ButtonMatrix01_1_BM_B.o)
 .debug_ranges  0x00000228       0x30 .\CortexM0\ARM_GCC_473\Debug\BMTester.a(ButtonMatrix01_1_BM_C.o)
 .debug_ranges  0x00000258       0x70 .\CortexM0\ARM_GCC_473\Debug\BMTester.a(ButtonMatrix01_1_ISR_A.o)
 .debug_ranges  0x000002c8       0x70 .\CortexM0\ARM_GCC_473\Debug\BMTester.a(ButtonMatrix01_1_ISR_B.o)
 .debug_ranges  0x00000338       0x70 .\CortexM0\ARM_GCC_473\Debug\BMTester.a(ButtonMatrix01_1_ISR_C.o)
 .debug_ranges  0x000003a8      0x190 .\CortexM0\ARM_GCC_473\Debug\BMTester.a(CyLib.o)
 .debug_ranges  0x00000538       0x40 .\CortexM0\ARM_GCC_473\Debug\BMTester.a(UART.o)
 .debug_ranges  0x00000578       0x30 .\CortexM0\ARM_GCC_473\Debug\BMTester.a(UART_UART.o)
 .debug_ranges  0x000005a8       0x38 .\CortexM0\ARM_GCC_473\Debug\BMTester.a(UART_SPI_UART.o)

.comment        0x00000000       0x70
 .comment       0x00000000       0x70 .\CortexM0\ARM_GCC_473\Debug\main.o
                                 0x71 (size before relaxing)
 .comment       0x00000000       0x71 .\CortexM0\ARM_GCC_473\Debug\cymetadata.o
 .comment       0x00000000       0x71 .\CortexM0\ARM_GCC_473\Debug\Cm0Start.o
 .comment       0x00000000       0x71 .\CortexM0\ARM_GCC_473\Debug\BMTester.a(cyfitter_cfg.o)
 .comment       0x00000000       0x71 .\CortexM0\ARM_GCC_473\Debug\BMTester.a(ButtonMatrix01_1_API.o)
 .comment       0x00000000       0x71 .\CortexM0\ARM_GCC_473\Debug\BMTester.a(ButtonMatrix01_1_UDefKeyActions.o)
 .comment       0x00000000       0x71 .\CortexM0\ARM_GCC_473\Debug\BMTester.a(ButtonMatrix01_1_BM_A.o)
 .comment       0x00000000       0x71 .\CortexM0\ARM_GCC_473\Debug\BMTester.a(ButtonMatrix01_1_BM_1.o)
 .comment       0x00000000       0x71 .\CortexM0\ARM_GCC_473\Debug\BMTester.a(ButtonMatrix01_1_BM_2.o)
 .comment       0x00000000       0x71 .\CortexM0\ARM_GCC_473\Debug\BMTester.a(ButtonMatrix01_1_BM_3.o)
 .comment       0x00000000       0x71 .\CortexM0\ARM_GCC_473\Debug\BMTester.a(ButtonMatrix01_1_BM_4.o)
 .comment       0x00000000       0x71 .\CortexM0\ARM_GCC_473\Debug\BMTester.a(ButtonMatrix01_1_BM_B.o)
 .comment       0x00000000       0x71 .\CortexM0\ARM_GCC_473\Debug\BMTester.a(ButtonMatrix01_1_BM_C.o)
 .comment       0x00000000       0x71 .\CortexM0\ARM_GCC_473\Debug\BMTester.a(ButtonMatrix01_1_ISR_A.o)
 .comment       0x00000000       0x71 .\CortexM0\ARM_GCC_473\Debug\BMTester.a(ButtonMatrix01_1_ISR_B.o)
 .comment       0x00000000       0x71 .\CortexM0\ARM_GCC_473\Debug\BMTester.a(ButtonMatrix01_1_ISR_C.o)
 .comment       0x00000000       0x71 .\CortexM0\ARM_GCC_473\Debug\BMTester.a(CyLib.o)
 .comment       0x00000000       0x71 .\CortexM0\ARM_GCC_473\Debug\BMTester.a(UART.o)
 .comment       0x00000000       0x71 .\CortexM0\ARM_GCC_473\Debug\BMTester.a(UART_UART.o)
 .comment       0x00000000       0x71 .\CortexM0\ARM_GCC_473\Debug\BMTester.a(UART_SPI_UART.o)

.debug_weaknames
 *(.debug_weaknames)

.debug_funcnames
 *(.debug_funcnames)

.debug_typenames
 *(.debug_typenames)

.debug_varnames
 *(.debug_varnames)

.note.gnu.arm.ident
 *(.note.gnu.arm.ident)

.ARM.attributes
                0x00000000       0x28
 *(.ARM.attributes)
 .ARM.attributes
                0x00000000       0x1e c:/program files (x86)/cypress/psoc creator/3.0/psoc creator/import/gnu_cs/arm/4.7.3/bin/../lib/gcc/arm-none-eabi/4.7.3/armv6-m/crti.o
 .ARM.attributes
                0x0000001e       0x2c c:/program files (x86)/cypress/psoc creator/3.0/psoc creator/import/gnu_cs/arm/4.7.3/bin/../lib/gcc/arm-none-eabi/4.7.3/armv6-m/crtbegin.o
 .ARM.attributes
                0x0000004a       0x1c c:/program files (x86)/cypress/psoc creator/3.0/psoc creator/import/gnu_cs/arm/4.7.3/bin/../lib/gcc/arm-none-eabi/4.7.3/../../../../arm-none-eabi/lib/armv6-m/crt0.o
 .ARM.attributes
                0x00000066       0x31 .\CortexM0\ARM_GCC_473\Debug\main.o
 .ARM.attributes
                0x00000097       0x31 .\CortexM0\ARM_GCC_473\Debug\cymetadata.o
 .ARM.attributes
                0x000000c8       0x31 .\CortexM0\ARM_GCC_473\Debug\Cm0Start.o
 .ARM.attributes
                0x000000f9       0x31 .\CortexM0\ARM_GCC_473\Debug\BMTester.a(cyfitter_cfg.o)
 .ARM.attributes
                0x0000012a       0x31 .\CortexM0\ARM_GCC_473\Debug\BMTester.a(ButtonMatrix01_1_API.o)
 .ARM.attributes
                0x0000015b       0x31 .\CortexM0\ARM_GCC_473\Debug\BMTester.a(ButtonMatrix01_1_UDefKeyActions.o)
 .ARM.attributes
                0x0000018c       0x31 .\CortexM0\ARM_GCC_473\Debug\BMTester.a(ButtonMatrix01_1_BM_A.o)
 .ARM.attributes
                0x000001bd       0x31 .\CortexM0\ARM_GCC_473\Debug\BMTester.a(ButtonMatrix01_1_BM_1.o)
 .ARM.attributes
                0x000001ee       0x31 .\CortexM0\ARM_GCC_473\Debug\BMTester.a(ButtonMatrix01_1_BM_2.o)
 .ARM.attributes
                0x0000021f       0x31 .\CortexM0\ARM_GCC_473\Debug\BMTester.a(ButtonMatrix01_1_BM_3.o)
 .ARM.attributes
                0x00000250       0x31 .\CortexM0\ARM_GCC_473\Debug\BMTester.a(ButtonMatrix01_1_BM_4.o)
 .ARM.attributes
                0x00000281       0x31 .\CortexM0\ARM_GCC_473\Debug\BMTester.a(ButtonMatrix01_1_BM_B.o)
 .ARM.attributes
                0x000002b2       0x31 .\CortexM0\ARM_GCC_473\Debug\BMTester.a(ButtonMatrix01_1_BM_C.o)
 .ARM.attributes
                0x000002e3       0x31 .\CortexM0\ARM_GCC_473\Debug\BMTester.a(ButtonMatrix01_1_ISR_A.o)
 .ARM.attributes
                0x00000314       0x31 .\CortexM0\ARM_GCC_473\Debug\BMTester.a(ButtonMatrix01_1_ISR_B.o)
 .ARM.attributes
                0x00000345       0x31 .\CortexM0\ARM_GCC_473\Debug\BMTester.a(ButtonMatrix01_1_ISR_C.o)
 .ARM.attributes
                0x00000376       0x21 .\CortexM0\ARM_GCC_473\Debug\BMTester.a(CyBootAsmGnu.o)
 .ARM.attributes
                0x00000397       0x31 .\CortexM0\ARM_GCC_473\Debug\BMTester.a(CyLib.o)
 .ARM.attributes
                0x000003c8       0x31 .\CortexM0\ARM_GCC_473\Debug\BMTester.a(UART.o)
 .ARM.attributes
                0x000003f9       0x31 .\CortexM0\ARM_GCC_473\Debug\BMTester.a(UART_UART.o)
 .ARM.attributes
                0x0000042a       0x31 .\CortexM0\ARM_GCC_473\Debug\BMTester.a(UART_SPI_UART.o)
 .ARM.attributes
                0x0000045b       0x1e c:/program files (x86)/cypress/psoc creator/3.0/psoc creator/import/gnu_cs/arm/4.7.3/bin/../lib/gcc/arm-none-eabi/4.7.3/armv6-m\libgcc.a(_udivsi3.o)
 .ARM.attributes
                0x00000479       0x1e c:/program files (x86)/cypress/psoc creator/3.0/psoc creator/import/gnu_cs/arm/4.7.3/bin/../lib/gcc/arm-none-eabi/4.7.3/armv6-m\libgcc.a(_divsi3.o)
 .ARM.attributes
                0x00000497       0x1e c:/program files (x86)/cypress/psoc creator/3.0/psoc creator/import/gnu_cs/arm/4.7.3/bin/../lib/gcc/arm-none-eabi/4.7.3/armv6-m\libgcc.a(_dvmd_tls.o)
 .ARM.attributes
                0x000004b5       0x2c c:/program files (x86)/cypress/psoc creator/3.0/psoc creator/import/gnu_cs/arm/4.7.3/bin/../lib/gcc/arm-none-eabi/4.7.3/../../../../arm-none-eabi/lib/armv6-m\libc_s.a(lib_a-__atexit2.o)
 .ARM.attributes
                0x000004e1       0x2c c:/program files (x86)/cypress/psoc creator/3.0/psoc creator/import/gnu_cs/arm/4.7.3/bin/../lib/gcc/arm-none-eabi/4.7.3/../../../../arm-none-eabi/lib/armv6-m\libc_s.a(lib_a-exit.o)
 .ARM.attributes
                0x0000050d       0x2c c:/program files (x86)/cypress/psoc creator/3.0/psoc creator/import/gnu_cs/arm/4.7.3/bin/../lib/gcc/arm-none-eabi/4.7.3/../../../../arm-none-eabi/lib/armv6-m\libc_s.a(lib_a-fini.o)
 .ARM.attributes
                0x00000539       0x2c c:/program files (x86)/cypress/psoc creator/3.0/psoc creator/import/gnu_cs/arm/4.7.3/bin/../lib/gcc/arm-none-eabi/4.7.3/../../../../arm-none-eabi/lib/armv6-m\libc_s.a(lib_a-impure.o)
 .ARM.attributes
                0x00000565       0x2c c:/program files (x86)/cypress/psoc creator/3.0/psoc creator/import/gnu_cs/arm/4.7.3/bin/../lib/gcc/arm-none-eabi/4.7.3/../../../../arm-none-eabi/lib/armv6-m\libc_s.a(lib_a-init.o)
 .ARM.attributes
                0x00000591       0x2c c:/program files (x86)/cypress/psoc creator/3.0/psoc creator/import/gnu_cs/arm/4.7.3/bin/../lib/gcc/arm-none-eabi/4.7.3/../../../../arm-none-eabi/lib/armv6-m\libc_s.a(lib_a-memcpy.o)
 .ARM.attributes
                0x000005bd       0x2c c:/program files (x86)/cypress/psoc creator/3.0/psoc creator/import/gnu_cs/arm/4.7.3/bin/../lib/gcc/arm-none-eabi/4.7.3/../../../../arm-none-eabi/lib/armv6-m\libc_s.a(lib_a-memset.o)
 .ARM.attributes
                0x000005e9       0x2c c:/program files (x86)/cypress/psoc creator/3.0/psoc creator/import/gnu_cs/arm/4.7.3/bin/../lib/gcc/arm-none-eabi/4.7.3/../../../../arm-none-eabi/lib/armv6-m\libc_s.a(lib_a-sprintf.o)
 .ARM.attributes
                0x00000615       0x2c c:/program files (x86)/cypress/psoc creator/3.0/psoc creator/import/gnu_cs/arm/4.7.3/bin/../lib/gcc/arm-none-eabi/4.7.3/../../../../arm-none-eabi/lib/armv6-m\libc_s.a(lib_a-svfprintf.o)
 .ARM.attributes
                0x00000641       0x2c c:/program files (x86)/cypress/psoc creator/3.0/psoc creator/import/gnu_cs/arm/4.7.3/bin/../lib/gcc/arm-none-eabi/4.7.3/../../../../arm-none-eabi/lib/armv6-m\libc_s.a(lib_a-vfprintf_i.o)
 .ARM.attributes
                0x0000066d       0x2c c:/program files (x86)/cypress/psoc creator/3.0/psoc creator/import/gnu_cs/arm/4.7.3/bin/../lib/gcc/arm-none-eabi/4.7.3/../../../../arm-none-eabi/lib/armv6-m\libc_s.a(lib_a-freer.o)
 .ARM.attributes
                0x00000699       0x2c c:/program files (x86)/cypress/psoc creator/3.0/psoc creator/import/gnu_cs/arm/4.7.3/bin/../lib/gcc/arm-none-eabi/4.7.3/../../../../arm-none-eabi/lib/armv6-m\libc_s.a(lib_a-mallocr.o)
 .ARM.attributes
                0x000006c5       0x2c c:/program files (x86)/cypress/psoc creator/3.0/psoc creator/import/gnu_cs/arm/4.7.3/bin/../lib/gcc/arm-none-eabi/4.7.3/../../../../arm-none-eabi/lib/armv6-m\libc_s.a(lib_a-memchr.o)
 .ARM.attributes
                0x000006f1       0x2c c:/program files (x86)/cypress/psoc creator/3.0/psoc creator/import/gnu_cs/arm/4.7.3/bin/../lib/gcc/arm-none-eabi/4.7.3/../../../../arm-none-eabi/lib/armv6-m\libc_s.a(lib_a-memmove.o)
 .ARM.attributes
                0x0000071d       0x2c c:/program files (x86)/cypress/psoc creator/3.0/psoc creator/import/gnu_cs/arm/4.7.3/bin/../lib/gcc/arm-none-eabi/4.7.3/../../../../arm-none-eabi/lib/armv6-m\libc_s.a(lib_a-reallocr.o)
 .ARM.attributes
                0x00000749       0x2c c:/program files (x86)/cypress/psoc creator/3.0/psoc creator/import/gnu_cs/arm/4.7.3/bin/../lib/gcc/arm-none-eabi/4.7.3/../../../../arm-none-eabi/lib/armv6-m\libc_s.a(lib_a-sbrkr.o)
 .ARM.attributes
                0x00000775       0x2c c:/program files (x86)/cypress/psoc creator/3.0/psoc creator/import/gnu_cs/arm/4.7.3/bin/../lib/gcc/arm-none-eabi/4.7.3/../../../../arm-none-eabi/lib/armv6-m\libc_s.a(lib_a-strlen.o)
 .ARM.attributes
                0x000007a1       0x2c c:/program files (x86)/cypress/psoc creator/3.0/psoc creator/import/gnu_cs/arm/4.7.3/bin/../lib/gcc/arm-none-eabi/4.7.3/../../../../arm-none-eabi/lib/armv6-m\libc_s.a(lib_a-msizer.o)
 .ARM.attributes
                0x000007cd       0x2c c:/program files (x86)/cypress/psoc creator/3.0/psoc creator/import/gnu_cs/arm/4.7.3/bin/../lib/gcc/arm-none-eabi/4.7.3/../../../../arm-none-eabi/lib/armv6-m\libc_s.a(lib_a-reent.o)
 .ARM.attributes
                0x000007f9       0x2c c:/program files (x86)/cypress/psoc creator/3.0/psoc creator/import/gnu_cs/arm/4.7.3/bin/../lib/gcc/arm-none-eabi/4.7.3/armv6-m/crtend.o
 .ARM.attributes
                0x00000825       0x1e c:/program files (x86)/cypress/psoc creator/3.0/psoc creator/import/gnu_cs/arm/4.7.3/bin/../lib/gcc/arm-none-eabi/4.7.3/armv6-m/crtn.o
 .ARM.attributes
                0x00000843       0x2c c:/program files (x86)/cypress/psoc creator/3.0/psoc creator/import/gnu_cs/arm/4.7.3/bin/../lib/gcc/arm-none-eabi/4.7.3/../../../../arm-none-eabi/lib/armv6-m\libnosys.a(sbrk.o)

/DISCARD/
 *(.note.GNU-stack)
OUTPUT(.\CortexM0\ARM_GCC_473\Debug\BMTester.elf elf32-littlearm)
